<!doctype html public "-//w3c//dtd html 4.0 transitional//en">
<html><head>
<title>Static Call Graph - [..\OBJ\Template.axf]</title></head>
<body><HR>
<H1>Static Call Graph for image ..\OBJ\Template.axf</H1><HR>
<BR><P>#&#060CALLGRAPH&#062# ARM Linker, 5060300: Last Updated: Tue Jan 15 15:18:20 2019
<BR><P>
<H3>Maximum Stack Usage =        816 bytes + Unknown(Functions without stacksize, Cycles, Untraceable Function Pointers)</H3><H3>
Call chain for Maximum Stack Depth:</H3>
jmp_storage_read_task &rArr; jmp_storage_buff_fill &rArr; fopen &rArr; _freopen_locked &rArr; _sys_open &rArr; __sys_open &rArr; fat_open &rArr; path_create &rArr; frec_find &rArr; entry_pos_set &rArr; set_next_clus &rArr; cache_fat
<P>
<H3>
Functions with no stack information
</H3><UL>
 <LI><a href="#[127]">__user_initial_stackheap</a>
</UL>
</UL>
<P>
<H3>
Mutually Recursive functions
</H3> <LI><a href="#[42]">ADC_IRQHandler</a>&nbsp;&nbsp;&nbsp;&rArr;&nbsp;&nbsp;&nbsp;<a href="#[42]">ADC_IRQHandler</a><BR>
</UL>
<P>
<H3>
Function Pointers
</H3><UL>
 <LI><a href="#[42]">ADC_IRQHandler</a> from startup_stm32f446xx.o(.text) referenced from startup_stm32f446xx.o(RESET)
 <LI><a href="#[91]">AppTaskLED</a> from main.o(i.AppTaskLED) referenced from main.o(i.AppTaskStart)
 <LI><a href="#[a0]">AppTaskStart</a> from main.o(i.AppTaskStart) referenced from main.o(i.main)
 <LI><a href="#[93]">AppTaskUSB</a> from main.o(i.AppTaskUSB) referenced from main.o(i.AppTaskStart)
 <LI><a href="#[2a]">BusFault_Handler</a> from stm32f4xx_it.o(i.BusFault_Handler) referenced from startup_stm32f446xx.o(RESET)
 <LI><a href="#[44]">CAN1_RX0_IRQHandler</a> from startup_stm32f446xx.o(.text) referenced from startup_stm32f446xx.o(RESET)
 <LI><a href="#[45]">CAN1_RX1_IRQHandler</a> from startup_stm32f446xx.o(.text) referenced from startup_stm32f446xx.o(RESET)
 <LI><a href="#[46]">CAN1_SCE_IRQHandler</a> from startup_stm32f446xx.o(.text) referenced from startup_stm32f446xx.o(RESET)
 <LI><a href="#[43]">CAN1_TX_IRQHandler</a> from startup_stm32f446xx.o(.text) referenced from startup_stm32f446xx.o(RESET)
 <LI><a href="#[6e]">CAN2_RX0_IRQHandler</a> from startup_stm32f446xx.o(.text) referenced from startup_stm32f446xx.o(RESET)
 <LI><a href="#[6f]">CAN2_RX1_IRQHandler</a> from startup_stm32f446xx.o(.text) referenced from startup_stm32f446xx.o(RESET)
 <LI><a href="#[70]">CAN2_SCE_IRQHandler</a> from startup_stm32f446xx.o(.text) referenced from startup_stm32f446xx.o(RESET)
 <LI><a href="#[6d]">CAN2_TX_IRQHandler</a> from startup_stm32f446xx.o(.text) referenced from startup_stm32f446xx.o(RESET)
 <LI><a href="#[82]">CEC_IRQHandler</a> from startup_stm32f446xx.o(.text) referenced from startup_stm32f446xx.o(RESET)
 <LI><a href="#[7c]">DCMI_IRQHandler</a> from startup_stm32f446xx.o(.text) referenced from startup_stm32f446xx.o(RESET)
 <LI><a href="#[3b]">DMA1_Stream0_IRQHandler</a> from startup_stm32f446xx.o(.text) referenced from startup_stm32f446xx.o(RESET)
 <LI><a href="#[3c]">DMA1_Stream1_IRQHandler</a> from startup_stm32f446xx.o(.text) referenced from startup_stm32f446xx.o(RESET)
 <LI><a href="#[3d]">DMA1_Stream2_IRQHandler</a> from startup_stm32f446xx.o(.text) referenced from startup_stm32f446xx.o(RESET)
 <LI><a href="#[3e]">DMA1_Stream3_IRQHandler</a> from startup_stm32f446xx.o(.text) referenced from startup_stm32f446xx.o(RESET)
 <LI><a href="#[3f]">DMA1_Stream4_IRQHandler</a> from startup_stm32f446xx.o(.text) referenced from startup_stm32f446xx.o(RESET)
 <LI><a href="#[40]">DMA1_Stream5_IRQHandler</a> from startup_stm32f446xx.o(.text) referenced from startup_stm32f446xx.o(RESET)
 <LI><a href="#[41]">DMA1_Stream6_IRQHandler</a> from startup_stm32f446xx.o(.text) referenced from startup_stm32f446xx.o(RESET)
 <LI><a href="#[5f]">DMA1_Stream7_IRQHandler</a> from startup_stm32f446xx.o(.text) referenced from startup_stm32f446xx.o(RESET)
 <LI><a href="#[68]">DMA2_Stream0_IRQHandler</a> from startup_stm32f446xx.o(.text) referenced from startup_stm32f446xx.o(RESET)
 <LI><a href="#[69]">DMA2_Stream1_IRQHandler</a> from startup_stm32f446xx.o(.text) referenced from startup_stm32f446xx.o(RESET)
 <LI><a href="#[6a]">DMA2_Stream2_IRQHandler</a> from startup_stm32f446xx.o(.text) referenced from startup_stm32f446xx.o(RESET)
 <LI><a href="#[6b]">DMA2_Stream3_IRQHandler</a> from startup_stm32f446xx.o(.text) referenced from startup_stm32f446xx.o(RESET)
 <LI><a href="#[6c]">DMA2_Stream4_IRQHandler</a> from startup_stm32f446xx.o(.text) referenced from startup_stm32f446xx.o(RESET)
 <LI><a href="#[72]">DMA2_Stream5_IRQHandler</a> from startup_stm32f446xx.o(.text) referenced from startup_stm32f446xx.o(RESET)
 <LI><a href="#[73]">DMA2_Stream6_IRQHandler</a> from startup_stm32f446xx.o(.text) referenced from startup_stm32f446xx.o(RESET)
 <LI><a href="#[74]">DMA2_Stream7_IRQHandler</a> from startup_stm32f446xx.o(.text) referenced from startup_stm32f446xx.o(RESET)
 <LI><a href="#[2d]">DebugMon_Handler</a> from stm32f4xx_it.o(i.DebugMon_Handler) referenced from startup_stm32f446xx.o(RESET)
 <LI><a href="#[a8]">DeviceCtrl0</a> from fs_usbh_msc.o(i.DeviceCtrl0) referenced from fs_usbh_msc.o(.constdata)
 <LI><a href="#[ae]">DeviceCtrl1</a> from fs_usbh_msc.o(i.DeviceCtrl1) referenced from fs_usbh_msc.o(.constdata)
 <LI><a href="#[36]">EXTI0_IRQHandler</a> from startup_stm32f446xx.o(.text) referenced from startup_stm32f446xx.o(RESET)
 <LI><a href="#[58]">EXTI15_10_IRQHandler</a> from startup_stm32f446xx.o(.text) referenced from startup_stm32f446xx.o(RESET)
 <LI><a href="#[37]">EXTI1_IRQHandler</a> from startup_stm32f446xx.o(.text) referenced from startup_stm32f446xx.o(RESET)
 <LI><a href="#[38]">EXTI2_IRQHandler</a> from startup_stm32f446xx.o(.text) referenced from startup_stm32f446xx.o(RESET)
 <LI><a href="#[39]">EXTI3_IRQHandler</a> from startup_stm32f446xx.o(.text) referenced from startup_stm32f446xx.o(RESET)
 <LI><a href="#[3a]">EXTI4_IRQHandler</a> from startup_stm32f446xx.o(.text) referenced from startup_stm32f446xx.o(RESET)
 <LI><a href="#[47]">EXTI9_5_IRQHandler</a> from startup_stm32f446xx.o(.text) referenced from startup_stm32f446xx.o(RESET)
 <LI><a href="#[34]">FLASH_IRQHandler</a> from startup_stm32f446xx.o(.text) referenced from startup_stm32f446xx.o(RESET)
 <LI><a href="#[60]">FMC_IRQHandler</a> from startup_stm32f446xx.o(.text) referenced from startup_stm32f446xx.o(RESET)
 <LI><a href="#[7d]">FPU_IRQHandler</a> from startup_stm32f446xx.o(.text) referenced from startup_stm32f446xx.o(RESET)
 <LI><a href="#[28]">HardFault_Handler</a> from stm32f4xx_it.o(i.HardFault_Handler) referenced from startup_stm32f446xx.o(RESET)
 <LI><a href="#[50]">I2C1_ER_IRQHandler</a> from startup_stm32f446xx.o(.text) referenced from startup_stm32f446xx.o(RESET)
 <LI><a href="#[4f]">I2C1_EV_IRQHandler</a> from startup_stm32f446xx.o(.text) referenced from startup_stm32f446xx.o(RESET)
 <LI><a href="#[52]">I2C2_ER_IRQHandler</a> from startup_stm32f446xx.o(.text) referenced from startup_stm32f446xx.o(RESET)
 <LI><a href="#[51]">I2C2_EV_IRQHandler</a> from startup_stm32f446xx.o(.text) referenced from startup_stm32f446xx.o(RESET)
 <LI><a href="#[77]">I2C3_ER_IRQHandler</a> from startup_stm32f446xx.o(.text) referenced from startup_stm32f446xx.o(RESET)
 <LI><a href="#[76]">I2C3_EV_IRQHandler</a> from startup_stm32f446xx.o(.text) referenced from startup_stm32f446xx.o(RESET)
 <LI><a href="#[85]">I2C4_Error_IRQHandler</a> from startup_stm32f446xx.o(.text) referenced from startup_stm32f446xx.o(RESET)
 <LI><a href="#[84]">I2C4_Event_IRQHandler</a> from startup_stm32f446xx.o(.text) referenced from startup_stm32f446xx.o(RESET)
 <LI><a href="#[a3]">Init0</a> from fs_usbh_msc.o(i.Init0) referenced from fs_usbh_msc.o(.constdata)
 <LI><a href="#[a9]">Init1</a> from fs_usbh_msc.o(i.Init1) referenced from fs_usbh_msc.o(.constdata)
 <LI><a href="#[29]">MemManage_Handler</a> from stm32f4xx_it.o(i.MemManage_Handler) referenced from startup_stm32f446xx.o(RESET)
 <LI><a href="#[27]">NMI_Handler</a> from stm32f4xx_it.o(i.NMI_Handler) referenced from startup_stm32f446xx.o(RESET)
 <LI><a href="#[71]">OTG_FS_IRQHandler</a> from usbh_stm32f40x.o(i.OTG_FS_IRQHandler) referenced from startup_stm32f446xx.o(RESET)
 <LI><a href="#[5a]">OTG_FS_WKUP_IRQHandler</a> from startup_stm32f446xx.o(.text) referenced from startup_stm32f446xx.o(RESET)
 <LI><a href="#[79]">OTG_HS_EP1_IN_IRQHandler</a> from startup_stm32f446xx.o(.text) referenced from startup_stm32f446xx.o(RESET)
 <LI><a href="#[78]">OTG_HS_EP1_OUT_IRQHandler</a> from startup_stm32f446xx.o(.text) referenced from startup_stm32f446xx.o(RESET)
 <LI><a href="#[7b]">OTG_HS_IRQHandler</a> from usbh_stm32f40x.o(i.OTG_HS_IRQHandler) referenced from startup_stm32f446xx.o(RESET)
 <LI><a href="#[7a]">OTG_HS_WKUP_IRQHandler</a> from startup_stm32f446xx.o(.text) referenced from startup_stm32f446xx.o(RESET)
 <LI><a href="#[31]">PVD_IRQHandler</a> from startup_stm32f446xx.o(.text) referenced from startup_stm32f446xx.o(RESET)
 <LI><a href="#[2e]">PendSV_Handler</a> from hal_cm4.o(.emb_text) referenced from startup_stm32f446xx.o(RESET)
 <LI><a href="#[81]">QUADSPI_IRQHandler</a> from startup_stm32f446xx.o(.text) referenced from startup_stm32f446xx.o(RESET)
 <LI><a href="#[35]">RCC_IRQHandler</a> from startup_stm32f446xx.o(.text) referenced from startup_stm32f446xx.o(RESET)
 <LI><a href="#[59]">RTC_Alarm_IRQHandler</a> from startup_stm32f446xx.o(.text) referenced from startup_stm32f446xx.o(RESET)
 <LI><a href="#[33]">RTC_WKUP_IRQHandler</a> from startup_stm32f446xx.o(.text) referenced from startup_stm32f446xx.o(RESET)
 <LI><a href="#[a7]">ReadInfo0</a> from fs_usbh_msc.o(i.ReadInfo0) referenced from fs_usbh_msc.o(.constdata)
 <LI><a href="#[ad]">ReadInfo1</a> from fs_usbh_msc.o(i.ReadInfo1) referenced from fs_usbh_msc.o(.constdata)
 <LI><a href="#[a5]">ReadSector0</a> from fs_usbh_msc.o(i.ReadSector0) referenced from fs_usbh_msc.o(.constdata)
 <LI><a href="#[ab]">ReadSector1</a> from fs_usbh_msc.o(i.ReadSector1) referenced from fs_usbh_msc.o(.constdata)
 <LI><a href="#[26]">Reset_Handler</a> from startup_stm32f446xx.o(.text) referenced from startup_stm32f446xx.o(RESET)
 <LI><a href="#[7f]">SAI1_IRQHandler</a> from startup_stm32f446xx.o(.text) referenced from startup_stm32f446xx.o(RESET)
 <LI><a href="#[80]">SAI2_IRQHandler</a> from startup_stm32f446xx.o(.text) referenced from startup_stm32f446xx.o(RESET)
 <LI><a href="#[61]">SDIO_IRQHandler</a> from startup_stm32f446xx.o(.text) referenced from startup_stm32f446xx.o(RESET)
 <LI><a href="#[83]">SPDIF_RX_IRQHandler</a> from startup_stm32f446xx.o(.text) referenced from startup_stm32f446xx.o(RESET)
 <LI><a href="#[53]">SPI1_IRQHandler</a> from startup_stm32f446xx.o(.text) referenced from startup_stm32f446xx.o(RESET)
 <LI><a href="#[54]">SPI2_IRQHandler</a> from startup_stm32f446xx.o(.text) referenced from startup_stm32f446xx.o(RESET)
 <LI><a href="#[63]">SPI3_IRQHandler</a> from startup_stm32f446xx.o(.text) referenced from startup_stm32f446xx.o(RESET)
 <LI><a href="#[7e]">SPI4_IRQHandler</a> from startup_stm32f446xx.o(.text) referenced from startup_stm32f446xx.o(RESET)
 <LI><a href="#[2c]">SVC_Handler</a> from hal_cm4.o(.emb_text) referenced from startup_stm32f446xx.o(RESET)
 <LI><a href="#[2f]">SysTick_Handler</a> from hal_cm4.o(.emb_text) referenced from startup_stm32f446xx.o(RESET)
 <LI><a href="#[88]">SystemInit</a> from system_stm32f4xx.o(i.SystemInit) referenced from startup_stm32f446xx.o(.text)
 <LI><a href="#[32]">TAMP_STAMP_IRQHandler</a> from startup_stm32f446xx.o(.text) referenced from startup_stm32f446xx.o(RESET)
 <LI><a href="#[48]">TIM1_BRK_TIM9_IRQHandler</a> from startup_stm32f446xx.o(.text) referenced from startup_stm32f446xx.o(RESET)
 <LI><a href="#[4b]">TIM1_CC_IRQHandler</a> from startup_stm32f446xx.o(.text) referenced from startup_stm32f446xx.o(RESET)
 <LI><a href="#[4a]">TIM1_TRG_COM_TIM11_IRQHandler</a> from startup_stm32f446xx.o(.text) referenced from startup_stm32f446xx.o(RESET)
 <LI><a href="#[49]">TIM1_UP_TIM10_IRQHandler</a> from startup_stm32f446xx.o(.text) referenced from startup_stm32f446xx.o(RESET)
 <LI><a href="#[4c]">TIM2_IRQHandler</a> from bsp_timer.o(i.TIM2_IRQHandler) referenced from startup_stm32f446xx.o(RESET)
 <LI><a href="#[4d]">TIM3_IRQHandler</a> from bsp_timer.o(i.TIM3_IRQHandler) referenced from startup_stm32f446xx.o(RESET)
 <LI><a href="#[4e]">TIM4_IRQHandler</a> from bsp_timer.o(i.TIM4_IRQHandler) referenced from startup_stm32f446xx.o(RESET)
 <LI><a href="#[62]">TIM5_IRQHandler</a> from startup_stm32f446xx.o(.text) referenced from startup_stm32f446xx.o(RESET)
 <LI><a href="#[66]">TIM6_DAC_IRQHandler</a> from startup_stm32f446xx.o(.text) referenced from startup_stm32f446xx.o(RESET)
 <LI><a href="#[67]">TIM7_IRQHandler</a> from startup_stm32f446xx.o(.text) referenced from startup_stm32f446xx.o(RESET)
 <LI><a href="#[5b]">TIM8_BRK_TIM12_IRQHandler</a> from startup_stm32f446xx.o(.text) referenced from startup_stm32f446xx.o(RESET)
 <LI><a href="#[5e]">TIM8_CC_IRQHandler</a> from startup_stm32f446xx.o(.text) referenced from startup_stm32f446xx.o(RESET)
 <LI><a href="#[5d]">TIM8_TRG_COM_TIM14_IRQHandler</a> from startup_stm32f446xx.o(.text) referenced from startup_stm32f446xx.o(RESET)
 <LI><a href="#[5c]">TIM8_UP_TIM13_IRQHandler</a> from startup_stm32f446xx.o(.text) referenced from startup_stm32f446xx.o(RESET)
 <LI><a href="#[64]">UART4_IRQHandler</a> from startup_stm32f446xx.o(.text) referenced from startup_stm32f446xx.o(RESET)
 <LI><a href="#[65]">UART5_IRQHandler</a> from startup_stm32f446xx.o(.text) referenced from startup_stm32f446xx.o(RESET)
 <LI><a href="#[55]">USART1_IRQHandler</a> from bsp_uart.o(i.USART1_IRQHandler) referenced from startup_stm32f446xx.o(RESET)
 <LI><a href="#[56]">USART2_IRQHandler</a> from bsp_uart.o(i.USART2_IRQHandler) referenced from startup_stm32f446xx.o(RESET)
 <LI><a href="#[57]">USART3_IRQHandler</a> from startup_stm32f446xx.o(.text) referenced from startup_stm32f446xx.o(RESET)
 <LI><a href="#[75]">USART6_IRQHandler</a> from startup_stm32f446xx.o(.text) referenced from startup_stm32f446xx.o(RESET)
 <LI><a href="#[11]">USBH0_STM32_EP_Add</a> from usbh_stm32f40x.o(i.USBH0_STM32_EP_Add) referenced 2 times from usbh_stm32f40x.o(.data)
 <LI><a href="#[12]">USBH0_STM32_EP_Config</a> from usbh_stm32f40x.o(i.USBH0_STM32_EP_Config) referenced 2 times from usbh_stm32f40x.o(.data)
 <LI><a href="#[13]">USBH0_STM32_EP_Remove</a> from usbh_stm32f40x.o(i.USBH0_STM32_EP_Remove) referenced 2 times from usbh_stm32f40x.o(.data)
 <LI><a href="#[f]">USBH0_STM32_Get_Connect</a> from usbh_stm32f40x.o(i.USBH0_STM32_Get_Connect) referenced 2 times from usbh_stm32f40x.o(.data)
 <LI><a href="#[10]">USBH0_STM32_Get_Speed</a> from usbh_stm32f40x.o(i.USBH0_STM32_Get_Speed) referenced 2 times from usbh_stm32f40x.o(.data)
 <LI><a href="#[c]">USBH0_STM32_Init</a> from usbh_stm32f40x.o(i.USBH0_STM32_Init) referenced 2 times from usbh_stm32f40x.o(.data)
 <LI><a href="#[b]">USBH0_STM32_Pins_Config</a> from usbh_stm32f40x.o(i.USBH0_STM32_Pins_Config) referenced 2 times from usbh_stm32f40x.o(.data)
 <LI><a href="#[d]">USBH0_STM32_Port_Power</a> from usbh_stm32f40x.o(i.USBH0_STM32_Port_Power) referenced 2 times from usbh_stm32f40x.o(.data)
 <LI><a href="#[e]">USBH0_STM32_Port_Reset</a> from usbh_stm32f40x.o(i.USBH0_STM32_Port_Reset) referenced 2 times from usbh_stm32f40x.o(.data)
 <LI><a href="#[15]">USBH0_STM32_URB_Cancel</a> from usbh_stm32f40x.o(i.USBH0_STM32_URB_Cancel) referenced 2 times from usbh_stm32f40x.o(.data)
 <LI><a href="#[14]">USBH0_STM32_URB_Submit</a> from usbh_stm32f40x.o(i.USBH0_STM32_URB_Submit) referenced 2 times from usbh_stm32f40x.o(.data)
 <LI><a href="#[1c]">USBH1_STM32_EP_Add</a> from usbh_stm32f40x.o(i.USBH1_STM32_EP_Add) referenced 2 times from usbh_stm32f40x.o(.data)
 <LI><a href="#[1d]">USBH1_STM32_EP_Config</a> from usbh_stm32f40x.o(i.USBH1_STM32_EP_Config) referenced 2 times from usbh_stm32f40x.o(.data)
 <LI><a href="#[1e]">USBH1_STM32_EP_Remove</a> from usbh_stm32f40x.o(i.USBH1_STM32_EP_Remove) referenced 2 times from usbh_stm32f40x.o(.data)
 <LI><a href="#[1a]">USBH1_STM32_Get_Connect</a> from usbh_stm32f40x.o(i.USBH1_STM32_Get_Connect) referenced 2 times from usbh_stm32f40x.o(.data)
 <LI><a href="#[1b]">USBH1_STM32_Get_Speed</a> from usbh_stm32f40x.o(i.USBH1_STM32_Get_Speed) referenced 2 times from usbh_stm32f40x.o(.data)
 <LI><a href="#[17]">USBH1_STM32_Init</a> from usbh_stm32f40x.o(i.USBH1_STM32_Init) referenced 2 times from usbh_stm32f40x.o(.data)
 <LI><a href="#[16]">USBH1_STM32_Pins_Config</a> from usbh_stm32f40x.o(i.USBH1_STM32_Pins_Config) referenced 2 times from usbh_stm32f40x.o(.data)
 <LI><a href="#[18]">USBH1_STM32_Port_Power</a> from usbh_stm32f40x.o(i.USBH1_STM32_Port_Power) referenced 2 times from usbh_stm32f40x.o(.data)
 <LI><a href="#[19]">USBH1_STM32_Port_Reset</a> from usbh_stm32f40x.o(i.USBH1_STM32_Port_Reset) referenced 2 times from usbh_stm32f40x.o(.data)
 <LI><a href="#[20]">USBH1_STM32_URB_Cancel</a> from usbh_stm32f40x.o(i.USBH1_STM32_URB_Cancel) referenced 2 times from usbh_stm32f40x.o(.data)
 <LI><a href="#[1f]">USBH1_STM32_URB_Submit</a> from usbh_stm32f40x.o(i.USBH1_STM32_URB_Submit) referenced 2 times from usbh_stm32f40x.o(.data)
 <LI><a href="#[21]">USBH_MSC_Config</a> from usbh_msc.o(i.USBH_MSC_Config) referenced 2 times from usbh_msc.o(.data)
 <LI><a href="#[25]">USBH_MSC_GetLastError</a> from usbh_msc.o(i.USBH_MSC_GetLastError) referenced 2 times from usbh_msc.o(.data)
 <LI><a href="#[23]">USBH_MSC_Init</a> from usbh_msc.o(i.USBH_MSC_Init) referenced 2 times from usbh_msc.o(.data)
 <LI><a href="#[22]">USBH_MSC_UnConfig</a> from usbh_msc.o(i.USBH_MSC_UnConfig) referenced 2 times from usbh_msc.o(.data)
 <LI><a href="#[24]">USBH_MSC_UnInit</a> from usbh_msc.o(i.USBH_MSC_UnInit) referenced 2 times from usbh_msc.o(.data)
 <LI><a href="#[a]">USBH_STM32_Delay_ms</a> from usbh_stm32f40x.o(i.USBH_STM32_Delay_ms) referenced 4 times from usbh_stm32f40x.o(.data)
 <LI><a href="#[9]">USBH_STM32_Get_Capabilities</a> from usbh_stm32f40x.o(i.USBH_STM32_Get_Capabilities) referenced 4 times from usbh_stm32f40x.o(.data)
 <LI><a href="#[a4]">UnInit0</a> from fs_usbh_msc.o(i.UnInit0) referenced from fs_usbh_msc.o(.constdata)
 <LI><a href="#[aa]">UnInit1</a> from fs_usbh_msc.o(i.UnInit1) referenced from fs_usbh_msc.o(.constdata)
 <LI><a href="#[2b]">UsageFault_Handler</a> from stm32f4xx_it.o(i.UsageFault_Handler) referenced from startup_stm32f446xx.o(RESET)
 <LI><a href="#[30]">WWDG_IRQHandler</a> from startup_stm32f446xx.o(.text) referenced from startup_stm32f446xx.o(RESET)
 <LI><a href="#[a6]">WriteSector0</a> from fs_usbh_msc.o(i.WriteSector0) referenced from fs_usbh_msc.o(.constdata)
 <LI><a href="#[ac]">WriteSector1</a> from fs_usbh_msc.o(i.WriteSector1) referenced from fs_usbh_msc.o(.constdata)
 <LI><a href="#[af]">__main</a> from __main.o(!!!main) referenced from startup_stm32f446xx.o(.text)
 <LI><a href="#[8e]">_get_lc_ctype</a> from lc_ctype_c.o(locale$$code) referenced from rt_ctype_table.o(.text)
 <LI><a href="#[8f]">_printf_input_char</a> from _printf_char_common.o(.text) referenced from _printf_char_common.o(.text)
 <LI><a href="#[8c]">_sbackspace</a> from _sgetc.o(.text) referenced from strtod.o(.text)
 <LI><a href="#[8b]">_sgetc</a> from _sgetc.o(.text) referenced from strtod.o(.text)
 <LI><a href="#[8a]">fputc</a> from bsp_uart.o(i.fputc) referenced from _printf_char_file.o(.text)
 <LI><a href="#[8d]">isspace</a> from isspace.o(.text) referenced from strtod.o(.text)
 <LI><a href="#[96]">jmp_command_execution_task</a> from jmp_command_execution.o(i.jmp_command_execution_task) referenced from jmp_command_execution.o(i.jmp_command_execution_init)
 <LI><a href="#[9a]">jmp_gui_printing_main_task</a> from jmp_gui.o(i.jmp_gui_printing_main_task) referenced from jmp_gui.o(i.jmp_gui_init)
 <LI><a href="#[99]">jmp_gui_task</a> from jmp_gui.o(i.jmp_gui_task) referenced from jmp_gui.o(i.jmp_gui_init)
 <LI><a href="#[9e]">jmp_motion_task</a> from jmp_motion.o(i.jmp_motion_task) referenced from jmp_motion.o(i.jmp_motion_init)
 <LI><a href="#[9f]">jmp_storage_read_task</a> from jmp_storage_read.o(i.jmp_storage_read_task) referenced from jmp_storage_read.o(i.jmp_storage_read_init)
 <LI><a href="#[a2]">os_idle_demon</a> from rtx_conf_cm.o(i.os_idle_demon) referenced from rt_task.o(i.rt_sys_init)
 <LI><a href="#[86]">rt_alloc_box</a> from rt_membox.o(i.rt_alloc_box) referenced from hal_cm4.o(.emb_text)
 <LI><a href="#[90]">rt_dly_wait</a> from rt_time.o(i.rt_dly_wait) referenced from main.o(i.AppTaskLED)
 <LI><a href="#[90]">rt_dly_wait</a> from rt_time.o(i.rt_dly_wait) referenced from main.o(i.AppTaskStart)
 <LI><a href="#[90]">rt_dly_wait</a> from rt_time.o(i.rt_dly_wait) referenced from app_usb.o(i.app_usb_task)
 <LI><a href="#[90]">rt_dly_wait</a> from rt_time.o(i.rt_dly_wait) referenced from jmp_command_execution.o(i.jmp_command_execution_task)
 <LI><a href="#[90]">rt_dly_wait</a> from rt_time.o(i.rt_dly_wait) referenced from jmp_gcode_analysis.o(i.jmp_gcode_get_line)
 <LI><a href="#[90]">rt_dly_wait</a> from rt_time.o(i.rt_dly_wait) referenced from jmp_gui.o(i.jmp_gui_printing_main_task)
 <LI><a href="#[90]">rt_dly_wait</a> from rt_time.o(i.rt_dly_wait) referenced from jmp_gui.o(i.jmp_gui_task)
 <LI><a href="#[90]">rt_dly_wait</a> from rt_time.o(i.rt_dly_wait) referenced 3 times from jmp_motion.o(i.jmp_motion_find_home)
 <LI><a href="#[90]">rt_dly_wait</a> from rt_time.o(i.rt_dly_wait) referenced from jmp_motion.o(i.jmp_motion_task)
 <LI><a href="#[90]">rt_dly_wait</a> from rt_time.o(i.rt_dly_wait) referenced from jmp_storage_read.o(i.jmp_storage_read_task)
 <LI><a href="#[90]">rt_dly_wait</a> from rt_time.o(i.rt_dly_wait) referenced from planner.o(i.plan_buffer_line)
 <LI><a href="#[87]">rt_free_box</a> from rt_membox.o(i.rt_free_box) referenced from hal_cm4.o(.emb_text)
 <LI><a href="#[95]">rt_mut_release</a> from rt_mutex.o(i.rt_mut_release) referenced from rtx_conf_cm.o(i._mutex_release)
 <LI><a href="#[94]">rt_mut_wait</a> from rt_mutex.o(i.rt_mut_wait) referenced from rtx_conf_cm.o(i._mutex_acquire)
 <LI><a href="#[98]">rt_sem_init</a> from rt_semaphore.o(i.rt_sem_init) referenced from jmp_gui.o(i.jmp_gui_init)
 <LI><a href="#[98]">rt_sem_init</a> from rt_semaphore.o(i.rt_sem_init) referenced from jmp_storage_read.o(i.jmp_storage_read_init)
 <LI><a href="#[97]">rt_sem_send</a> from rt_semaphore.o(i.rt_sem_send) referenced from jmp_gcode_analysis.o(i.jmp_gcode_get_line)
 <LI><a href="#[97]">rt_sem_send</a> from rt_semaphore.o(i.rt_sem_send) referenced from jmp_gui.o(i.jmp_gui_start_print)
 <LI><a href="#[9b]">rt_sem_wait</a> from rt_semaphore.o(i.rt_sem_wait) referenced from jmp_gui.o(i.jmp_gui_printing_main_task)
 <LI><a href="#[9b]">rt_sem_wait</a> from rt_semaphore.o(i.rt_sem_wait) referenced from jmp_gui.o(i.jmp_gui_task)
 <LI><a href="#[9b]">rt_sem_wait</a> from rt_semaphore.o(i.rt_sem_wait) referenced from jmp_storage_read.o(i.jmp_storage_read_task)
 <LI><a href="#[a1]">rt_sys_init</a> from rt_task.o(i.rt_sys_init) referenced from main.o(i.main)
 <LI><a href="#[92]">rt_tsk_create</a> from rt_task.o(i.rt_tsk_create) referenced from main.o(i.AppTaskStart)
 <LI><a href="#[92]">rt_tsk_create</a> from rt_task.o(i.rt_tsk_create) referenced from jmp_command_execution.o(i.jmp_command_execution_init)
 <LI><a href="#[92]">rt_tsk_create</a> from rt_task.o(i.rt_tsk_create) referenced from jmp_gui.o(i.jmp_gui_init)
 <LI><a href="#[92]">rt_tsk_create</a> from rt_task.o(i.rt_tsk_create) referenced from jmp_motion.o(i.jmp_motion_init)
 <LI><a href="#[92]">rt_tsk_create</a> from rt_task.o(i.rt_tsk_create) referenced from jmp_storage_read.o(i.jmp_storage_read_init)
 <LI><a href="#[9c]">rt_tsk_lock</a> from rt_system.o(i.rt_tsk_lock) referenced from jmp_gui.o(i.jmp_gui_printing_main_task)
 <LI><a href="#[9d]">rt_tsk_unlock</a> from rt_system.o(i.rt_tsk_unlock) referenced from jmp_gui.o(i.jmp_gui_printing_main_task)
</UL>
<P>
<H3>
Global Symbols
</H3>
<P><STRONG><a name="[af]"></a>__main</STRONG> (Thumb, 8 bytes, Stack size 0 bytes, __main.o(!!!main))
<BR><BR>[Calls]<UL><LI><a href="#[b3]">&gt;&gt;</a>&nbsp;&nbsp;&nbsp;__rt_entry
<LI><a href="#[b2]">&gt;&gt;</a>&nbsp;&nbsp;&nbsp;__scatterload
</UL>

<P><STRONG><a name="[b2]"></a>__scatterload</STRONG> (Thumb, 0 bytes, Stack size unknown bytes, __scatter.o(!!!scatter))
<BR><BR>[Called By]<UL><LI><a href="#[af]">&gt;&gt;</a>&nbsp;&nbsp;&nbsp;__main
</UL>

<P><STRONG><a name="[b4]"></a>__scatterload_rt2</STRONG> (Thumb, 44 bytes, Stack size unknown bytes, __scatter.o(!!!scatter), UNUSED)
<BR><BR>[Calls]<UL><LI><a href="#[b3]">&gt;&gt;</a>&nbsp;&nbsp;&nbsp;__rt_entry
</UL>

<P><STRONG><a name="[304]"></a>__scatterload_rt2_thumb_only</STRONG> (Thumb, 0 bytes, Stack size unknown bytes, __scatter.o(!!!scatter), UNUSED)

<P><STRONG><a name="[305]"></a>__scatterload_null</STRONG> (Thumb, 0 bytes, Stack size unknown bytes, __scatter.o(!!!scatter), UNUSED)

<P><STRONG><a name="[306]"></a>__decompress</STRONG> (Thumb, 90 bytes, Stack size unknown bytes, __dczerorl2.o(!!dczerorl2), UNUSED)

<P><STRONG><a name="[307]"></a>__decompress1</STRONG> (Thumb, 0 bytes, Stack size unknown bytes, __dczerorl2.o(!!dczerorl2), UNUSED)

<P><STRONG><a name="[308]"></a>__scatterload_zeroinit</STRONG> (Thumb, 28 bytes, Stack size unknown bytes, __scatter_zi.o(!!handler_zi), UNUSED)

<P><STRONG><a name="[b5]"></a>_printf_f</STRONG> (Thumb, 0 bytes, Stack size unknown bytes, _printf_f.o(.ARM.Collect$$_printf_percent$$00000003))
<BR><BR>[Stack]<UL><LI>Max Depth = 320 + Unknown Stack Size
<LI>Call Chain = _printf_f &rArr; _printf_fp_dec &rArr; _printf_fp_dec_real &rArr; _fp_digits &rArr; _btod_etento &rArr; _btod_emul &rArr; _e2e
</UL>
<BR>[Calls]<UL><LI><a href="#[b6]">&gt;&gt;</a>&nbsp;&nbsp;&nbsp;_printf_fp_dec
</UL>

<P><STRONG><a name="[d9]"></a>_printf_percent</STRONG> (Thumb, 0 bytes, Stack size unknown bytes, _printf_percent.o(.ARM.Collect$$_printf_percent$$00000000))
<BR><BR>[Called By]<UL><LI><a href="#[d8]">&gt;&gt;</a>&nbsp;&nbsp;&nbsp;__printf
</UL>

<P><STRONG><a name="[b7]"></a>_printf_s</STRONG> (Thumb, 0 bytes, Stack size unknown bytes, _printf_s.o(.ARM.Collect$$_printf_percent$$00000014))
<BR><BR>[Stack]<UL><LI>Max Depth = 24 + Unknown Stack Size
<LI>Call Chain = _printf_s &rArr; _printf_string &rArr; _printf_cs_common &rArr; _printf_str
</UL>
<BR>[Calls]<UL><LI><a href="#[b8]">&gt;&gt;</a>&nbsp;&nbsp;&nbsp;_printf_string
</UL>

<P><STRONG><a name="[309]"></a>_printf_percent_end</STRONG> (Thumb, 0 bytes, Stack size unknown bytes, _printf_percent_end.o(.ARM.Collect$$_printf_percent$$00000017))

<P><STRONG><a name="[c9]"></a>__rt_lib_init</STRONG> (Thumb, 0 bytes, Stack size unknown bytes, libinit.o(.ARM.Collect$$libinit$$00000000))
<BR><BR>[Called By]<UL><LI><a href="#[c8]">&gt;&gt;</a>&nbsp;&nbsp;&nbsp;__rt_entry_li
</UL>

<P><STRONG><a name="[b9]"></a>__rt_lib_init_fp_1</STRONG> (Thumb, 0 bytes, Stack size unknown bytes, libinit2.o(.ARM.Collect$$libinit$$00000001))
<BR><BR>[Calls]<UL><LI><a href="#[ba]">&gt;&gt;</a>&nbsp;&nbsp;&nbsp;_fp_init
</UL>

<P><STRONG><a name="[bb]"></a>__rt_lib_init_heap_2</STRONG> (Thumb, 0 bytes, Stack size unknown bytes, libinit2.o(.ARM.Collect$$libinit$$00000005))
<BR><BR>[Stack]<UL><LI>Max Depth = 60 + Unknown Stack Size
<LI>Call Chain = __rt_lib_init_heap_2 &rArr; _init_alloc &rArr; __rt_SIGRTMEM &rArr; __rt_SIGRTMEM_inner &rArr; __default_signal_display &rArr; _ttywrch
</UL>
<BR>[Calls]<UL><LI><a href="#[bc]">&gt;&gt;</a>&nbsp;&nbsp;&nbsp;_init_alloc
</UL>

<P><STRONG><a name="[30a]"></a>__rt_lib_init_preinit_1</STRONG> (Thumb, 0 bytes, Stack size unknown bytes, libinit2.o(.ARM.Collect$$libinit$$00000004))

<P><STRONG><a name="[30b]"></a>__rt_lib_init_heap_1</STRONG> (Thumb, 0 bytes, Stack size unknown bytes, libinit2.o(.ARM.Collect$$libinit$$0000000A))

<P><STRONG><a name="[bd]"></a>__rt_lib_init_lc_common</STRONG> (Thumb, 0 bytes, Stack size unknown bytes, libinit2.o(.ARM.Collect$$libinit$$0000000F))
<BR><BR>[Stack]<UL><LI>Max Depth = 8 + Unknown Stack Size
<LI>Call Chain = __rt_lib_init_lc_common &rArr; __rt_locale
</UL>
<BR>[Calls]<UL><LI><a href="#[be]">&gt;&gt;</a>&nbsp;&nbsp;&nbsp;__rt_locale
</UL>

<P><STRONG><a name="[30c]"></a>__rt_lib_init_rand_1</STRONG> (Thumb, 0 bytes, Stack size unknown bytes, libinit2.o(.ARM.Collect$$libinit$$0000000E))

<P><STRONG><a name="[30d]"></a>__rt_lib_init_user_alloc_1</STRONG> (Thumb, 0 bytes, Stack size unknown bytes, libinit2.o(.ARM.Collect$$libinit$$0000000C))

<P><STRONG><a name="[30e]"></a>__rt_lib_init_lc_collate_1</STRONG> (Thumb, 0 bytes, Stack size unknown bytes, libinit2.o(.ARM.Collect$$libinit$$00000011))

<P><STRONG><a name="[bf]"></a>__rt_lib_init_lc_ctype_2</STRONG> (Thumb, 0 bytes, Stack size unknown bytes, libinit2.o(.ARM.Collect$$libinit$$00000012))
<BR><BR>[Stack]<UL><LI>Max Depth = 8 + Unknown Stack Size
<LI>Call Chain = __rt_lib_init_lc_ctype_2 &rArr; _get_lc_ctype
</UL>
<BR>[Calls]<UL><LI><a href="#[8e]">&gt;&gt;</a>&nbsp;&nbsp;&nbsp;_get_lc_ctype
</UL>

<P><STRONG><a name="[30f]"></a>__rt_lib_init_lc_ctype_1</STRONG> (Thumb, 0 bytes, Stack size unknown bytes, libinit2.o(.ARM.Collect$$libinit$$00000013))

<P><STRONG><a name="[310]"></a>__rt_lib_init_lc_monetary_1</STRONG> (Thumb, 0 bytes, Stack size unknown bytes, libinit2.o(.ARM.Collect$$libinit$$00000015))

<P><STRONG><a name="[c0]"></a>__rt_lib_init_lc_numeric_2</STRONG> (Thumb, 0 bytes, Stack size unknown bytes, libinit2.o(.ARM.Collect$$libinit$$00000016))
<BR><BR>[Stack]<UL><LI>Max Depth = 8 + Unknown Stack Size
<LI>Call Chain = __rt_lib_init_lc_numeric_2 &rArr; _get_lc_numeric
</UL>
<BR>[Calls]<UL><LI><a href="#[c1]">&gt;&gt;</a>&nbsp;&nbsp;&nbsp;_get_lc_numeric
</UL>

<P><STRONG><a name="[311]"></a>__rt_lib_init_atexit_1</STRONG> (Thumb, 0 bytes, Stack size unknown bytes, libinit2.o(.ARM.Collect$$libinit$$0000001B))

<P><STRONG><a name="[312]"></a>__rt_lib_init_clock_1</STRONG> (Thumb, 0 bytes, Stack size unknown bytes, libinit2.o(.ARM.Collect$$libinit$$00000021))

<P><STRONG><a name="[313]"></a>__rt_lib_init_fp_trap_1</STRONG> (Thumb, 0 bytes, Stack size unknown bytes, libinit2.o(.ARM.Collect$$libinit$$0000001F))

<P><STRONG><a name="[314]"></a>__rt_lib_init_getenv_1</STRONG> (Thumb, 0 bytes, Stack size unknown bytes, libinit2.o(.ARM.Collect$$libinit$$00000023))

<P><STRONG><a name="[315]"></a>__rt_lib_init_lc_numeric_1</STRONG> (Thumb, 0 bytes, Stack size unknown bytes, libinit2.o(.ARM.Collect$$libinit$$00000017))

<P><STRONG><a name="[316]"></a>__rt_lib_init_lc_time_1</STRONG> (Thumb, 0 bytes, Stack size unknown bytes, libinit2.o(.ARM.Collect$$libinit$$00000019))

<P><STRONG><a name="[317]"></a>__rt_lib_init_signal_1</STRONG> (Thumb, 0 bytes, Stack size unknown bytes, libinit2.o(.ARM.Collect$$libinit$$0000001D))

<P><STRONG><a name="[c2]"></a>__rt_lib_init_stdio_2</STRONG> (Thumb, 0 bytes, Stack size unknown bytes, libinit2.o(.ARM.Collect$$libinit$$00000024))
<BR><BR>[Stack]<UL><LI>Max Depth = 504 + Unknown Stack Size
<LI>Call Chain = __rt_lib_init_stdio_2 &rArr; _initio &rArr; freopen &rArr; _freopen_locked &rArr; _sys_open &rArr; __sys_open &rArr; fat_open &rArr; path_create &rArr; frec_find &rArr; entry_pos_set &rArr; set_next_clus &rArr; cache_fat
</UL>
<BR>[Calls]<UL><LI><a href="#[c3]">&gt;&gt;</a>&nbsp;&nbsp;&nbsp;_initio
</UL>

<P><STRONG><a name="[318]"></a>__rt_lib_init_alloca_1</STRONG> (Thumb, 0 bytes, Stack size unknown bytes, libinit2.o(.ARM.Collect$$libinit$$0000002E))

<P><STRONG><a name="[319]"></a>__rt_lib_init_argv_1</STRONG> (Thumb, 0 bytes, Stack size unknown bytes, libinit2.o(.ARM.Collect$$libinit$$0000002C))

<P><STRONG><a name="[31a]"></a>__rt_lib_init_cpp_1</STRONG> (Thumb, 0 bytes, Stack size unknown bytes, libinit2.o(.ARM.Collect$$libinit$$00000032))

<P><STRONG><a name="[31b]"></a>__rt_lib_init_exceptions_1</STRONG> (Thumb, 0 bytes, Stack size unknown bytes, libinit2.o(.ARM.Collect$$libinit$$00000030))

<P><STRONG><a name="[31c]"></a>__rt_lib_init_return</STRONG> (Thumb, 0 bytes, Stack size unknown bytes, libinit2.o(.ARM.Collect$$libinit$$00000033))

<P><STRONG><a name="[31d]"></a>__rt_lib_init_stdio_1</STRONG> (Thumb, 0 bytes, Stack size unknown bytes, libinit2.o(.ARM.Collect$$libinit$$00000025))

<P><STRONG><a name="[ce]"></a>__rt_lib_shutdown</STRONG> (Thumb, 0 bytes, Stack size unknown bytes, libshutdown.o(.ARM.Collect$$libshutdown$$00000000))
<BR><BR>[Called By]<UL><LI><a href="#[cd]">&gt;&gt;</a>&nbsp;&nbsp;&nbsp;__rt_exit_ls
</UL>

<P><STRONG><a name="[31e]"></a>__rt_lib_shutdown_cpp_1</STRONG> (Thumb, 0 bytes, Stack size unknown bytes, libshutdown2.o(.ARM.Collect$$libshutdown$$00000002))

<P><STRONG><a name="[c4]"></a>__rt_lib_shutdown_stdio_2</STRONG> (Thumb, 0 bytes, Stack size unknown bytes, libshutdown2.o(.ARM.Collect$$libshutdown$$00000003))
<BR><BR>[Stack]<UL><LI>Max Depth = 264 + Unknown Stack Size
<LI>Call Chain = __rt_lib_shutdown_stdio_2 &rArr; _terminateio &rArr; _fclose_internal &rArr; _fflush &rArr; _writebuf &rArr; _sys_write &rArr; __sys_write &rArr; fat_write &rArr; write_fat_link &rArr; cache_fat
</UL>
<BR>[Calls]<UL><LI><a href="#[c5]">&gt;&gt;</a>&nbsp;&nbsp;&nbsp;_terminateio
</UL>

<P><STRONG><a name="[31f]"></a>__rt_lib_shutdown_fp_trap_1</STRONG> (Thumb, 0 bytes, Stack size unknown bytes, libshutdown2.o(.ARM.Collect$$libshutdown$$00000007))

<P><STRONG><a name="[320]"></a>__rt_lib_shutdown_heap_1</STRONG> (Thumb, 0 bytes, Stack size unknown bytes, libshutdown2.o(.ARM.Collect$$libshutdown$$0000000F))

<P><STRONG><a name="[321]"></a>__rt_lib_shutdown_return</STRONG> (Thumb, 0 bytes, Stack size unknown bytes, libshutdown2.o(.ARM.Collect$$libshutdown$$00000010))

<P><STRONG><a name="[322]"></a>__rt_lib_shutdown_signal_1</STRONG> (Thumb, 0 bytes, Stack size unknown bytes, libshutdown2.o(.ARM.Collect$$libshutdown$$0000000A))

<P><STRONG><a name="[323]"></a>__rt_lib_shutdown_stdio_1</STRONG> (Thumb, 0 bytes, Stack size unknown bytes, libshutdown2.o(.ARM.Collect$$libshutdown$$00000004))

<P><STRONG><a name="[324]"></a>__rt_lib_shutdown_user_alloc_1</STRONG> (Thumb, 0 bytes, Stack size unknown bytes, libshutdown2.o(.ARM.Collect$$libshutdown$$0000000C))

<P><STRONG><a name="[b3]"></a>__rt_entry</STRONG> (Thumb, 0 bytes, Stack size unknown bytes, __rtentry.o(.ARM.Collect$$rtentry$$00000000))
<BR><BR>[Called By]<UL><LI><a href="#[af]">&gt;&gt;</a>&nbsp;&nbsp;&nbsp;__main
<LI><a href="#[b4]">&gt;&gt;</a>&nbsp;&nbsp;&nbsp;__scatterload_rt2
</UL>

<P><STRONG><a name="[325]"></a>__rt_entry_presh_1</STRONG> (Thumb, 0 bytes, Stack size unknown bytes, __rtentry2.o(.ARM.Collect$$rtentry$$00000002))

<P><STRONG><a name="[c6]"></a>__rt_entry_sh</STRONG> (Thumb, 0 bytes, Stack size unknown bytes, __rtentry4.o(.ARM.Collect$$rtentry$$00000004))
<BR><BR>[Stack]<UL><LI>Max Depth = 8 + Unknown Stack Size
<LI>Call Chain = __rt_entry_sh &rArr; __user_setup_stackheap
</UL>
<BR>[Calls]<UL><LI><a href="#[c7]">&gt;&gt;</a>&nbsp;&nbsp;&nbsp;__user_setup_stackheap
</UL>

<P><STRONG><a name="[c8]"></a>__rt_entry_li</STRONG> (Thumb, 0 bytes, Stack size unknown bytes, __rtentry2.o(.ARM.Collect$$rtentry$$0000000A))
<BR><BR>[Calls]<UL><LI><a href="#[c9]">&gt;&gt;</a>&nbsp;&nbsp;&nbsp;__rt_lib_init
</UL>

<P><STRONG><a name="[326]"></a>__rt_entry_postsh_1</STRONG> (Thumb, 0 bytes, Stack size unknown bytes, __rtentry2.o(.ARM.Collect$$rtentry$$00000009))

<P><STRONG><a name="[ca]"></a>__rt_entry_main</STRONG> (Thumb, 0 bytes, Stack size unknown bytes, __rtentry2.o(.ARM.Collect$$rtentry$$0000000D))
<BR><BR>[Stack]<UL><LI>Max Depth = 184 + Unknown Stack Size
<LI>Call Chain = __rt_entry_main &rArr; main &rArr; Stm32_Clock_Init &rArr; HAL_RCC_ClockConfig &rArr; HAL_InitTick &rArr; HAL_NVIC_SetPriority &rArr; NVIC_SetPriority
</UL>
<BR>[Calls]<UL><LI><a href="#[cb]">&gt;&gt;</a>&nbsp;&nbsp;&nbsp;main
<LI><a href="#[cc]">&gt;&gt;</a>&nbsp;&nbsp;&nbsp;exit
</UL>

<P><STRONG><a name="[327]"></a>__rt_entry_postli_1</STRONG> (Thumb, 0 bytes, Stack size unknown bytes, __rtentry2.o(.ARM.Collect$$rtentry$$0000000C))

<P><STRONG><a name="[134]"></a>__rt_exit</STRONG> (Thumb, 0 bytes, Stack size unknown bytes, rtexit.o(.ARM.Collect$$rtexit$$00000000))
<BR><BR>[Called By]<UL><LI><a href="#[cc]">&gt;&gt;</a>&nbsp;&nbsp;&nbsp;exit
</UL>

<P><STRONG><a name="[cd]"></a>__rt_exit_ls</STRONG> (Thumb, 0 bytes, Stack size unknown bytes, rtexit2.o(.ARM.Collect$$rtexit$$00000003))
<BR><BR>[Calls]<UL><LI><a href="#[ce]">&gt;&gt;</a>&nbsp;&nbsp;&nbsp;__rt_lib_shutdown
</UL>

<P><STRONG><a name="[328]"></a>__rt_exit_prels_1</STRONG> (Thumb, 0 bytes, Stack size unknown bytes, rtexit2.o(.ARM.Collect$$rtexit$$00000002))

<P><STRONG><a name="[cf]"></a>__rt_exit_exit</STRONG> (Thumb, 0 bytes, Stack size unknown bytes, rtexit2.o(.ARM.Collect$$rtexit$$00000004))
<BR><BR>[Calls]<UL><LI><a href="#[d0]">&gt;&gt;</a>&nbsp;&nbsp;&nbsp;_sys_exit
</UL>

<P><STRONG><a name="[2da]"></a>rt_set_PSP</STRONG> (Thumb, 6 bytes, Stack size 0 bytes, hal_cm4.o(.emb_text))
<BR><BR>[Called By]<UL><LI><a href="#[a1]">&gt;&gt;</a>&nbsp;&nbsp;&nbsp;rt_sys_init
</UL>

<P><STRONG><a name="[329]"></a>rt_get_PSP</STRONG> (Thumb, 6 bytes, Stack size 0 bytes, hal_cm4.o(.emb_text), UNUSED)

<P><STRONG><a name="[2b6]"></a>os_set_env</STRONG> (Thumb, 24 bytes, Stack size 0 bytes, hal_cm4.o(.emb_text))
<BR><BR>[Called By]<UL><LI><a href="#[cb]">&gt;&gt;</a>&nbsp;&nbsp;&nbsp;main
</UL>

<P><STRONG><a name="[32a]"></a>_alloc_box</STRONG> (Thumb, 28 bytes, Stack size 0 bytes, hal_cm4.o(.emb_text), UNUSED)

<P><STRONG><a name="[32b]"></a>_free_box</STRONG> (Thumb, 28 bytes, Stack size 0 bytes, hal_cm4.o(.emb_text), UNUSED)

<P><STRONG><a name="[2c]"></a>SVC_Handler</STRONG> (Thumb, 160 bytes, Stack size 0 bytes, hal_cm4.o(.emb_text))
<BR><BR>[Stack]<UL><LI>Max Depth = 8<LI>Call Chain = SVC_Handler &rArr; rt_stk_check
</UL>
<BR>[Calls]<UL><LI><a href="#[d1]">&gt;&gt;</a>&nbsp;&nbsp;&nbsp;rt_stk_check
</UL>
<BR>[Address Reference Count : 1]<UL><LI> startup_stm32f446xx.o(RESET)
</UL>
<P><STRONG><a name="[2e]"></a>PendSV_Handler</STRONG> (Thumb, 112 bytes, Stack size 0 bytes, hal_cm4.o(.emb_text))
<BR><BR>[Stack]<UL><LI>Max Depth = 44<LI>Call Chain = PendSV_Handler &rArr; rt_pop_req &rArr; rt_sem_psh &rArr; rt_put_prio
</UL>
<BR>[Calls]<UL><LI><a href="#[d1]">&gt;&gt;</a>&nbsp;&nbsp;&nbsp;rt_stk_check
<LI><a href="#[d2]">&gt;&gt;</a>&nbsp;&nbsp;&nbsp;rt_pop_req
</UL>
<BR>[Address Reference Count : 1]<UL><LI> startup_stm32f446xx.o(RESET)
</UL>
<P><STRONG><a name="[2f]"></a>SysTick_Handler</STRONG> (Thumb, 8 bytes, Stack size 0 bytes, hal_cm4.o(.emb_text))
<BR><BR>[Stack]<UL><LI>Max Depth = 28<LI>Call Chain = SysTick_Handler &rArr; rt_systick &rArr; rt_chk_robin &rArr; rt_put_prio
</UL>
<BR>[Calls]<UL><LI><a href="#[d3]">&gt;&gt;</a>&nbsp;&nbsp;&nbsp;rt_systick
</UL>
<BR>[Address Reference Count : 1]<UL><LI> startup_stm32f446xx.o(RESET)
</UL>
<P><STRONG><a name="[d4]"></a>OS_Tick_Handler</STRONG> (Thumb, 12 bytes, Stack size 0 bytes, hal_cm4.o(.emb_text), UNUSED)
<BR><BR>[Calls]<UL><LI><a href="#[d5]">&gt;&gt;</a>&nbsp;&nbsp;&nbsp;os_tick_irqack
<LI><a href="#[d3]">&gt;&gt;</a>&nbsp;&nbsp;&nbsp;rt_systick
</UL>

<P><STRONG><a name="[26]"></a>Reset_Handler</STRONG> (Thumb, 8 bytes, Stack size 0 bytes, startup_stm32f446xx.o(.text))
<BR>[Address Reference Count : 1]<UL><LI> startup_stm32f446xx.o(RESET)
</UL>
<P><STRONG><a name="[32c]"></a>_maybe_terminate_alloc</STRONG> (Thumb, 0 bytes, Stack size 0 bytes, maybetermalloc1.o(.emb_text), UNUSED)

<P><STRONG><a name="[42]"></a>ADC_IRQHandler</STRONG> (Thumb, 0 bytes, Stack size 0 bytes, startup_stm32f446xx.o(.text))
<BR><BR>[Calls]<UL><LI><a href="#[42]">&gt;&gt;</a>&nbsp;&nbsp;&nbsp;ADC_IRQHandler
</UL>
<BR>[Called By]<UL><LI><a href="#[42]">&gt;&gt;</a>&nbsp;&nbsp;&nbsp;ADC_IRQHandler
</UL>
<BR>[Address Reference Count : 1]<UL><LI> startup_stm32f446xx.o(RESET)
</UL>
<P><STRONG><a name="[44]"></a>CAN1_RX0_IRQHandler</STRONG> (Thumb, 0 bytes, Stack size 0 bytes, startup_stm32f446xx.o(.text))
<BR>[Address Reference Count : 1]<UL><LI> startup_stm32f446xx.o(RESET)
</UL>
<P><STRONG><a name="[45]"></a>CAN1_RX1_IRQHandler</STRONG> (Thumb, 0 bytes, Stack size 0 bytes, startup_stm32f446xx.o(.text))
<BR>[Address Reference Count : 1]<UL><LI> startup_stm32f446xx.o(RESET)
</UL>
<P><STRONG><a name="[46]"></a>CAN1_SCE_IRQHandler</STRONG> (Thumb, 0 bytes, Stack size 0 bytes, startup_stm32f446xx.o(.text))
<BR>[Address Reference Count : 1]<UL><LI> startup_stm32f446xx.o(RESET)
</UL>
<P><STRONG><a name="[43]"></a>CAN1_TX_IRQHandler</STRONG> (Thumb, 0 bytes, Stack size 0 bytes, startup_stm32f446xx.o(.text))
<BR>[Address Reference Count : 1]<UL><LI> startup_stm32f446xx.o(RESET)
</UL>
<P><STRONG><a name="[6e]"></a>CAN2_RX0_IRQHandler</STRONG> (Thumb, 0 bytes, Stack size 0 bytes, startup_stm32f446xx.o(.text))
<BR>[Address Reference Count : 1]<UL><LI> startup_stm32f446xx.o(RESET)
</UL>
<P><STRONG><a name="[6f]"></a>CAN2_RX1_IRQHandler</STRONG> (Thumb, 0 bytes, Stack size 0 bytes, startup_stm32f446xx.o(.text))
<BR>[Address Reference Count : 1]<UL><LI> startup_stm32f446xx.o(RESET)
</UL>
<P><STRONG><a name="[70]"></a>CAN2_SCE_IRQHandler</STRONG> (Thumb, 0 bytes, Stack size 0 bytes, startup_stm32f446xx.o(.text))
<BR>[Address Reference Count : 1]<UL><LI> startup_stm32f446xx.o(RESET)
</UL>
<P><STRONG><a name="[6d]"></a>CAN2_TX_IRQHandler</STRONG> (Thumb, 0 bytes, Stack size 0 bytes, startup_stm32f446xx.o(.text))
<BR>[Address Reference Count : 1]<UL><LI> startup_stm32f446xx.o(RESET)
</UL>
<P><STRONG><a name="[82]"></a>CEC_IRQHandler</STRONG> (Thumb, 0 bytes, Stack size 0 bytes, startup_stm32f446xx.o(.text))
<BR>[Address Reference Count : 1]<UL><LI> startup_stm32f446xx.o(RESET)
</UL>
<P><STRONG><a name="[7c]"></a>DCMI_IRQHandler</STRONG> (Thumb, 0 bytes, Stack size 0 bytes, startup_stm32f446xx.o(.text))
<BR>[Address Reference Count : 1]<UL><LI> startup_stm32f446xx.o(RESET)
</UL>
<P><STRONG><a name="[3b]"></a>DMA1_Stream0_IRQHandler</STRONG> (Thumb, 0 bytes, Stack size 0 bytes, startup_stm32f446xx.o(.text))
<BR>[Address Reference Count : 1]<UL><LI> startup_stm32f446xx.o(RESET)
</UL>
<P><STRONG><a name="[3c]"></a>DMA1_Stream1_IRQHandler</STRONG> (Thumb, 0 bytes, Stack size 0 bytes, startup_stm32f446xx.o(.text))
<BR>[Address Reference Count : 1]<UL><LI> startup_stm32f446xx.o(RESET)
</UL>
<P><STRONG><a name="[3d]"></a>DMA1_Stream2_IRQHandler</STRONG> (Thumb, 0 bytes, Stack size 0 bytes, startup_stm32f446xx.o(.text))
<BR>[Address Reference Count : 1]<UL><LI> startup_stm32f446xx.o(RESET)
</UL>
<P><STRONG><a name="[3e]"></a>DMA1_Stream3_IRQHandler</STRONG> (Thumb, 0 bytes, Stack size 0 bytes, startup_stm32f446xx.o(.text))
<BR>[Address Reference Count : 1]<UL><LI> startup_stm32f446xx.o(RESET)
</UL>
<P><STRONG><a name="[3f]"></a>DMA1_Stream4_IRQHandler</STRONG> (Thumb, 0 bytes, Stack size 0 bytes, startup_stm32f446xx.o(.text))
<BR>[Address Reference Count : 1]<UL><LI> startup_stm32f446xx.o(RESET)
</UL>
<P><STRONG><a name="[40]"></a>DMA1_Stream5_IRQHandler</STRONG> (Thumb, 0 bytes, Stack size 0 bytes, startup_stm32f446xx.o(.text))
<BR>[Address Reference Count : 1]<UL><LI> startup_stm32f446xx.o(RESET)
</UL>
<P><STRONG><a name="[41]"></a>DMA1_Stream6_IRQHandler</STRONG> (Thumb, 0 bytes, Stack size 0 bytes, startup_stm32f446xx.o(.text))
<BR>[Address Reference Count : 1]<UL><LI> startup_stm32f446xx.o(RESET)
</UL>
<P><STRONG><a name="[5f]"></a>DMA1_Stream7_IRQHandler</STRONG> (Thumb, 0 bytes, Stack size 0 bytes, startup_stm32f446xx.o(.text))
<BR>[Address Reference Count : 1]<UL><LI> startup_stm32f446xx.o(RESET)
</UL>
<P><STRONG><a name="[68]"></a>DMA2_Stream0_IRQHandler</STRONG> (Thumb, 0 bytes, Stack size 0 bytes, startup_stm32f446xx.o(.text))
<BR>[Address Reference Count : 1]<UL><LI> startup_stm32f446xx.o(RESET)
</UL>
<P><STRONG><a name="[69]"></a>DMA2_Stream1_IRQHandler</STRONG> (Thumb, 0 bytes, Stack size 0 bytes, startup_stm32f446xx.o(.text))
<BR>[Address Reference Count : 1]<UL><LI> startup_stm32f446xx.o(RESET)
</UL>
<P><STRONG><a name="[6a]"></a>DMA2_Stream2_IRQHandler</STRONG> (Thumb, 0 bytes, Stack size 0 bytes, startup_stm32f446xx.o(.text))
<BR>[Address Reference Count : 1]<UL><LI> startup_stm32f446xx.o(RESET)
</UL>
<P><STRONG><a name="[6b]"></a>DMA2_Stream3_IRQHandler</STRONG> (Thumb, 0 bytes, Stack size 0 bytes, startup_stm32f446xx.o(.text))
<BR>[Address Reference Count : 1]<UL><LI> startup_stm32f446xx.o(RESET)
</UL>
<P><STRONG><a name="[6c]"></a>DMA2_Stream4_IRQHandler</STRONG> (Thumb, 0 bytes, Stack size 0 bytes, startup_stm32f446xx.o(.text))
<BR>[Address Reference Count : 1]<UL><LI> startup_stm32f446xx.o(RESET)
</UL>
<P><STRONG><a name="[72]"></a>DMA2_Stream5_IRQHandler</STRONG> (Thumb, 0 bytes, Stack size 0 bytes, startup_stm32f446xx.o(.text))
<BR>[Address Reference Count : 1]<UL><LI> startup_stm32f446xx.o(RESET)
</UL>
<P><STRONG><a name="[73]"></a>DMA2_Stream6_IRQHandler</STRONG> (Thumb, 0 bytes, Stack size 0 bytes, startup_stm32f446xx.o(.text))
<BR>[Address Reference Count : 1]<UL><LI> startup_stm32f446xx.o(RESET)
</UL>
<P><STRONG><a name="[74]"></a>DMA2_Stream7_IRQHandler</STRONG> (Thumb, 0 bytes, Stack size 0 bytes, startup_stm32f446xx.o(.text))
<BR>[Address Reference Count : 1]<UL><LI> startup_stm32f446xx.o(RESET)
</UL>
<P><STRONG><a name="[36]"></a>EXTI0_IRQHandler</STRONG> (Thumb, 0 bytes, Stack size 0 bytes, startup_stm32f446xx.o(.text))
<BR>[Address Reference Count : 1]<UL><LI> startup_stm32f446xx.o(RESET)
</UL>
<P><STRONG><a name="[58]"></a>EXTI15_10_IRQHandler</STRONG> (Thumb, 0 bytes, Stack size 0 bytes, startup_stm32f446xx.o(.text))
<BR>[Address Reference Count : 1]<UL><LI> startup_stm32f446xx.o(RESET)
</UL>
<P><STRONG><a name="[37]"></a>EXTI1_IRQHandler</STRONG> (Thumb, 0 bytes, Stack size 0 bytes, startup_stm32f446xx.o(.text))
<BR>[Address Reference Count : 1]<UL><LI> startup_stm32f446xx.o(RESET)
</UL>
<P><STRONG><a name="[38]"></a>EXTI2_IRQHandler</STRONG> (Thumb, 0 bytes, Stack size 0 bytes, startup_stm32f446xx.o(.text))
<BR>[Address Reference Count : 1]<UL><LI> startup_stm32f446xx.o(RESET)
</UL>
<P><STRONG><a name="[39]"></a>EXTI3_IRQHandler</STRONG> (Thumb, 0 bytes, Stack size 0 bytes, startup_stm32f446xx.o(.text))
<BR>[Address Reference Count : 1]<UL><LI> startup_stm32f446xx.o(RESET)
</UL>
<P><STRONG><a name="[3a]"></a>EXTI4_IRQHandler</STRONG> (Thumb, 0 bytes, Stack size 0 bytes, startup_stm32f446xx.o(.text))
<BR>[Address Reference Count : 1]<UL><LI> startup_stm32f446xx.o(RESET)
</UL>
<P><STRONG><a name="[47]"></a>EXTI9_5_IRQHandler</STRONG> (Thumb, 0 bytes, Stack size 0 bytes, startup_stm32f446xx.o(.text))
<BR>[Address Reference Count : 1]<UL><LI> startup_stm32f446xx.o(RESET)
</UL>
<P><STRONG><a name="[34]"></a>FLASH_IRQHandler</STRONG> (Thumb, 0 bytes, Stack size 0 bytes, startup_stm32f446xx.o(.text))
<BR>[Address Reference Count : 1]<UL><LI> startup_stm32f446xx.o(RESET)
</UL>
<P><STRONG><a name="[60]"></a>FMC_IRQHandler</STRONG> (Thumb, 0 bytes, Stack size 0 bytes, startup_stm32f446xx.o(.text))
<BR>[Address Reference Count : 1]<UL><LI> startup_stm32f446xx.o(RESET)
</UL>
<P><STRONG><a name="[7d]"></a>FPU_IRQHandler</STRONG> (Thumb, 0 bytes, Stack size 0 bytes, startup_stm32f446xx.o(.text))
<BR>[Address Reference Count : 1]<UL><LI> startup_stm32f446xx.o(RESET)
</UL>
<P><STRONG><a name="[50]"></a>I2C1_ER_IRQHandler</STRONG> (Thumb, 0 bytes, Stack size 0 bytes, startup_stm32f446xx.o(.text))
<BR>[Address Reference Count : 1]<UL><LI> startup_stm32f446xx.o(RESET)
</UL>
<P><STRONG><a name="[4f]"></a>I2C1_EV_IRQHandler</STRONG> (Thumb, 0 bytes, Stack size 0 bytes, startup_stm32f446xx.o(.text))
<BR>[Address Reference Count : 1]<UL><LI> startup_stm32f446xx.o(RESET)
</UL>
<P><STRONG><a name="[52]"></a>I2C2_ER_IRQHandler</STRONG> (Thumb, 0 bytes, Stack size 0 bytes, startup_stm32f446xx.o(.text))
<BR>[Address Reference Count : 1]<UL><LI> startup_stm32f446xx.o(RESET)
</UL>
<P><STRONG><a name="[51]"></a>I2C2_EV_IRQHandler</STRONG> (Thumb, 0 bytes, Stack size 0 bytes, startup_stm32f446xx.o(.text))
<BR>[Address Reference Count : 1]<UL><LI> startup_stm32f446xx.o(RESET)
</UL>
<P><STRONG><a name="[77]"></a>I2C3_ER_IRQHandler</STRONG> (Thumb, 0 bytes, Stack size 0 bytes, startup_stm32f446xx.o(.text))
<BR>[Address Reference Count : 1]<UL><LI> startup_stm32f446xx.o(RESET)
</UL>
<P><STRONG><a name="[76]"></a>I2C3_EV_IRQHandler</STRONG> (Thumb, 0 bytes, Stack size 0 bytes, startup_stm32f446xx.o(.text))
<BR>[Address Reference Count : 1]<UL><LI> startup_stm32f446xx.o(RESET)
</UL>
<P><STRONG><a name="[85]"></a>I2C4_Error_IRQHandler</STRONG> (Thumb, 0 bytes, Stack size 0 bytes, startup_stm32f446xx.o(.text))
<BR>[Address Reference Count : 1]<UL><LI> startup_stm32f446xx.o(RESET)
</UL>
<P><STRONG><a name="[84]"></a>I2C4_Event_IRQHandler</STRONG> (Thumb, 0 bytes, Stack size 0 bytes, startup_stm32f446xx.o(.text))
<BR>[Address Reference Count : 1]<UL><LI> startup_stm32f446xx.o(RESET)
</UL>
<P><STRONG><a name="[5a]"></a>OTG_FS_WKUP_IRQHandler</STRONG> (Thumb, 0 bytes, Stack size 0 bytes, startup_stm32f446xx.o(.text))
<BR>[Address Reference Count : 1]<UL><LI> startup_stm32f446xx.o(RESET)
</UL>
<P><STRONG><a name="[79]"></a>OTG_HS_EP1_IN_IRQHandler</STRONG> (Thumb, 0 bytes, Stack size 0 bytes, startup_stm32f446xx.o(.text))
<BR>[Address Reference Count : 1]<UL><LI> startup_stm32f446xx.o(RESET)
</UL>
<P><STRONG><a name="[78]"></a>OTG_HS_EP1_OUT_IRQHandler</STRONG> (Thumb, 0 bytes, Stack size 0 bytes, startup_stm32f446xx.o(.text))
<BR>[Address Reference Count : 1]<UL><LI> startup_stm32f446xx.o(RESET)
</UL>
<P><STRONG><a name="[7a]"></a>OTG_HS_WKUP_IRQHandler</STRONG> (Thumb, 0 bytes, Stack size 0 bytes, startup_stm32f446xx.o(.text))
<BR>[Address Reference Count : 1]<UL><LI> startup_stm32f446xx.o(RESET)
</UL>
<P><STRONG><a name="[31]"></a>PVD_IRQHandler</STRONG> (Thumb, 0 bytes, Stack size 0 bytes, startup_stm32f446xx.o(.text))
<BR>[Address Reference Count : 1]<UL><LI> startup_stm32f446xx.o(RESET)
</UL>
<P><STRONG><a name="[81]"></a>QUADSPI_IRQHandler</STRONG> (Thumb, 0 bytes, Stack size 0 bytes, startup_stm32f446xx.o(.text))
<BR>[Address Reference Count : 1]<UL><LI> startup_stm32f446xx.o(RESET)
</UL>
<P><STRONG><a name="[35]"></a>RCC_IRQHandler</STRONG> (Thumb, 0 bytes, Stack size 0 bytes, startup_stm32f446xx.o(.text))
<BR>[Address Reference Count : 1]<UL><LI> startup_stm32f446xx.o(RESET)
</UL>
<P><STRONG><a name="[59]"></a>RTC_Alarm_IRQHandler</STRONG> (Thumb, 0 bytes, Stack size 0 bytes, startup_stm32f446xx.o(.text))
<BR>[Address Reference Count : 1]<UL><LI> startup_stm32f446xx.o(RESET)
</UL>
<P><STRONG><a name="[33]"></a>RTC_WKUP_IRQHandler</STRONG> (Thumb, 0 bytes, Stack size 0 bytes, startup_stm32f446xx.o(.text))
<BR>[Address Reference Count : 1]<UL><LI> startup_stm32f446xx.o(RESET)
</UL>
<P><STRONG><a name="[7f]"></a>SAI1_IRQHandler</STRONG> (Thumb, 0 bytes, Stack size 0 bytes, startup_stm32f446xx.o(.text))
<BR>[Address Reference Count : 1]<UL><LI> startup_stm32f446xx.o(RESET)
</UL>
<P><STRONG><a name="[80]"></a>SAI2_IRQHandler</STRONG> (Thumb, 0 bytes, Stack size 0 bytes, startup_stm32f446xx.o(.text))
<BR>[Address Reference Count : 1]<UL><LI> startup_stm32f446xx.o(RESET)
</UL>
<P><STRONG><a name="[61]"></a>SDIO_IRQHandler</STRONG> (Thumb, 0 bytes, Stack size 0 bytes, startup_stm32f446xx.o(.text))
<BR>[Address Reference Count : 1]<UL><LI> startup_stm32f446xx.o(RESET)
</UL>
<P><STRONG><a name="[83]"></a>SPDIF_RX_IRQHandler</STRONG> (Thumb, 0 bytes, Stack size 0 bytes, startup_stm32f446xx.o(.text))
<BR>[Address Reference Count : 1]<UL><LI> startup_stm32f446xx.o(RESET)
</UL>
<P><STRONG><a name="[53]"></a>SPI1_IRQHandler</STRONG> (Thumb, 0 bytes, Stack size 0 bytes, startup_stm32f446xx.o(.text))
<BR>[Address Reference Count : 1]<UL><LI> startup_stm32f446xx.o(RESET)
</UL>
<P><STRONG><a name="[54]"></a>SPI2_IRQHandler</STRONG> (Thumb, 0 bytes, Stack size 0 bytes, startup_stm32f446xx.o(.text))
<BR>[Address Reference Count : 1]<UL><LI> startup_stm32f446xx.o(RESET)
</UL>
<P><STRONG><a name="[63]"></a>SPI3_IRQHandler</STRONG> (Thumb, 0 bytes, Stack size 0 bytes, startup_stm32f446xx.o(.text))
<BR>[Address Reference Count : 1]<UL><LI> startup_stm32f446xx.o(RESET)
</UL>
<P><STRONG><a name="[7e]"></a>SPI4_IRQHandler</STRONG> (Thumb, 0 bytes, Stack size 0 bytes, startup_stm32f446xx.o(.text))
<BR>[Address Reference Count : 1]<UL><LI> startup_stm32f446xx.o(RESET)
</UL>
<P><STRONG><a name="[32]"></a>TAMP_STAMP_IRQHandler</STRONG> (Thumb, 0 bytes, Stack size 0 bytes, startup_stm32f446xx.o(.text))
<BR>[Address Reference Count : 1]<UL><LI> startup_stm32f446xx.o(RESET)
</UL>
<P><STRONG><a name="[48]"></a>TIM1_BRK_TIM9_IRQHandler</STRONG> (Thumb, 0 bytes, Stack size 0 bytes, startup_stm32f446xx.o(.text))
<BR>[Address Reference Count : 1]<UL><LI> startup_stm32f446xx.o(RESET)
</UL>
<P><STRONG><a name="[4b]"></a>TIM1_CC_IRQHandler</STRONG> (Thumb, 0 bytes, Stack size 0 bytes, startup_stm32f446xx.o(.text))
<BR>[Address Reference Count : 1]<UL><LI> startup_stm32f446xx.o(RESET)
</UL>
<P><STRONG><a name="[4a]"></a>TIM1_TRG_COM_TIM11_IRQHandler</STRONG> (Thumb, 0 bytes, Stack size 0 bytes, startup_stm32f446xx.o(.text))
<BR>[Address Reference Count : 1]<UL><LI> startup_stm32f446xx.o(RESET)
</UL>
<P><STRONG><a name="[49]"></a>TIM1_UP_TIM10_IRQHandler</STRONG> (Thumb, 0 bytes, Stack size 0 bytes, startup_stm32f446xx.o(.text))
<BR>[Address Reference Count : 1]<UL><LI> startup_stm32f446xx.o(RESET)
</UL>
<P><STRONG><a name="[62]"></a>TIM5_IRQHandler</STRONG> (Thumb, 0 bytes, Stack size 0 bytes, startup_stm32f446xx.o(.text))
<BR>[Address Reference Count : 1]<UL><LI> startup_stm32f446xx.o(RESET)
</UL>
<P><STRONG><a name="[66]"></a>TIM6_DAC_IRQHandler</STRONG> (Thumb, 0 bytes, Stack size 0 bytes, startup_stm32f446xx.o(.text))
<BR>[Address Reference Count : 1]<UL><LI> startup_stm32f446xx.o(RESET)
</UL>
<P><STRONG><a name="[67]"></a>TIM7_IRQHandler</STRONG> (Thumb, 0 bytes, Stack size 0 bytes, startup_stm32f446xx.o(.text))
<BR>[Address Reference Count : 1]<UL><LI> startup_stm32f446xx.o(RESET)
</UL>
<P><STRONG><a name="[5b]"></a>TIM8_BRK_TIM12_IRQHandler</STRONG> (Thumb, 0 bytes, Stack size 0 bytes, startup_stm32f446xx.o(.text))
<BR>[Address Reference Count : 1]<UL><LI> startup_stm32f446xx.o(RESET)
</UL>
<P><STRONG><a name="[5e]"></a>TIM8_CC_IRQHandler</STRONG> (Thumb, 0 bytes, Stack size 0 bytes, startup_stm32f446xx.o(.text))
<BR>[Address Reference Count : 1]<UL><LI> startup_stm32f446xx.o(RESET)
</UL>
<P><STRONG><a name="[5d]"></a>TIM8_TRG_COM_TIM14_IRQHandler</STRONG> (Thumb, 0 bytes, Stack size 0 bytes, startup_stm32f446xx.o(.text))
<BR>[Address Reference Count : 1]<UL><LI> startup_stm32f446xx.o(RESET)
</UL>
<P><STRONG><a name="[5c]"></a>TIM8_UP_TIM13_IRQHandler</STRONG> (Thumb, 0 bytes, Stack size 0 bytes, startup_stm32f446xx.o(.text))
<BR>[Address Reference Count : 1]<UL><LI> startup_stm32f446xx.o(RESET)
</UL>
<P><STRONG><a name="[64]"></a>UART4_IRQHandler</STRONG> (Thumb, 0 bytes, Stack size 0 bytes, startup_stm32f446xx.o(.text))
<BR>[Address Reference Count : 1]<UL><LI> startup_stm32f446xx.o(RESET)
</UL>
<P><STRONG><a name="[65]"></a>UART5_IRQHandler</STRONG> (Thumb, 0 bytes, Stack size 0 bytes, startup_stm32f446xx.o(.text))
<BR>[Address Reference Count : 1]<UL><LI> startup_stm32f446xx.o(RESET)
</UL>
<P><STRONG><a name="[57]"></a>USART3_IRQHandler</STRONG> (Thumb, 0 bytes, Stack size 0 bytes, startup_stm32f446xx.o(.text))
<BR>[Address Reference Count : 1]<UL><LI> startup_stm32f446xx.o(RESET)
</UL>
<P><STRONG><a name="[75]"></a>USART6_IRQHandler</STRONG> (Thumb, 0 bytes, Stack size 0 bytes, startup_stm32f446xx.o(.text))
<BR>[Address Reference Count : 1]<UL><LI> startup_stm32f446xx.o(RESET)
</UL>
<P><STRONG><a name="[30]"></a>WWDG_IRQHandler</STRONG> (Thumb, 0 bytes, Stack size 0 bytes, startup_stm32f446xx.o(.text))
<BR>[Address Reference Count : 1]<UL><LI> startup_stm32f446xx.o(RESET)
</UL>
<P><STRONG><a name="[127]"></a>__user_initial_stackheap</STRONG> (Thumb, 0 bytes, Stack size unknown bytes, startup_stm32f446xx.o(.text))
<BR><BR>[Called By]<UL><LI><a href="#[c7]">&gt;&gt;</a>&nbsp;&nbsp;&nbsp;__user_setup_stackheap
</UL>

<P><STRONG><a name="[32d]"></a>__user_libspace</STRONG> (Thumb, 8 bytes, Stack size 0 bytes, libspace.o(.text), UNUSED)

<P><STRONG><a name="[11a]"></a>__user_perproc_libspace</STRONG> (Thumb, 0 bytes, Stack size 0 bytes, libspace.o(.text))
<BR><BR>[Called By]<UL><LI><a href="#[c7]">&gt;&gt;</a>&nbsp;&nbsp;&nbsp;__user_setup_stackheap
<LI><a href="#[be]">&gt;&gt;</a>&nbsp;&nbsp;&nbsp;__rt_locale
<LI><a href="#[fb]">&gt;&gt;</a>&nbsp;&nbsp;&nbsp;__rt_heap_descriptor
</UL>

<P><STRONG><a name="[32e]"></a>__semihosting$guard</STRONG> (Thumb, 0 bytes, Stack size 0 bytes, use_no_semi.o(.text), UNUSED)

<P><STRONG><a name="[32f]"></a>__use_no_semihosting_swi</STRONG> (Thumb, 2 bytes, Stack size 0 bytes, use_no_semi.o(.text), UNUSED)

<P><STRONG><a name="[d6]"></a>__2printf</STRONG> (Thumb, 20 bytes, Stack size 24 bytes, noretval__2printf.o(.text))
<BR><BR>[Stack]<UL><LI>Max Depth = 128 + Unknown Stack Size
<LI>Call Chain = __2printf &rArr; _printf_char_file &rArr; _printf_char_common &rArr; __printf
</UL>
<BR>[Calls]<UL><LI><a href="#[d7]">&gt;&gt;</a>&nbsp;&nbsp;&nbsp;_printf_char_file
</UL>
<BR>[Called By]<UL><LI><a href="#[148]">&gt;&gt;</a>&nbsp;&nbsp;&nbsp;app_usb_task
<LI><a href="#[274]">&gt;&gt;</a>&nbsp;&nbsp;&nbsp;jmp_command_m82_exec
<LI><a href="#[273]">&gt;&gt;</a>&nbsp;&nbsp;&nbsp;jmp_command_g92_exec
<LI><a href="#[272]">&gt;&gt;</a>&nbsp;&nbsp;&nbsp;jmp_command_g90_exec
<LI><a href="#[270]">&gt;&gt;</a>&nbsp;&nbsp;&nbsp;jmp_command_g4_exec
<LI><a href="#[271]">&gt;&gt;</a>&nbsp;&nbsp;&nbsp;jmp_command_g28_exec
<LI><a href="#[26f]">&gt;&gt;</a>&nbsp;&nbsp;&nbsp;jmp_command_g1_exec
<LI><a href="#[1ff]">&gt;&gt;</a>&nbsp;&nbsp;&nbsp;app_usb_initusb
<LI><a href="#[22e]">&gt;&gt;</a>&nbsp;&nbsp;&nbsp;checkHitEndstops
</UL>

<P><STRONG><a name="[d8]"></a>__printf</STRONG> (Thumb, 104 bytes, Stack size 24 bytes, __printf.o(.text))
<BR><BR>[Stack]<UL><LI>Max Depth = 24 + Unknown Stack Size
<LI>Call Chain = __printf
</UL>
<BR>[Calls]<UL><LI><a href="#[d9]">&gt;&gt;</a>&nbsp;&nbsp;&nbsp;_printf_percent
</UL>
<BR>[Called By]<UL><LI><a href="#[10c]">&gt;&gt;</a>&nbsp;&nbsp;&nbsp;_printf_char_common
</UL>

<P><STRONG><a name="[10a]"></a>_printf_str</STRONG> (Thumb, 82 bytes, Stack size 16 bytes, _printf_str.o(.text))
<BR><BR>[Stack]<UL><LI>Max Depth = 16<LI>Call Chain = _printf_str
</UL>
<BR>[Called By]<UL><LI><a href="#[109]">&gt;&gt;</a>&nbsp;&nbsp;&nbsp;_printf_cs_common
</UL>

<P><STRONG><a name="[da]"></a>atoi</STRONG> (Thumb, 26 bytes, Stack size 16 bytes, atoi.o(.text))
<BR><BR>[Stack]<UL><LI>Max Depth = 96<LI>Call Chain = atoi &rArr; strtol &rArr; _strtoul &rArr; __aeabi_errno_addr &rArr; __user_perthread_libspace
</UL>
<BR>[Calls]<UL><LI><a href="#[db]">&gt;&gt;</a>&nbsp;&nbsp;&nbsp;__aeabi_errno_addr
<LI><a href="#[dc]">&gt;&gt;</a>&nbsp;&nbsp;&nbsp;strtol
</UL>
<BR>[Called By]<UL><LI><a href="#[276]">&gt;&gt;</a>&nbsp;&nbsp;&nbsp;jmp_gcode_analysis
</UL>

<P><STRONG><a name="[dd]"></a>_fseek</STRONG> (Thumb, 242 bytes, Stack size 24 bytes, fseek.o(.text))
<BR><BR>[Stack]<UL><LI>Max Depth = 48<LI>Call Chain = _fseek &rArr; _sys_flen &rArr; __sys_flen &rArr; _mutex_release
</UL>
<BR>[Calls]<UL><LI><a href="#[de]">&gt;&gt;</a>&nbsp;&nbsp;&nbsp;_sys_istty
<LI><a href="#[e0]">&gt;&gt;</a>&nbsp;&nbsp;&nbsp;_sys_flen
<LI><a href="#[e1]">&gt;&gt;</a>&nbsp;&nbsp;&nbsp;_seterr
<LI><a href="#[df]">&gt;&gt;</a>&nbsp;&nbsp;&nbsp;_ftell_internal
</UL>
<BR>[Called By]<UL><LI><a href="#[e9]">&gt;&gt;</a>&nbsp;&nbsp;&nbsp;_freopen_locked
<LI><a href="#[e8]">&gt;&gt;</a>&nbsp;&nbsp;&nbsp;fseek
<LI><a href="#[133]">&gt;&gt;</a>&nbsp;&nbsp;&nbsp;_do_fflush
</UL>

<P><STRONG><a name="[330]"></a>_fseek$unlocked</STRONG> (Thumb, 0 bytes, Stack size 24 bytes, fseek.o(.text), UNUSED)

<P><STRONG><a name="[331]"></a>_fclose$unlocked</STRONG> (Thumb, 0 bytes, Stack size 32 bytes, fclose.o(.text), UNUSED)

<P><STRONG><a name="[e2]"></a>_fclose_internal</STRONG> (Thumb, 76 bytes, Stack size 32 bytes, fclose.o(.text))
<BR><BR>[Stack]<UL><LI>Max Depth = 240<LI>Call Chain = _fclose_internal &rArr; _fflush &rArr; _writebuf &rArr; _sys_write &rArr; __sys_write &rArr; fat_write &rArr; write_fat_link &rArr; cache_fat
</UL>
<BR>[Calls]<UL><LI><a href="#[e4]">&gt;&gt;</a>&nbsp;&nbsp;&nbsp;_sys_close
<LI><a href="#[e6]">&gt;&gt;</a>&nbsp;&nbsp;&nbsp;__aeabi_memclr4
<LI><a href="#[e3]">&gt;&gt;</a>&nbsp;&nbsp;&nbsp;_fflush
<LI><a href="#[e5]">&gt;&gt;</a>&nbsp;&nbsp;&nbsp;free
</UL>
<BR>[Called By]<UL><LI><a href="#[e9]">&gt;&gt;</a>&nbsp;&nbsp;&nbsp;_freopen_locked
<LI><a href="#[e7]">&gt;&gt;</a>&nbsp;&nbsp;&nbsp;fclose
<LI><a href="#[c5]">&gt;&gt;</a>&nbsp;&nbsp;&nbsp;_terminateio
</UL>

<P><STRONG><a name="[e7]"></a>fclose</STRONG> (Thumb, 46 bytes, Stack size 16 bytes, fclose_locked.o(.text))
<BR><BR>[Stack]<UL><LI>Max Depth = 256<LI>Call Chain = fclose &rArr; _fclose_internal &rArr; _fflush &rArr; _writebuf &rArr; _sys_write &rArr; __sys_write &rArr; fat_write &rArr; write_fat_link &rArr; cache_fat
</UL>
<BR>[Calls]<UL><LI><a href="#[b1]">&gt;&gt;</a>&nbsp;&nbsp;&nbsp;_mutex_release
<LI><a href="#[b0]">&gt;&gt;</a>&nbsp;&nbsp;&nbsp;_mutex_acquire
<LI><a href="#[e2]">&gt;&gt;</a>&nbsp;&nbsp;&nbsp;_fclose_internal
</UL>
<BR>[Called By]<UL><LI><a href="#[2aa]">&gt;&gt;</a>&nbsp;&nbsp;&nbsp;jmp_storage_buff_fill
</UL>

<P><STRONG><a name="[e8]"></a>fseek</STRONG> (Thumb, 44 bytes, Stack size 24 bytes, fseek_locked.o(.text))
<BR><BR>[Stack]<UL><LI>Max Depth = 72<LI>Call Chain = fseek &rArr; _fseek &rArr; _sys_flen &rArr; __sys_flen &rArr; _mutex_release
</UL>
<BR>[Calls]<UL><LI><a href="#[b1]">&gt;&gt;</a>&nbsp;&nbsp;&nbsp;_mutex_release
<LI><a href="#[b0]">&gt;&gt;</a>&nbsp;&nbsp;&nbsp;_mutex_acquire
<LI><a href="#[dd]">&gt;&gt;</a>&nbsp;&nbsp;&nbsp;_fseek
</UL>
<BR>[Called By]<UL><LI><a href="#[2aa]">&gt;&gt;</a>&nbsp;&nbsp;&nbsp;jmp_storage_buff_fill
</UL>

<P><STRONG><a name="[eb]"></a>freopen</STRONG> (Thumb, 42 bytes, Stack size 24 bytes, fopen_locked.o(.text))
<BR><BR>[Stack]<UL><LI>Max Depth = 496<LI>Call Chain = freopen &rArr; _freopen_locked &rArr; _sys_open &rArr; __sys_open &rArr; fat_open &rArr; path_create &rArr; frec_find &rArr; entry_pos_set &rArr; set_next_clus &rArr; cache_fat
</UL>
<BR>[Calls]<UL><LI><a href="#[b1]">&gt;&gt;</a>&nbsp;&nbsp;&nbsp;_mutex_release
<LI><a href="#[b0]">&gt;&gt;</a>&nbsp;&nbsp;&nbsp;_mutex_acquire
<LI><a href="#[e9]">&gt;&gt;</a>&nbsp;&nbsp;&nbsp;_freopen_locked
</UL>
<BR>[Called By]<UL><LI><a href="#[c3]">&gt;&gt;</a>&nbsp;&nbsp;&nbsp;_initio
</UL>

<P><STRONG><a name="[ec]"></a>fopen</STRONG> (Thumb, 100 bytes, Stack size 24 bytes, fopen_locked.o(.text))
<BR><BR>[Stack]<UL><LI>Max Depth = 496<LI>Call Chain = fopen &rArr; _freopen_locked &rArr; _sys_open &rArr; __sys_open &rArr; fat_open &rArr; path_create &rArr; frec_find &rArr; entry_pos_set &rArr; set_next_clus &rArr; cache_fat
</UL>
<BR>[Calls]<UL><LI><a href="#[b1]">&gt;&gt;</a>&nbsp;&nbsp;&nbsp;_mutex_release
<LI><a href="#[ee]">&gt;&gt;</a>&nbsp;&nbsp;&nbsp;_mutex_initialize
<LI><a href="#[b0]">&gt;&gt;</a>&nbsp;&nbsp;&nbsp;_mutex_acquire
<LI><a href="#[e6]">&gt;&gt;</a>&nbsp;&nbsp;&nbsp;__aeabi_memclr4
<LI><a href="#[e9]">&gt;&gt;</a>&nbsp;&nbsp;&nbsp;_freopen_locked
<LI><a href="#[ed]">&gt;&gt;</a>&nbsp;&nbsp;&nbsp;malloc
</UL>
<BR>[Called By]<UL><LI><a href="#[2aa]">&gt;&gt;</a>&nbsp;&nbsp;&nbsp;jmp_storage_buff_fill
</UL>

<P><STRONG><a name="[ef]"></a>strtok</STRONG> (Thumb, 6 bytes, Stack size 0 bytes, strtok.o(.text))
<BR><BR>[Stack]<UL><LI>Max Depth = 36<LI>Call Chain = strtok &rArr; __strtok_internal &rArr; strspn
</UL>
<BR>[Calls]<UL><LI><a href="#[f0]">&gt;&gt;</a>&nbsp;&nbsp;&nbsp;__strtok_internal
</UL>
<BR>[Called By]<UL><LI><a href="#[276]">&gt;&gt;</a>&nbsp;&nbsp;&nbsp;jmp_gcode_analysis
</UL>

<P><STRONG><a name="[27d]"></a>strcpy</STRONG> (Thumb, 72 bytes, Stack size 12 bytes, strcpy.o(.text))
<BR><BR>[Stack]<UL><LI>Max Depth = 12<LI>Call Chain = strcpy
</UL>
<BR>[Called By]<UL><LI><a href="#[276]">&gt;&gt;</a>&nbsp;&nbsp;&nbsp;jmp_gcode_analysis
<LI><a href="#[299]">&gt;&gt;</a>&nbsp;&nbsp;&nbsp;jmp_gui_update_gcode_file_name
<LI><a href="#[297]">&gt;&gt;</a>&nbsp;&nbsp;&nbsp;jmp_gui_start_print
<LI><a href="#[296]">&gt;&gt;</a>&nbsp;&nbsp;&nbsp;jmp_gui_printing_update
<LI><a href="#[294]">&gt;&gt;</a>&nbsp;&nbsp;&nbsp;jmp_gui_print_prepare_file_name_update
<LI><a href="#[28e]">&gt;&gt;</a>&nbsp;&nbsp;&nbsp;jmp_gui_find_gcode_file
</UL>

<P><STRONG><a name="[f1]"></a>strncasecmp</STRONG> (Thumb, 50 bytes, Stack size 24 bytes, strncasecmp.o(.text))
<BR><BR>[Stack]<UL><LI>Max Depth = 48<LI>Call Chain = strncasecmp &rArr; tolower &rArr; __rt_ctype_table &rArr; __rt_locale
</UL>
<BR>[Calls]<UL><LI><a href="#[f2]">&gt;&gt;</a>&nbsp;&nbsp;&nbsp;tolower
</UL>
<BR>[Called By]<UL><LI><a href="#[25c]">&gt;&gt;</a>&nbsp;&nbsp;&nbsp;frec_find
</UL>

<P><STRONG><a name="[254]"></a>strlen</STRONG> (Thumb, 62 bytes, Stack size 8 bytes, strlen.o(.text))
<BR><BR>[Stack]<UL><LI>Max Depth = 8<LI>Call Chain = strlen
</UL>
<BR>[Called By]<UL><LI><a href="#[299]">&gt;&gt;</a>&nbsp;&nbsp;&nbsp;jmp_gui_update_gcode_file_name
<LI><a href="#[296]">&gt;&gt;</a>&nbsp;&nbsp;&nbsp;jmp_gui_printing_update
<LI><a href="#[294]">&gt;&gt;</a>&nbsp;&nbsp;&nbsp;jmp_gui_print_prepare_file_name_update
<LI><a href="#[252]">&gt;&gt;</a>&nbsp;&nbsp;&nbsp;ffind
<LI><a href="#[250]">&gt;&gt;</a>&nbsp;&nbsp;&nbsp;path_create
</UL>

<P><STRONG><a name="[132]"></a>__aeabi_memcpy</STRONG> (Thumb, 0 bytes, Stack size 0 bytes, rt_memcpy_v6.o(.text))
<BR><BR>[Called By]<UL><LI><a href="#[1b0]">&gt;&gt;</a>&nbsp;&nbsp;&nbsp;USBH_MSC_Write10
<LI><a href="#[1ae]">&gt;&gt;</a>&nbsp;&nbsp;&nbsp;USBH_MSC_Read10
<LI><a href="#[232]">&gt;&gt;</a>&nbsp;&nbsp;&nbsp;write_cache
<LI><a href="#[202]">&gt;&gt;</a>&nbsp;&nbsp;&nbsp;read_sector
<LI><a href="#[251]">&gt;&gt;</a>&nbsp;&nbsp;&nbsp;read_cache
<LI><a href="#[250]">&gt;&gt;</a>&nbsp;&nbsp;&nbsp;path_create
<LI><a href="#[244]">&gt;&gt;</a>&nbsp;&nbsp;&nbsp;fat_ffind
<LI><a href="#[1f3]">&gt;&gt;</a>&nbsp;&nbsp;&nbsp;fat_write
<LI><a href="#[1ed]">&gt;&gt;</a>&nbsp;&nbsp;&nbsp;fat_read
<LI><a href="#[130]">&gt;&gt;</a>&nbsp;&nbsp;&nbsp;fread
</UL>

<P><STRONG><a name="[f3]"></a>__rt_memcpy</STRONG> (Thumb, 138 bytes, Stack size 0 bytes, rt_memcpy_v6.o(.text), UNUSED)
<BR><BR>[Calls]<UL><LI><a href="#[f4]">&gt;&gt;</a>&nbsp;&nbsp;&nbsp;__aeabi_memcpy4
</UL>

<P><STRONG><a name="[332]"></a>_memcpy_lastbytes</STRONG> (Thumb, 0 bytes, Stack size unknown bytes, rt_memcpy_v6.o(.text), UNUSED)

<P><STRONG><a name="[f4]"></a>__aeabi_memcpy4</STRONG> (Thumb, 0 bytes, Stack size 8 bytes, rt_memcpy_w.o(.text))
<BR><BR>[Stack]<UL><LI>Max Depth = 8<LI>Call Chain = __aeabi_memcpy4
</UL>
<BR>[Called By]<UL><LI><a href="#[f3]">&gt;&gt;</a>&nbsp;&nbsp;&nbsp;__rt_memcpy
<LI><a href="#[250]">&gt;&gt;</a>&nbsp;&nbsp;&nbsp;path_create
<LI><a href="#[235]">&gt;&gt;</a>&nbsp;&nbsp;&nbsp;create_dot_entries
</UL>

<P><STRONG><a name="[333]"></a>__aeabi_memcpy8</STRONG> (Thumb, 0 bytes, Stack size 8 bytes, rt_memcpy_w.o(.text), UNUSED)

<P><STRONG><a name="[334]"></a>__rt_memcpy_w</STRONG> (Thumb, 100 bytes, Stack size 8 bytes, rt_memcpy_w.o(.text), UNUSED)

<P><STRONG><a name="[335]"></a>_memcpy_lastbytes_aligned</STRONG> (Thumb, 0 bytes, Stack size unknown bytes, rt_memcpy_w.o(.text), UNUSED)

<P><STRONG><a name="[231]"></a>__aeabi_memclr</STRONG> (Thumb, 0 bytes, Stack size 0 bytes, rt_memclr.o(.text))
<BR><BR>[Called By]<UL><LI><a href="#[243]">&gt;&gt;</a>&nbsp;&nbsp;&nbsp;fsinfo_write
<LI><a href="#[22f]">&gt;&gt;</a>&nbsp;&nbsp;&nbsp;clear_clus
</UL>

<P><STRONG><a name="[f5]"></a>__rt_memclr</STRONG> (Thumb, 68 bytes, Stack size 0 bytes, rt_memclr.o(.text), UNUSED)
<BR><BR>[Calls]<UL><LI><a href="#[f6]">&gt;&gt;</a>&nbsp;&nbsp;&nbsp;_memset_w
</UL>

<P><STRONG><a name="[336]"></a>_memset</STRONG> (Thumb, 0 bytes, Stack size unknown bytes, rt_memclr.o(.text), UNUSED)

<P><STRONG><a name="[e6]"></a>__aeabi_memclr4</STRONG> (Thumb, 0 bytes, Stack size 4 bytes, rt_memclr_w.o(.text))
<BR><BR>[Stack]<UL><LI>Max Depth = 4<LI>Call Chain = __aeabi_memclr4
</UL>
<BR>[Called By]<UL><LI><a href="#[1ac]">&gt;&gt;</a>&nbsp;&nbsp;&nbsp;USBH_MSC_Send_Data
<LI><a href="#[1ad]">&gt;&gt;</a>&nbsp;&nbsp;&nbsp;USBH_MSC_Rece_Data
<LI><a href="#[2e8]">&gt;&gt;</a>&nbsp;&nbsp;&nbsp;usbh_mem_init_lib
<LI><a href="#[1a3]">&gt;&gt;</a>&nbsp;&nbsp;&nbsp;USBH_Send_Setup
<LI><a href="#[1a5]">&gt;&gt;</a>&nbsp;&nbsp;&nbsp;USBH_Send_Data
<LI><a href="#[1a4]">&gt;&gt;</a>&nbsp;&nbsp;&nbsp;USBH_Rece_Data
<LI><a href="#[ec]">&gt;&gt;</a>&nbsp;&nbsp;&nbsp;fopen
<LI><a href="#[e2]">&gt;&gt;</a>&nbsp;&nbsp;&nbsp;_fclose_internal
<LI><a href="#[24a]">&gt;&gt;</a>&nbsp;&nbsp;&nbsp;fat_init
<LI><a href="#[1e5]">&gt;&gt;</a>&nbsp;&nbsp;&nbsp;fs_find_iob
<LI><a href="#[22]">&gt;&gt;</a>&nbsp;&nbsp;&nbsp;USBH_MSC_UnConfig
<LI><a href="#[21]">&gt;&gt;</a>&nbsp;&nbsp;&nbsp;USBH_MSC_Config
<LI><a href="#[c3]">&gt;&gt;</a>&nbsp;&nbsp;&nbsp;_initio
</UL>

<P><STRONG><a name="[337]"></a>__aeabi_memclr8</STRONG> (Thumb, 0 bytes, Stack size 4 bytes, rt_memclr_w.o(.text), UNUSED)

<P><STRONG><a name="[338]"></a>__rt_memclr_w</STRONG> (Thumb, 78 bytes, Stack size 4 bytes, rt_memclr_w.o(.text), UNUSED)

<P><STRONG><a name="[f6]"></a>_memset_w</STRONG> (Thumb, 0 bytes, Stack size unknown bytes, rt_memclr_w.o(.text), UNUSED)
<BR><BR>[Called By]<UL><LI><a href="#[f5]">&gt;&gt;</a>&nbsp;&nbsp;&nbsp;__rt_memclr
</UL>

<P><STRONG><a name="[1f7]"></a>strcmp</STRONG> (Thumb, 128 bytes, Stack size 0 bytes, strcmpv7m.o(.text))
<BR><BR>[Called By]<UL><LI><a href="#[ea]">&gt;&gt;</a>&nbsp;&nbsp;&nbsp;_sys_open
<LI><a href="#[252]">&gt;&gt;</a>&nbsp;&nbsp;&nbsp;ffind
<LI><a href="#[8e]">&gt;&gt;</a>&nbsp;&nbsp;&nbsp;_get_lc_ctype
<LI><a href="#[c1]">&gt;&gt;</a>&nbsp;&nbsp;&nbsp;_get_lc_numeric
</UL>

<P><STRONG><a name="[339]"></a>__use_two_region_memory</STRONG> (Thumb, 2 bytes, Stack size 0 bytes, heapauxi.o(.text), UNUSED)

<P><STRONG><a name="[4]"></a>__rt_heap_escrow</STRONG> (Thumb, 2 bytes, Stack size 0 bytes, heapauxi.o(.text), UNUSED)

<P><STRONG><a name="[3]"></a>__rt_heap_expand</STRONG> (Thumb, 2 bytes, Stack size 0 bytes, heapauxi.o(.text), UNUSED)

<P><STRONG><a name="[db]"></a>__aeabi_errno_addr</STRONG> (Thumb, 4 bytes, Stack size 0 bytes, rt_errno_addr_twolibspace.o(.text))
<BR><BR>[Stack]<UL><LI>Max Depth = 8<LI>Call Chain = __aeabi_errno_addr &rArr; __user_perthread_libspace
</UL>
<BR>[Calls]<UL><LI><a href="#[f7]">&gt;&gt;</a>&nbsp;&nbsp;&nbsp;__user_perthread_libspace
</UL>
<BR>[Called By]<UL><LI><a href="#[da]">&gt;&gt;</a>&nbsp;&nbsp;&nbsp;atoi
<LI><a href="#[128]">&gt;&gt;</a>&nbsp;&nbsp;&nbsp;_fp_value
<LI><a href="#[111]">&gt;&gt;</a>&nbsp;&nbsp;&nbsp;_strtoul
<LI><a href="#[df]">&gt;&gt;</a>&nbsp;&nbsp;&nbsp;_ftell_internal
<LI><a href="#[dc]">&gt;&gt;</a>&nbsp;&nbsp;&nbsp;strtol
<LI><a href="#[fe]">&gt;&gt;</a>&nbsp;&nbsp;&nbsp;__set_errno
<LI><a href="#[fd]">&gt;&gt;</a>&nbsp;&nbsp;&nbsp;__read_errno
</UL>

<P><STRONG><a name="[33a]"></a>__errno$twolibspace</STRONG> (Thumb, 0 bytes, Stack size 0 bytes, rt_errno_addr_twolibspace.o(.text), UNUSED)

<P><STRONG><a name="[33b]"></a>__rt_errno_addr$twolibspace</STRONG> (Thumb, 0 bytes, Stack size 0 bytes, rt_errno_addr_twolibspace.o(.text), UNUSED)

<P><STRONG><a name="[f8]"></a>_malloc_internal</STRONG> (Thumb, 130 bytes, Stack size 24 bytes, h1_alloc_mt.o(.text))
<BR><BR>[Stack]<UL><LI>Max Depth = 72<LI>Call Chain = _malloc_internal &rArr; __Heap_Full &rArr; __Heap_ProvideMemory &rArr; _free_internal &rArr; _mutex_release
</UL>
<BR>[Calls]<UL><LI><a href="#[b1]">&gt;&gt;</a>&nbsp;&nbsp;&nbsp;_mutex_release
<LI><a href="#[b0]">&gt;&gt;</a>&nbsp;&nbsp;&nbsp;_mutex_acquire
<LI><a href="#[fa]">&gt;&gt;</a>&nbsp;&nbsp;&nbsp;__Heap_Full
<LI><a href="#[f9]">&gt;&gt;</a>&nbsp;&nbsp;&nbsp;Heap1_SizeAdjust
</UL>
<BR>[Called By]<UL><LI><a href="#[ed]">&gt;&gt;</a>&nbsp;&nbsp;&nbsp;malloc
</UL>

<P><STRONG><a name="[ed]"></a>malloc</STRONG> (Thumb, 20 bytes, Stack size 8 bytes, h1_alloc_mt.o(.text))
<BR><BR>[Stack]<UL><LI>Max Depth = 80<LI>Call Chain = malloc &rArr; _malloc_internal &rArr; __Heap_Full &rArr; __Heap_ProvideMemory &rArr; _free_internal &rArr; _mutex_release
</UL>
<BR>[Calls]<UL><LI><a href="#[fb]">&gt;&gt;</a>&nbsp;&nbsp;&nbsp;__rt_heap_descriptor
<LI><a href="#[f8]">&gt;&gt;</a>&nbsp;&nbsp;&nbsp;_malloc_internal
</UL>
<BR>[Called By]<UL><LI><a href="#[ec]">&gt;&gt;</a>&nbsp;&nbsp;&nbsp;fopen
<LI><a href="#[122]">&gt;&gt;</a>&nbsp;&nbsp;&nbsp;__filbuf
</UL>

<P><STRONG><a name="[fc]"></a>_free_internal</STRONG> (Thumb, 98 bytes, Stack size 16 bytes, h1_free_mt.o(.text))
<BR><BR>[Stack]<UL><LI>Max Depth = 24<LI>Call Chain = _free_internal &rArr; _mutex_release
</UL>
<BR>[Calls]<UL><LI><a href="#[b1]">&gt;&gt;</a>&nbsp;&nbsp;&nbsp;_mutex_release
<LI><a href="#[b0]">&gt;&gt;</a>&nbsp;&nbsp;&nbsp;_mutex_acquire
</UL>
<BR>[Called By]<UL><LI><a href="#[11b]">&gt;&gt;</a>&nbsp;&nbsp;&nbsp;__Heap_ProvideMemory
<LI><a href="#[e5]">&gt;&gt;</a>&nbsp;&nbsp;&nbsp;free
</UL>

<P><STRONG><a name="[e5]"></a>free</STRONG> (Thumb, 20 bytes, Stack size 8 bytes, h1_free_mt.o(.text))
<BR><BR>[Stack]<UL><LI>Max Depth = 32<LI>Call Chain = free &rArr; _free_internal &rArr; _mutex_release
</UL>
<BR>[Calls]<UL><LI><a href="#[fb]">&gt;&gt;</a>&nbsp;&nbsp;&nbsp;__rt_heap_descriptor
<LI><a href="#[fc]">&gt;&gt;</a>&nbsp;&nbsp;&nbsp;_free_internal
</UL>
<BR>[Called By]<UL><LI><a href="#[e2]">&gt;&gt;</a>&nbsp;&nbsp;&nbsp;_fclose_internal
<LI><a href="#[c5]">&gt;&gt;</a>&nbsp;&nbsp;&nbsp;_terminateio
</UL>

<P><STRONG><a name="[fd]"></a>__read_errno</STRONG> (Thumb, 10 bytes, Stack size 8 bytes, _rserrno.o(.text))
<BR><BR>[Stack]<UL><LI>Max Depth = 16<LI>Call Chain = __read_errno &rArr; __aeabi_errno_addr &rArr; __user_perthread_libspace
</UL>
<BR>[Calls]<UL><LI><a href="#[db]">&gt;&gt;</a>&nbsp;&nbsp;&nbsp;__aeabi_errno_addr
</UL>
<BR>[Called By]<UL><LI><a href="#[1c1]">&gt;&gt;</a>&nbsp;&nbsp;&nbsp;__hardfp_atof
</UL>

<P><STRONG><a name="[fe]"></a>__set_errno</STRONG> (Thumb, 12 bytes, Stack size 8 bytes, _rserrno.o(.text))
<BR><BR>[Stack]<UL><LI>Max Depth = 16<LI>Call Chain = __set_errno &rArr; __aeabi_errno_addr &rArr; __user_perthread_libspace
</UL>
<BR>[Calls]<UL><LI><a href="#[db]">&gt;&gt;</a>&nbsp;&nbsp;&nbsp;__aeabi_errno_addr
</UL>
<BR>[Called By]<UL><LI><a href="#[1d1]">&gt;&gt;</a>&nbsp;&nbsp;&nbsp;sqrt
<LI><a href="#[1db]">&gt;&gt;</a>&nbsp;&nbsp;&nbsp;__hardfp_sqrt
<LI><a href="#[1cc]">&gt;&gt;</a>&nbsp;&nbsp;&nbsp;__hardfp_pow
<LI><a href="#[1c1]">&gt;&gt;</a>&nbsp;&nbsp;&nbsp;__hardfp_atof
<LI><a href="#[1c7]">&gt;&gt;</a>&nbsp;&nbsp;&nbsp;__hardfp_ldexp
<LI><a href="#[12f]">&gt;&gt;</a>&nbsp;&nbsp;&nbsp;__mathlib_narrow
</UL>

<P><STRONG><a name="[f2]"></a>tolower</STRONG> (Thumb, 26 bytes, Stack size 8 bytes, tolower.o(.text))
<BR><BR>[Stack]<UL><LI>Max Depth = 24<LI>Call Chain = tolower &rArr; __rt_ctype_table &rArr; __rt_locale
</UL>
<BR>[Calls]<UL><LI><a href="#[ff]">&gt;&gt;</a>&nbsp;&nbsp;&nbsp;__rt_ctype_table
</UL>
<BR>[Called By]<UL><LI><a href="#[f1]">&gt;&gt;</a>&nbsp;&nbsp;&nbsp;strncasecmp
</UL>

<P><STRONG><a name="[33c]"></a>__lib_sel_fp_printf</STRONG> (Thumb, 2 bytes, Stack size 0 bytes, _printf_fp_dec.o(.text), UNUSED)

<P><STRONG><a name="[106]"></a>_printf_fp_dec_real</STRONG> (Thumb, 620 bytes, Stack size 104 bytes, _printf_fp_dec.o(.text))
<BR><BR>[Stack]<UL><LI>Max Depth = 320<LI>Call Chain = _printf_fp_dec_real &rArr; _fp_digits &rArr; _btod_etento &rArr; _btod_emul &rArr; _e2e
</UL>
<BR>[Calls]<UL><LI><a href="#[108]">&gt;&gt;</a>&nbsp;&nbsp;&nbsp;_printf_fp_infnan
<LI><a href="#[be]">&gt;&gt;</a>&nbsp;&nbsp;&nbsp;__rt_locale
<LI><a href="#[107]">&gt;&gt;</a>&nbsp;&nbsp;&nbsp;__ARM_fpclassify
<LI><a href="#[100]">&gt;&gt;</a>&nbsp;&nbsp;&nbsp;_fp_digits
</UL>
<BR>[Called By]<UL><LI><a href="#[b6]">&gt;&gt;</a>&nbsp;&nbsp;&nbsp;_printf_fp_dec
</UL>

<P><STRONG><a name="[109]"></a>_printf_cs_common</STRONG> (Thumb, 20 bytes, Stack size 8 bytes, _printf_char.o(.text))
<BR><BR>[Stack]<UL><LI>Max Depth = 24<LI>Call Chain = _printf_cs_common &rArr; _printf_str
</UL>
<BR>[Calls]<UL><LI><a href="#[10a]">&gt;&gt;</a>&nbsp;&nbsp;&nbsp;_printf_str
</UL>
<BR>[Called By]<UL><LI><a href="#[b8]">&gt;&gt;</a>&nbsp;&nbsp;&nbsp;_printf_string
<LI><a href="#[10b]">&gt;&gt;</a>&nbsp;&nbsp;&nbsp;_printf_char
</UL>

<P><STRONG><a name="[10b]"></a>_printf_char</STRONG> (Thumb, 16 bytes, Stack size 0 bytes, _printf_char.o(.text), UNUSED)
<BR><BR>[Calls]<UL><LI><a href="#[109]">&gt;&gt;</a>&nbsp;&nbsp;&nbsp;_printf_cs_common
</UL>

<P><STRONG><a name="[b8]"></a>_printf_string</STRONG> (Thumb, 8 bytes, Stack size 0 bytes, _printf_char.o(.text))
<BR><BR>[Stack]<UL><LI>Max Depth = 24<LI>Call Chain = _printf_string &rArr; _printf_cs_common &rArr; _printf_str
</UL>
<BR>[Calls]<UL><LI><a href="#[109]">&gt;&gt;</a>&nbsp;&nbsp;&nbsp;_printf_cs_common
</UL>
<BR>[Called By]<UL><LI><a href="#[b7]">&gt;&gt;</a>&nbsp;&nbsp;&nbsp;_printf_s
</UL>

<P><STRONG><a name="[d7]"></a>_printf_char_file</STRONG> (Thumb, 32 bytes, Stack size 16 bytes, _printf_char_file.o(.text))
<BR><BR>[Stack]<UL><LI>Max Depth = 104 + Unknown Stack Size
<LI>Call Chain = _printf_char_file &rArr; _printf_char_common &rArr; __printf
</UL>
<BR>[Calls]<UL><LI><a href="#[10d]">&gt;&gt;</a>&nbsp;&nbsp;&nbsp;ferror
<LI><a href="#[10c]">&gt;&gt;</a>&nbsp;&nbsp;&nbsp;_printf_char_common
</UL>
<BR>[Called By]<UL><LI><a href="#[d6]">&gt;&gt;</a>&nbsp;&nbsp;&nbsp;__2printf
</UL>

<P><STRONG><a name="[110]"></a>__strtod_int</STRONG> (Thumb, 90 bytes, Stack size 40 bytes, strtod.o(.text))
<BR><BR>[Stack]<UL><LI>Max Depth = 424<LI>Call Chain = __strtod_int &rArr; _local_sscanf &rArr; _scanf_real &rArr; _scanf_really_real &rArr; _fp_value &rArr; _btod_etento &rArr; _btod_emul &rArr; _e2e
</UL>
<BR>[Calls]<UL><LI><a href="#[10e]">&gt;&gt;</a>&nbsp;&nbsp;&nbsp;_local_sscanf
</UL>
<BR>[Called By]<UL><LI><a href="#[1c1]">&gt;&gt;</a>&nbsp;&nbsp;&nbsp;__hardfp_atof
</UL>

<P><STRONG><a name="[dc]"></a>strtol</STRONG> (Thumb, 112 bytes, Stack size 32 bytes, strtol.o(.text))
<BR><BR>[Stack]<UL><LI>Max Depth = 80<LI>Call Chain = strtol &rArr; _strtoul &rArr; __aeabi_errno_addr &rArr; __user_perthread_libspace
</UL>
<BR>[Calls]<UL><LI><a href="#[db]">&gt;&gt;</a>&nbsp;&nbsp;&nbsp;__aeabi_errno_addr
<LI><a href="#[111]">&gt;&gt;</a>&nbsp;&nbsp;&nbsp;_strtoul
<LI><a href="#[ff]">&gt;&gt;</a>&nbsp;&nbsp;&nbsp;__rt_ctype_table
</UL>
<BR>[Called By]<UL><LI><a href="#[da]">&gt;&gt;</a>&nbsp;&nbsp;&nbsp;atoi
</UL>

<P><STRONG><a name="[df]"></a>_ftell_internal</STRONG> (Thumb, 66 bytes, Stack size 8 bytes, ftell.o(.text))
<BR><BR>[Stack]<UL><LI>Max Depth = 16<LI>Call Chain = _ftell_internal &rArr; __aeabi_errno_addr &rArr; __user_perthread_libspace
</UL>
<BR>[Calls]<UL><LI><a href="#[db]">&gt;&gt;</a>&nbsp;&nbsp;&nbsp;__aeabi_errno_addr
</UL>
<BR>[Called By]<UL><LI><a href="#[dd]">&gt;&gt;</a>&nbsp;&nbsp;&nbsp;_fseek
</UL>

<P><STRONG><a name="[33d]"></a>ftell</STRONG> (Thumb, 0 bytes, Stack size 8 bytes, ftell.o(.text), UNUSED)

<P><STRONG><a name="[e1]"></a>_seterr</STRONG> (Thumb, 20 bytes, Stack size 0 bytes, stdio.o(.text))
<BR><BR>[Called By]<UL><LI><a href="#[dd]">&gt;&gt;</a>&nbsp;&nbsp;&nbsp;_fseek
<LI><a href="#[122]">&gt;&gt;</a>&nbsp;&nbsp;&nbsp;__filbuf
<LI><a href="#[120]">&gt;&gt;</a>&nbsp;&nbsp;&nbsp;_readbuf
<LI><a href="#[112]">&gt;&gt;</a>&nbsp;&nbsp;&nbsp;_writebuf
</UL>

<P><STRONG><a name="[112]"></a>_writebuf</STRONG> (Thumb, 84 bytes, Stack size 32 bytes, stdio.o(.text))
<BR><BR>[Stack]<UL><LI>Max Depth = 192<LI>Call Chain = _writebuf &rArr; _sys_write &rArr; __sys_write &rArr; fat_write &rArr; write_fat_link &rArr; cache_fat
</UL>
<BR>[Calls]<UL><LI><a href="#[114]">&gt;&gt;</a>&nbsp;&nbsp;&nbsp;_sys_write
<LI><a href="#[113]">&gt;&gt;</a>&nbsp;&nbsp;&nbsp;_sys_seek
<LI><a href="#[e1]">&gt;&gt;</a>&nbsp;&nbsp;&nbsp;_seterr
</UL>
<BR>[Called By]<UL><LI><a href="#[e3]">&gt;&gt;</a>&nbsp;&nbsp;&nbsp;_fflush
</UL>

<P><STRONG><a name="[e3]"></a>_fflush</STRONG> (Thumb, 70 bytes, Stack size 16 bytes, stdio.o(.text))
<BR><BR>[Stack]<UL><LI>Max Depth = 208<LI>Call Chain = _fflush &rArr; _writebuf &rArr; _sys_write &rArr; __sys_write &rArr; fat_write &rArr; write_fat_link &rArr; cache_fat
</UL>
<BR>[Calls]<UL><LI><a href="#[112]">&gt;&gt;</a>&nbsp;&nbsp;&nbsp;_writebuf
</UL>
[...]
</UL>
<BR>[Calls]<UL><LI><a href="#[202]">&gt;&gt;</a>&nbsp;&nbsp;&nbsp;read_sector
<LI><a href="#[204]">&gt;&gt;</a>&nbsp;&nbsp;&nbsp;get_u32
</UL>
<BR>[Called By]<UL><LI><a href="#[24a]">&gt;&gt;</a>&nbsp;&nbsp;&nbsp;fat_init
</UL>

<P><STRONG><a name="[243]"></a>fsinfo_write</STRONG> (Thumb, 90 bytes, Stack size 8 bytes, fs_fat.o(i.fsinfo_write))
<BR><BR>[Stack]<UL><LI>Max Depth = 48<LI>Call Chain = fsinfo_write &rArr; write_cache &rArr; write_sector
</UL>
<BR>[Calls]<UL><LI><a href="#[231]">&gt;&gt;</a>&nbsp;&nbsp;&nbsp;__aeabi_memclr
<LI><a href="#[232]">&gt;&gt;</a>&nbsp;&nbsp;&nbsp;write_cache
<LI><a href="#[242]">&gt;&gt;</a>&nbsp;&nbsp;&nbsp;set_u32
<LI><a href="#[239]">&gt;&gt;</a>&nbsp;&nbsp;&nbsp;set_u16
</UL>
<BR>[Called By]<UL><LI><a href="#[24a]">&gt;&gt;</a>&nbsp;&nbsp;&nbsp;fat_init
<LI><a href="#[1e7]">&gt;&gt;</a>&nbsp;&nbsp;&nbsp;fat_open
<LI><a href="#[1e0]">&gt;&gt;</a>&nbsp;&nbsp;&nbsp;fat_close
</UL>

<P><STRONG><a name="[1fc]"></a>get_EOC</STRONG> (Thumb, 34 bytes, Stack size 0 bytes, fs_fat.o(i.get_EOC))
<BR><BR>[Called By]<UL><LI><a href="#[1fa]">&gt;&gt;</a>&nbsp;&nbsp;&nbsp;alloc_new_clus
<LI><a href="#[1e0]">&gt;&gt;</a>&nbsp;&nbsp;&nbsp;fat_close
</UL>

<P><STRONG><a name="[238]"></a>get_date</STRONG> (Thumb, 46 bytes, Stack size 8 bytes, fs_fat.o(i.get_date))
<BR><BR>[Stack]<UL><LI>Max Depth = 8<LI>Call Chain = get_date
</UL>
<BR>[Calls]<UL><LI><a href="#[267]">&gt;&gt;</a>&nbsp;&nbsp;&nbsp;fs_get_date
</UL>
<BR>[Called By]<UL><LI><a href="#[23d]">&gt;&gt;</a>&nbsp;&nbsp;&nbsp;create_sfn_entry
<LI><a href="#[235]">&gt;&gt;</a>&nbsp;&nbsp;&nbsp;create_dot_entries
<LI><a href="#[1e7]">&gt;&gt;</a>&nbsp;&nbsp;&nbsp;fat_open
<LI><a href="#[1e0]">&gt;&gt;</a>&nbsp;&nbsp;&nbsp;fat_close
</UL>

<P><STRONG><a name="[234]"></a>get_fat_sect</STRONG> (Thumb, 50 bytes, Stack size 0 bytes, fs_fat.o(i.get_fat_sect))
<BR><BR>[Called By]<UL><LI><a href="#[1fd]">&gt;&gt;</a>&nbsp;&nbsp;&nbsp;write_fat_link
<LI><a href="#[24f]">&gt;&gt;</a>&nbsp;&nbsp;&nbsp;unlink_clus_chain
<LI><a href="#[23f]">&gt;&gt;</a>&nbsp;&nbsp;&nbsp;set_next_clus
<LI><a href="#[1fb]">&gt;&gt;</a>&nbsp;&nbsp;&nbsp;get_free_clus
<LI><a href="#[233]">&gt;&gt;</a>&nbsp;&nbsp;&nbsp;count_free_clus
</UL>

<P><STRONG><a name="[1fb]"></a>get_free_clus</STRONG> (Thumb, 212 bytes, Stack size 24 bytes, fs_fat.o(i.get_free_clus))
<BR><BR>[Stack]<UL><LI>Max Depth = 40<LI>Call Chain = get_free_clus &rArr; cache_fat
</UL>
<BR>[Calls]<UL><LI><a href="#[204]">&gt;&gt;</a>&nbsp;&nbsp;&nbsp;get_u32
<LI><a href="#[203]">&gt;&gt;</a>&nbsp;&nbsp;&nbsp;get_u16
<LI><a href="#[234]">&gt;&gt;</a>&nbsp;&nbsp;&nbsp;get_fat_sect
<LI><a href="#[1fe]">&gt;&gt;</a>&nbsp;&nbsp;&nbsp;cache_fat
</UL>
<BR>[Called By]<UL><LI><a href="#[1fa]">&gt;&gt;</a>&nbsp;&nbsp;&nbsp;alloc_new_clus
<LI><a href="#[1f3]">&gt;&gt;</a>&nbsp;&nbsp;&nbsp;fat_write
</UL>

<P><STRONG><a name="[237]"></a>get_time</STRONG> (Thumb, 46 bytes, Stack size 8 bytes, fs_fat.o(i.get_time))
<BR><BR>[Stack]<UL><LI>Max Depth = 8<LI>Call Chain = get_time
</UL>
<BR>[Calls]<UL><LI><a href="#[268]">&gt;&gt;</a>&nbsp;&nbsp;&nbsp;fs_get_time
</UL>
<BR>[Called By]<UL><LI><a href="#[23d]">&gt;&gt;</a>&nbsp;&nbsp;&nbsp;create_sfn_entry
<LI><a href="#[235]">&gt;&gt;</a>&nbsp;&nbsp;&nbsp;create_dot_entries
<LI><a href="#[1e7]">&gt;&gt;</a>&nbsp;&nbsp;&nbsp;fat_open
<LI><a href="#[1e0]">&gt;&gt;</a>&nbsp;&nbsp;&nbsp;fat_close
</UL>

<P><STRONG><a name="[203]"></a>get_u16</STRONG> (Thumb, 10 bytes, Stack size 0 bytes, fs_fat.o(i.get_u16))
<BR><BR>[Called By]<UL><LI><a href="#[1fd]">&gt;&gt;</a>&nbsp;&nbsp;&nbsp;write_fat_link
<LI><a href="#[24f]">&gt;&gt;</a>&nbsp;&nbsp;&nbsp;unlink_clus_chain
<LI><a href="#[23f]">&gt;&gt;</a>&nbsp;&nbsp;&nbsp;set_next_clus
<LI><a href="#[248]">&gt;&gt;</a>&nbsp;&nbsp;&nbsp;path_open
<LI><a href="#[1fb]">&gt;&gt;</a>&nbsp;&nbsp;&nbsp;get_free_clus
<LI><a href="#[233]">&gt;&gt;</a>&nbsp;&nbsp;&nbsp;count_free_clus
<LI><a href="#[201]">&gt;&gt;</a>&nbsp;&nbsp;&nbsp;bs_read
<LI><a href="#[24a]">&gt;&gt;</a>&nbsp;&nbsp;&nbsp;fat_init
<LI><a href="#[244]">&gt;&gt;</a>&nbsp;&nbsp;&nbsp;fat_ffind
<LI><a href="#[1e7]">&gt;&gt;</a>&nbsp;&nbsp;&nbsp;fat_open
</UL>

<P><STRONG><a name="[204]"></a>get_u32</STRONG> (Thumb, 22 bytes, Stack size 0 bytes, fs_fat.o(i.get_u32))
<BR><BR>[Called By]<UL><LI><a href="#[1fd]">&gt;&gt;</a>&nbsp;&nbsp;&nbsp;write_fat_link
<LI><a href="#[24f]">&gt;&gt;</a>&nbsp;&nbsp;&nbsp;unlink_clus_chain
<LI><a href="#[23f]">&gt;&gt;</a>&nbsp;&nbsp;&nbsp;set_next_clus
<LI><a href="#[1fb]">&gt;&gt;</a>&nbsp;&nbsp;&nbsp;get_free_clus
<LI><a href="#[24c]">&gt;&gt;</a>&nbsp;&nbsp;&nbsp;fsinfo_read
<LI><a href="#[201]">&gt;&gt;</a>&nbsp;&nbsp;&nbsp;bs_read
<LI><a href="#[24a]">&gt;&gt;</a>&nbsp;&nbsp;&nbsp;fat_init
<LI><a href="#[244]">&gt;&gt;</a>&nbsp;&nbsp;&nbsp;fat_ffind
<LI><a href="#[1e7]">&gt;&gt;</a>&nbsp;&nbsp;&nbsp;fat_open
</UL>

<P><STRONG><a name="[240]"></a>is_EOC</STRONG> (Thumb, 48 bytes, Stack size 0 bytes, fs_fat.o(i.is_EOC))
<BR><BR>[Called By]<UL><LI><a href="#[23c]">&gt;&gt;</a>&nbsp;&nbsp;&nbsp;entry_pos_set
<LI><a href="#[24f]">&gt;&gt;</a>&nbsp;&nbsp;&nbsp;unlink_clus_chain
<LI><a href="#[1f0]">&gt;&gt;</a>&nbsp;&nbsp;&nbsp;fat_seek
</UL>

<P><STRONG><a name="[2b8]"></a>name_analyse</STRONG> (Thumb, 122 bytes, Stack size 32 bytes, fs_fat.o(i.name_analyse))
<BR><BR>[Stack]<UL><LI>Max Depth = 32<LI>Call Chain = name_analyse
</UL>
<BR>[Calls]<UL><LI><a href="#[2b9]">&gt;&gt;</a>&nbsp;&nbsp;&nbsp;char_validate
</UL>
<BR>[Called By]<UL><LI><a href="#[248]">&gt;&gt;</a>&nbsp;&nbsp;&nbsp;path_open
<LI><a href="#[250]">&gt;&gt;</a>&nbsp;&nbsp;&nbsp;path_create
</UL>

<P><STRONG><a name="[2ba]"></a>name_basis_gen</STRONG> (Thumb, 180 bytes, Stack size 40 bytes, fs_fat.o(i.name_basis_gen))
<BR><BR>[Stack]<UL><LI>Max Depth = 40<LI>Call Chain = name_basis_gen
</UL>
<BR>[Calls]<UL><LI><a href="#[2b9]">&gt;&gt;</a>&nbsp;&nbsp;&nbsp;char_validate
</UL>
<BR>[Called By]<UL><LI><a href="#[250]">&gt;&gt;</a>&nbsp;&nbsp;&nbsp;path_create
</UL>

<P><STRONG><a name="[263]"></a>name_hash</STRONG> (Thumb, 8 bytes, Stack size 0 bytes, fs_fat.o(i.name_hash))
<BR><BR>[Stack]<UL><LI>Max Depth = 12<LI>Call Chain = name_hash &rArr; fat_crc32
</UL>
<BR>[Calls]<UL><LI><a href="#[25d]">&gt;&gt;</a>&nbsp;&nbsp;&nbsp;fat_crc32
</UL>
<BR>[Called By]<UL><LI><a href="#[250]">&gt;&gt;</a>&nbsp;&nbsp;&nbsp;path_create
<LI><a href="#[262]">&gt;&gt;</a>&nbsp;&nbsp;&nbsp;frec_find_elink
</UL>

<P><STRONG><a name="[2bc]"></a>name_nt_gen</STRONG> (Thumb, 288 bytes, Stack size 24 bytes, fs_fat.o(i.name_nt_gen))
<BR><BR>[Stack]<UL><LI>Max Depth = 24<LI>Call Chain = name_nt_gen
</UL>
<BR>[Called By]<UL><LI><a href="#[250]">&gt;&gt;</a>&nbsp;&nbsp;&nbsp;path_create
</UL>

<P><STRONG><a name="[2bb]"></a>name_strip</STRONG> (Thumb, 82 bytes, Stack size 12 bytes, fs_fat.o(i.name_strip))
<BR><BR>[Stack]<UL><LI>Max Depth = 12<LI>Call Chain = name_strip
</UL>
<BR>[Called By]<UL><LI><a href="#[248]">&gt;&gt;</a>&nbsp;&nbsp;&nbsp;path_open
<LI><a href="#[250]">&gt;&gt;</a>&nbsp;&nbsp;&nbsp;path_create
</UL>

<P><STRONG><a name="[250]"></a>path_create</STRONG> (Thumb, 540 bytes, Stack size 144 bytes, fs_fat.o(i.path_create))
<BR><BR>[Stack]<UL><LI>Max Depth = 336<LI>Call Chain = path_create &rArr; frec_find &rArr; entry_pos_set &rArr; set_next_clus &rArr; cache_fat
</UL>
<BR>[Calls]<UL><LI><a href="#[261]">&gt;&gt;</a>&nbsp;&nbsp;&nbsp;elink_insert
<LI><a href="#[259]">&gt;&gt;</a>&nbsp;&nbsp;&nbsp;elink_cmd
<LI><a href="#[f4]">&gt;&gt;</a>&nbsp;&nbsp;&nbsp;__aeabi_memcpy4
<LI><a href="#[132]">&gt;&gt;</a>&nbsp;&nbsp;&nbsp;__aeabi_memcpy
<LI><a href="#[254]">&gt;&gt;</a>&nbsp;&nbsp;&nbsp;strlen
<LI><a href="#[25e]">&gt;&gt;</a>&nbsp;&nbsp;&nbsp;sn_chksum
<LI><a href="#[260]">&gt;&gt;</a>&nbsp;&nbsp;&nbsp;short_ent_hash
<LI><a href="#[2bb]">&gt;&gt;</a>&nbsp;&nbsp;&nbsp;name_strip
<LI><a href="#[2bc]">&gt;&gt;</a>&nbsp;&nbsp;&nbsp;name_nt_gen
<LI><a href="#[263]">&gt;&gt;</a>&nbsp;&nbsp;&nbsp;name_hash
<LI><a href="#[2ba]">&gt;&gt;</a>&nbsp;&nbsp;&nbsp;name_basis_gen
<LI><a href="#[2b8]">&gt;&gt;</a>&nbsp;&nbsp;&nbsp;name_analyse
<LI><a href="#[262]">&gt;&gt;</a>&nbsp;&nbsp;&nbsp;frec_find_elink
<LI><a href="#[25c]">&gt;&gt;</a>&nbsp;&nbsp;&nbsp;frec_find
<LI><a href="#[258]">&gt;&gt;</a>&nbsp;&nbsp;&nbsp;frec_allocate
<LI><a href="#[23d]">&gt;&gt;</a>&nbsp;&nbsp;&nbsp;create_sfn_entry
<LI><a href="#[23b]">&gt;&gt;</a>&nbsp;&nbsp;&nbsp;create_lfn_entry
<LI><a href="#[235]">&gt;&gt;</a>&nbsp;&nbsp;&nbsp;create_dot_entries
<LI><a href="#[22f]">&gt;&gt;</a>&nbsp;&nbsp;&nbsp;clear_clus
<LI><a href="#[1fa]">&gt;&gt;</a>&nbsp;&nbsp;&nbsp;alloc_new_clus
</UL>
<BR>[Called By]<UL><LI><a href="#[1e7]">&gt;&gt;</a>&nbsp;&nbsp;&nbsp;fat_open
</UL>

<P><STRONG><a name="[248]"></a>path_open</STRONG> (Thumb, 172 bytes, Stack size 24 bytes, fs_fat.o(i.path_open))
<BR><BR>[Stack]<UL><LI>Max Depth = 216<LI>Call Chain = path_open &rArr; frec_find &rArr; entry_pos_set &rArr; set_next_clus &rArr; cache_fat
</UL>
<BR>[Calls]<UL><LI><a href="#[259]">&gt;&gt;</a>&nbsp;&nbsp;&nbsp;elink_cmd
<LI><a href="#[2bb]">&gt;&gt;</a>&nbsp;&nbsp;&nbsp;name_strip
<LI><a href="#[2b8]">&gt;&gt;</a>&nbsp;&nbsp;&nbsp;name_analyse
<LI><a href="#[203]">&gt;&gt;</a>&nbsp;&nbsp;&nbsp;get_u16
<LI><a href="#[262]">&gt;&gt;</a>&nbsp;&nbsp;&nbsp;frec_find_elink
<LI><a href="#[25c]">&gt;&gt;</a>&nbsp;&nbsp;&nbsp;frec_find
</UL>
<BR>[Called By]<UL><LI><a href="#[244]">&gt;&gt;</a>&nbsp;&nbsp;&nbsp;fat_ffind
<LI><a href="#[1e7]">&gt;&gt;</a>&nbsp;&nbsp;&nbsp;fat_open
</UL>

<P><STRONG><a name="[251]"></a>read_cache</STRONG> (Thumb, 122 bytes, Stack size 16 bytes, fs_fat.o(i.read_cache))
<BR><BR>[Stack]<UL><LI>Max Depth = 32<LI>Call Chain = read_cache &rArr; read_sector
</UL>
<BR>[Calls]<UL><LI><a href="#[132]">&gt;&gt;</a>&nbsp;&nbsp;&nbsp;__aeabi_memcpy
<LI><a href="#[202]">&gt;&gt;</a>&nbsp;&nbsp;&nbsp;read_sector
</UL>
<BR>[Called By]<UL><LI><a href="#[1ed]">&gt;&gt;</a>&nbsp;&nbsp;&nbsp;fat_read
</UL>

<P><STRONG><a name="[202]"></a>read_sector</STRONG> (Thumb, 82 bytes, Stack size 16 bytes, fs_fat.o(i.read_sector))
<BR><BR>[Stack]<UL><LI>Max Depth = 16<LI>Call Chain = read_sector
</UL>
<BR>[Calls]<UL><LI><a href="#[132]">&gt;&gt;</a>&nbsp;&nbsp;&nbsp;__aeabi_memcpy
</UL>
<BR>[Called By]<UL><LI><a href="#[236]">&gt;&gt;</a>&nbsp;&nbsp;&nbsp;entry_read
<LI><a href="#[251]">&gt;&gt;</a>&nbsp;&nbsp;&nbsp;read_cache
<LI><a href="#[24c]">&gt;&gt;</a>&nbsp;&nbsp;&nbsp;fsinfo_read
<LI><a href="#[201]">&gt;&gt;</a>&nbsp;&nbsp;&nbsp;bs_read
<LI><a href="#[24a]">&gt;&gt;</a>&nbsp;&nbsp;&nbsp;fat_init
<LI><a href="#[1f3]">&gt;&gt;</a>&nbsp;&nbsp;&nbsp;fat_write
</UL>

<P><STRONG><a name="[23f]"></a>set_next_clus</STRONG> (Thumb, 148 bytes, Stack size 24 bytes, fs_fat.o(i.set_next_clus))
<BR><BR>[Stack]<UL><LI>Max Depth = 40<LI>Call Chain = set_next_clus &rArr; cache_fat
</UL>
<BR>[Calls]<UL><LI><a href="#[204]">&gt;&gt;</a>&nbsp;&nbsp;&nbsp;get_u32
<LI><a href="#[203]">&gt;&gt;</a>&nbsp;&nbsp;&nbsp;get_u16
<LI><a href="#[234]">&gt;&gt;</a>&nbsp;&nbsp;&nbsp;get_fat_sect
<LI><a href="#[1fe]">&gt;&gt;</a>&nbsp;&nbsp;&nbsp;cache_fat
</UL>
<BR>[Called By]<UL><LI><a href="#[23c]">&gt;&gt;</a>&nbsp;&nbsp;&nbsp;entry_pos_set
<LI><a href="#[1f3]">&gt;&gt;</a>&nbsp;&nbsp;&nbsp;fat_write
<LI><a href="#[1f0]">&gt;&gt;</a>&nbsp;&nbsp;&nbsp;fat_seek
<LI><a href="#[1ed]">&gt;&gt;</a>&nbsp;&nbsp;&nbsp;fat_read
</UL>

<P><STRONG><a name="[247]"></a>set_root_clus</STRONG> (Thumb, 14 bytes, Stack size 0 bytes, fs_fat.o(i.set_root_clus))
<BR><BR>[Called By]<UL><LI><a href="#[244]">&gt;&gt;</a>&nbsp;&nbsp;&nbsp;fat_ffind
<LI><a href="#[1e7]">&gt;&gt;</a>&nbsp;&nbsp;&nbsp;fat_open
</UL>

<P><STRONG><a name="[239]"></a>set_u16</STRONG> (Thumb, 8 bytes, Stack size 0 bytes, fs_fat.o(i.set_u16))
<BR><BR>[Called By]<UL><LI><a href="#[1fd]">&gt;&gt;</a>&nbsp;&nbsp;&nbsp;write_fat_link
<LI><a href="#[24f]">&gt;&gt;</a>&nbsp;&nbsp;&nbsp;unlink_clus_chain
<LI><a href="#[243]">&gt;&gt;</a>&nbsp;&nbsp;&nbsp;fsinfo_write
<LI><a href="#[23d]">&gt;&gt;</a>&nbsp;&nbsp;&nbsp;create_sfn_entry
<LI><a href="#[235]">&gt;&gt;</a>&nbsp;&nbsp;&nbsp;create_dot_entries
<LI><a href="#[1e7]">&gt;&gt;</a>&nbsp;&nbsp;&nbsp;fat_open
<LI><a href="#[1e0]">&gt;&gt;</a>&nbsp;&nbsp;&nbsp;fat_close
</UL>

<P><STRONG><a name="[242]"></a>set_u32</STRONG> (Thumb, 16 bytes, Stack size 0 bytes, fs_fat.o(i.set_u32))
<BR><BR>[Called By]<UL><LI><a href="#[1fd]">&gt;&gt;</a>&nbsp;&nbsp;&nbsp;write_fat_link
<LI><a href="#[243]">&gt;&gt;</a>&nbsp;&nbsp;&nbsp;fsinfo_write
<LI><a href="#[1e0]">&gt;&gt;</a>&nbsp;&nbsp;&nbsp;fat_close
</UL>

<P><STRONG><a name="[25f]"></a>sfn_extract</STRONG> (Thumb, 72 bytes, Stack size 8 bytes, fs_fat.o(i.sfn_extract))
<BR><BR>[Stack]<UL><LI>Max Depth = 8<LI>Call Chain = sfn_extract
</UL>
<BR>[Called By]<UL><LI><a href="#[260]">&gt;&gt;</a>&nbsp;&nbsp;&nbsp;short_ent_hash
<LI><a href="#[249]">&gt;&gt;</a>&nbsp;&nbsp;&nbsp;frec_next
<LI><a href="#[25c]">&gt;&gt;</a>&nbsp;&nbsp;&nbsp;frec_find
</UL>

<P><STRONG><a name="[260]"></a>short_ent_hash</STRONG> (Thumb, 26 bytes, Stack size 24 bytes, fs_fat.o(i.short_ent_hash))
<BR><BR>[Stack]<UL><LI>Max Depth = 36<LI>Call Chain = short_ent_hash &rArr; fat_crc32
</UL>
<BR>[Calls]<UL><LI><a href="#[25f]">&gt;&gt;</a>&nbsp;&nbsp;&nbsp;sfn_extract
<LI><a href="#[25d]">&gt;&gt;</a>&nbsp;&nbsp;&nbsp;fat_crc32
</UL>
<BR>[Called By]<UL><LI><a href="#[250]">&gt;&gt;</a>&nbsp;&nbsp;&nbsp;path_create
<LI><a href="#[25c]">&gt;&gt;</a>&nbsp;&nbsp;&nbsp;frec_find
</UL>

<P><STRONG><a name="[25e]"></a>sn_chksum</STRONG> (Thumb, 30 bytes, Stack size 0 bytes, fs_fat.o(i.sn_chksum))
<BR><BR>[Called By]<UL><LI><a href="#[250]">&gt;&gt;</a>&nbsp;&nbsp;&nbsp;path_create
<LI><a href="#[249]">&gt;&gt;</a>&nbsp;&nbsp;&nbsp;frec_next
<LI><a href="#[25c]">&gt;&gt;</a>&nbsp;&nbsp;&nbsp;frec_find
</UL>

<P><STRONG><a name="[24f]"></a>unlink_clus_chain</STRONG> (Thumb, 312 bytes, Stack size 32 bytes, fs_fat.o(i.unlink_clus_chain))
<BR><BR>[Stack]<UL><LI>Max Depth = 48<LI>Call Chain = unlink_clus_chain &rArr; cache_fat
</UL>
<BR>[Calls]<UL><LI><a href="#[239]">&gt;&gt;</a>&nbsp;&nbsp;&nbsp;set_u16
<LI><a href="#[240]">&gt;&gt;</a>&nbsp;&nbsp;&nbsp;is_EOC
<LI><a href="#[204]">&gt;&gt;</a>&nbsp;&nbsp;&nbsp;get_u32
<LI><a href="#[203]">&gt;&gt;</a>&nbsp;&nbsp;&nbsp;get_u16
<LI><a href="#[234]">&gt;&gt;</a>&nbsp;&nbsp;&nbsp;get_fat_sect
<LI><a href="#[1fe]">&gt;&gt;</a>&nbsp;&nbsp;&nbsp;cache_fat
</UL>
<BR>[Called By]<UL><LI><a href="#[1e7]">&gt;&gt;</a>&nbsp;&nbsp;&nbsp;fat_open
</UL>

<P><STRONG><a name="[232]"></a>write_cache</STRONG> (Thumb, 174 bytes, Stack size 24 bytes, fs_fat.o(i.write_cache))
<BR><BR>[Stack]<UL><LI>Max Depth = 40<LI>Call Chain = write_cache &rArr; write_sector
</UL>
<BR>[Calls]<UL><LI><a href="#[132]">&gt;&gt;</a>&nbsp;&nbsp;&nbsp;__aeabi_memcpy
<LI><a href="#[23e]">&gt;&gt;</a>&nbsp;&nbsp;&nbsp;write_sector
</UL>
<BR>[Called By]<UL><LI><a href="#[243]">&gt;&gt;</a>&nbsp;&nbsp;&nbsp;fsinfo_write
<LI><a href="#[22f]">&gt;&gt;</a>&nbsp;&nbsp;&nbsp;clear_clus
<LI><a href="#[1f3]">&gt;&gt;</a>&nbsp;&nbsp;&nbsp;fat_write
<LI><a href="#[1e0]">&gt;&gt;</a>&nbsp;&nbsp;&nbsp;fat_close
</UL>

<P><STRONG><a name="[1fd]"></a>write_fat_link</STRONG> (Thumb, 232 bytes, Stack size 32 bytes, fs_fat.o(i.write_fat_link))
<BR><BR>[Stack]<UL><LI>Max Depth = 48<LI>Call Chain = write_fat_link &rArr; cache_fat
</UL>
<BR>[Calls]<UL><LI><a href="#[242]">&gt;&gt;</a>&nbsp;&nbsp;&nbsp;set_u32
<LI><a href="#[239]">&gt;&gt;</a>&nbsp;&nbsp;&nbsp;set_u16
<LI><a href="#[204]">&gt;&gt;</a>&nbsp;&nbsp;&nbsp;get_u32
<LI><a href="#[203]">&gt;&gt;</a>&nbsp;&nbsp;&nbsp;get_u16
<LI><a href="#[234]">&gt;&gt;</a>&nbsp;&nbsp;&nbsp;get_fat_sect
<LI><a href="#[1fe]">&gt;&gt;</a>&nbsp;&nbsp;&nbsp;cache_fat
</UL>
<BR>[Called By]<UL><LI><a href="#[1fa]">&gt;&gt;</a>&nbsp;&nbsp;&nbsp;alloc_new_clus
<LI><a href="#[1f3]">&gt;&gt;</a>&nbsp;&nbsp;&nbsp;fat_write
<LI><a href="#[1e0]">&gt;&gt;</a>&nbsp;&nbsp;&nbsp;fat_close
</UL>

<P><STRONG><a name="[23e]"></a>write_sector</STRONG> (Thumb, 48 bytes, Stack size 16 bytes, fs_fat.o(i.write_sector))
<BR><BR>[Stack]<UL><LI>Max Depth = 16<LI>Call Chain = write_sector
</UL>
<BR>[Calls]<UL><LI><a href="#[227]">&gt;&gt;</a>&nbsp;&nbsp;&nbsp;fsj_write
</UL>
<BR>[Called By]<UL><LI><a href="#[232]">&gt;&gt;</a>&nbsp;&nbsp;&nbsp;write_cache
<LI><a href="#[23a]">&gt;&gt;</a>&nbsp;&nbsp;&nbsp;entry_flush
</UL>

<P><STRONG><a name="[e9]"></a>_freopen_locked</STRONG> (Thumb, 174 bytes, Stack size 32 bytes, fopen_locked.o(.text))
<BR><BR>[Stack]<UL><LI>Max Depth = 472<LI>Call Chain = _freopen_locked &rArr; _sys_open &rArr; __sys_open &rArr; fat_open &rArr; path_create &rArr; frec_find &rArr; entry_pos_set &rArr; set_next_clus &rArr; cache_fat
</UL>
<BR>[Calls]<UL><LI><a href="#[b1]">&gt;&gt;</a>&nbsp;&nbsp;&nbsp;_mutex_release
<LI><a href="#[b0]">&gt;&gt;</a>&nbsp;&nbsp;&nbsp;_mutex_acquire
<LI><a href="#[ea]">&gt;&gt;</a>&nbsp;&nbsp;&nbsp;_sys_open
<LI><a href="#[e2]">&gt;&gt;</a>&nbsp;&nbsp;&nbsp;_fclose_internal
<LI><a href="#[dd]">&gt;&gt;</a>&nbsp;&nbsp;&nbsp;_fseek
</UL>
<BR>[Called By]<UL><LI><a href="#[ec]">&gt;&gt;</a>&nbsp;&nbsp;&nbsp;fopen
<LI><a href="#[eb]">&gt;&gt;</a>&nbsp;&nbsp;&nbsp;freopen
</UL>

<P><STRONG><a name="[2fe]"></a>_dadd1</STRONG> (Thumb, 0 bytes, Stack size unknown bytes, daddsub_clz.o(x$fpl$dadd), UNUSED)
<BR><BR>[Called By]<UL><LI><a href="#[2ff]">&gt;&gt;</a>&nbsp;&nbsp;&nbsp;_dsub
<LI><a href="#[2fd]">&gt;&gt;</a>&nbsp;&nbsp;&nbsp;_drsb
</UL>

<P><STRONG><a name="[2f0]"></a>_dsub1</STRONG> (Thumb, 0 bytes, Stack size unknown bytes, daddsub_clz.o(x$fpl$dsub), UNUSED)
<BR><BR>[Called By]<UL><LI><a href="#[2fd]">&gt;&gt;</a>&nbsp;&nbsp;&nbsp;_drsb
<LI><a href="#[2ef]">&gt;&gt;</a>&nbsp;&nbsp;&nbsp;_dadd
</UL>

<P><STRONG><a name="[f9]"></a>Heap1_SizeAdjust</STRONG> (Thumb, 8 bytes, Stack size 0 bytes, h1_alloc_mt.o(.text))
<BR><BR>[Called By]<UL><LI><a href="#[f8]">&gt;&gt;</a>&nbsp;&nbsp;&nbsp;_malloc_internal
</UL>

<P><STRONG><a name="[100]"></a>_fp_digits</STRONG> (Thumb, 428 bytes, Stack size 96 bytes, _printf_fp_dec.o(.text))
<BR><BR>[Stack]<UL><LI>Max Depth = 216<LI>Call Chain = _fp_digits &rArr; _btod_etento &rArr; _btod_emul &rArr; _e2e
</UL>
<BR>[Calls]<UL><LI><a href="#[104]">&gt;&gt;</a>&nbsp;&nbsp;&nbsp;_btod_emul
<LI><a href="#[103]">&gt;&gt;</a>&nbsp;&nbsp;&nbsp;_btod_ediv
<LI><a href="#[102]">&gt;&gt;</a>&nbsp;&nbsp;&nbsp;_btod_d2e
<LI><a href="#[101]">&gt;&gt;</a>&nbsp;&nbsp;&nbsp;_btod_etento
<LI><a href="#[105]">&gt;&gt;</a>&nbsp;&nbsp;&nbsp;_ll_udiv10
</UL>
<BR>[Called By]<UL><LI><a href="#[106]">&gt;&gt;</a>&nbsp;&nbsp;&nbsp;_printf_fp_dec_real
</UL>

<P><STRONG><a name="[10e]"></a>_local_sscanf</STRONG> (Thumb, 60 bytes, Stack size 56 bytes, strtod.o(.text))
<BR><BR>[Stack]<UL><LI>Max Depth = 384<LI>Call Chain = _local_sscanf &rArr; _scanf_real &rArr; _scanf_really_real &rArr; _fp_value &rArr; _btod_etento &rArr; _btod_emul &rArr; _e2e
</UL>
<BR>[Calls]<UL><LI><a href="#[10f]">&gt;&gt;</a>&nbsp;&nbsp;&nbsp;_scanf_real
</UL>
<BR>[Called By]<UL><LI><a href="#[110]">&gt;&gt;</a>&nbsp;&nbsp;&nbsp;__strtod_int
</UL>

<P><STRONG><a name="[8f]"></a>_printf_input_char</STRONG> (Thumb, 10 bytes, Stack size 0 bytes, _printf_char_common.o(.text))
<BR>[Address Reference Count : 1]<UL><LI> _printf_char_common.o(.text)
</UL>
<P><STRONG><a name="[128]"></a>_fp_value</STRONG> (Thumb, 508 bytes, Stack size 88 bytes, scanf_fp.o(.text))
<BR><BR>[Stack]<UL><LI>Max Depth = 208<LI>Call Chain = _fp_value &rArr; _btod_etento &rArr; _btod_emul &rArr; _e2e
</UL>
<BR>[Calls]<UL><LI><a href="#[db]">&gt;&gt;</a>&nbsp;&nbsp;&nbsp;__aeabi_errno_addr
<LI><a href="#[129]">&gt;&gt;</a>&nbsp;&nbsp;&nbsp;_btod_emuld
<LI><a href="#[12a]">&gt;&gt;</a>&nbsp;&nbsp;&nbsp;_btod_edivd
<LI><a href="#[101]">&gt;&gt;</a>&nbsp;&nbsp;&nbsp;_btod_etento
</UL>
<BR>[Called By]<UL><LI><a href="#[12b]">&gt;&gt;</a>&nbsp;&nbsp;&nbsp;_scanf_really_real
</UL>
<P>
<H3>
Undefined Global Symbols
</H3><HR></body></html>
