<html>
<body>
<pre>
<h1>礦ision Build Log</h1>
<h2>Tool Versions:</h2>
IDE-Version: μVision V5.21.1.0
Copyright (C) 2016 ARM Ltd and ARM Germany GmbH. All rights reserved.
License Information: 1 AE86, HP Inc., LIC=JDASB-20X79-78XFD-8JYLH-DZAPG-59W7P
 
Tool Versions:
Toolchain:       MDK-ARM Professional  Version: 5.21a
Toolchain Path:  D:\Keil_v5\ARM\ARMCC\Bin
C Compiler:      Armcc.exe V5.06 update 3 (build 300)
Assembler:       Armasm.exe V5.06 update 3 (build 300)
Linker/Locator:  ArmLink.exe V5.06 update 3 (build 300)
Library Manager: ArmAr.exe V5.06 update 3 (build 300)
Hex Converter:   FromElf.exe V5.06 update 3 (build 300)
CPU DLL:         SARMCM3.DLL V5.21a
Dialog DLL:      DCM.DLL V1.13.8.0
Target DLL:      STLink\ST-LINKIII-KEIL_SWO.dll V2.0.18.0
Dialog DLL:      TCM.DLL V1.14.14.0
 
<h2>Project:</h2>
F:\佛山津明\jm3d\程序\新板程序\jmp\USER\Template.uvprojx
Project File Date:  03/28/2019

<h2>Output:</h2>
*** Using Compiler 'V5.06 update 3 (build 300)', folder: 'D:\Keil_v5\ARM\ARMCC\Bin'
Build target 'Template'
compiling bsp_gpio.c...
compiling bsp_timer.c...
compiling bsp_uart.c...
compiling bsp_sdram.c...
compiling bsp_qspi.c...
compiling w25qxx.c...
compiling app_qspi_flash_fatfs.c...
compiling usbh_conf.c...
compiling usbh_diskio.c...
compiling usb_test.c...
compiling usb_app.c...
compiling jmp_command_execution.c...
compiling jmp_gcode_analysis.c...
compiling jmp_gui.c...
compiling jmp_param_state.c...
compiling jmp_storage_read.c...
compiling jmp_ex_config.c...
compiling jmp_print_time.c...
compiling jmp_script.c...
compiling jmp_motion.c...
compiling block_manage.c...
linking...
Program Size: Code=102928 RO-data=176196 RW-data=552 ZI-data=259096  
FromELF: creating hex file...
"..\OBJ\Template.axf" - 0 Error(s), 0 Warning(s).

<h2>Collection of Component include folders:</h2>
  F:\佛山津明\jm3d\程序\新板程序\jmp\USER\RTE
  D:\Keil_v5\ARM\PACK\Keil\STM32H7xx_DFP\2.2.0\Drivers\CMSIS\Device\ST\STM32H7xx\Include

<h2>Collection of Component Files used:</h2>
Build Time Elapsed:  00:07:06
</pre>
</body>
</html>
