Component: ARM Compiler 5.06 update 3 (build 300) Tool: armlink [4d35c9]

==============================================================================

Section Cross References

    main.o(i.AppTaskLED) refers to bsp_gpio.o(i.bsp_led_run_control) for bsp_led_run_control
    main.o(i.AppTaskLED) refers to rt_time.o(i.rt_dly_wait) for rt_dly_wait
    main.o(i.AppTaskStart) refers to jmp_param_state.o(i.jmp_configstate_init) for jmp_configstate_init
    main.o(i.AppTaskStart) refers to jmp_storage_read.o(i.jmp_storage_read_init) for jmp_storage_read_init
    main.o(i.AppTaskStart) refers to jmp_command_execution.o(i.jmp_command_execution_init) for jmp_command_execution_init
    main.o(i.AppTaskStart) refers to jmp_gui.o(i.jmp_gui_init) for jmp_gui_init
    main.o(i.AppTaskStart) refers to jmp_motion.o(i.jmp_motion_init) for jmp_motion_init
    main.o(i.AppTaskStart) refers to main.o(.bss) for AppTaskLEDStk
    main.o(i.AppTaskStart) refers to main.o(i.AppTaskLED) for AppTaskLED
    main.o(i.AppTaskStart) refers to rt_task.o(i.rt_tsk_create) for rt_tsk_create
    main.o(i.AppTaskStart) refers to main.o(.data) for HandleTaskLED
    main.o(i.AppTaskStart) refers to main.o(i.AppTaskUSB) for AppTaskUSB
    main.o(i.AppTaskStart) refers to rt_time.o(i.rt_dly_wait) for rt_dly_wait
    main.o(i.AppTaskUSB) refers to app_usb.o(i.app_usb_task) for app_usb_task
    main.o(i.main) refers to stm32f4xx_hal.o(i.HAL_Init) for HAL_Init
    main.o(i.main) refers to tmsys.o(i.Stm32_Clock_Init) for Stm32_Clock_Init
    main.o(i.main) refers to tmdelay.o(i.tmdelay_init) for tmdelay_init
    main.o(i.main) refers to bsp_gpio.o(i.bsp_gpio_init) for bsp_gpio_init
    main.o(i.main) refers to bsp_uart.o(i.bsp_uart1_init) for bsp_uart1_init
    main.o(i.main) refers to bsp_uart.o(i.bsp_uart2_init) for bsp_uart2_init
    main.o(i.main) refers to w25qxx.o(i.w25qxx_init) for w25qxx_init
    main.o(i.main) refers to hal_cm4.o(.emb_text) for os_set_env
    main.o(i.main) refers to main.o(.bss) for AppTaskStartStk
    main.o(i.main) refers to main.o(i.AppTaskStart) for AppTaskStart
    main.o(i.main) refers to rt_task.o(i.rt_sys_init) for rt_sys_init
    system_stm32f4xx.o(i.SystemCoreClockUpdate) refers to system_stm32f4xx.o(.data) for SystemCoreClock
    system_stm32f4xx.o(i.SystemCoreClockUpdate) refers to system_stm32f4xx.o(.constdata) for AHBPrescTable
    retarget.o(i._sys_close) refers (Special) to use_no_semi.o(.text) for __use_no_semihosting_swi
    retarget.o(i._sys_close) refers to fs_sys.o(i.__sys_close) for __sys_close
    retarget.o(i._sys_command_string) refers (Special) to use_no_semi.o(.text) for __use_no_semihosting_swi
    retarget.o(i._sys_ensure) refers (Special) to use_no_semi.o(.text) for __use_no_semihosting_swi
    retarget.o(i._sys_ensure) refers to fs_sys.o(i.__sys_ensure) for __sys_ensure
    retarget.o(i._sys_exit) refers (Special) to use_no_semi.o(.text) for __use_no_semihosting_swi
    retarget.o(i._sys_flen) refers (Special) to use_no_semi.o(.text) for __use_no_semihosting_swi
    retarget.o(i._sys_flen) refers to fs_sys.o(i.__sys_flen) for __sys_flen
    retarget.o(i._sys_istty) refers (Special) to use_no_semi.o(.text) for __use_no_semihosting_swi
    retarget.o(i._sys_open) refers (Special) to use_no_semi.o(.text) for __use_no_semihosting_swi
    retarget.o(i._sys_open) refers to strcmpv7m.o(.text) for strcmp
    retarget.o(i._sys_open) refers to fs_sys.o(i.__sys_open) for __sys_open
    retarget.o(i._sys_read) refers (Special) to use_no_semi.o(.text) for __use_no_semihosting_swi
    retarget.o(i._sys_read) refers to retarget.o(i.getkey) for getkey
    retarget.o(i._sys_read) refers to fs_sys.o(i.__sys_read) for __sys_read
    retarget.o(i._sys_seek) refers (Special) to use_no_semi.o(.text) for __use_no_semihosting_swi
    retarget.o(i._sys_seek) refers to fs_sys.o(i.__sys_seek) for __sys_seek
    retarget.o(i._sys_tmpnam) refers (Special) to use_no_semi.o(.text) for __use_no_semihosting_swi
    retarget.o(i._sys_write) refers (Special) to use_no_semi.o(.text) for __use_no_semihosting_swi
    retarget.o(i._sys_write) refers to retarget.o(i.sendchar) for sendchar
    retarget.o(i._sys_write) refers to fs_sys.o(i.__sys_write) for __sys_write
    retarget.o(i._ttywrch) refers (Special) to use_no_semi.o(.text) for __use_no_semihosting_swi
    retarget.o(i._ttywrch) refers to retarget.o(i.sendchar) for sendchar
    retarget.o(i.getkey) refers (Special) to use_no_semi.o(.text) for __use_no_semihosting_swi
    retarget.o(i.sendchar) refers (Special) to use_no_semi.o(.text) for __use_no_semihosting_swi
    retarget.o(.constdata) refers (Special) to use_no_semi.o(.text) for __use_no_semihosting_swi
    rtx_conf_cm.o(i.__user_perthread_libspace) refers to rt_task.o(i.rt_tsk_self) for rt_tsk_self
    rtx_conf_cm.o(i.__user_perthread_libspace) refers to rtx_conf_cm.o(.bss) for .bss
    rtx_conf_cm.o(i.__user_perthread_libspace) refers to libspace.o(.bss) for __libspace_start
[...]
    jmp_storage_read_buff                    0x2000f57c   Data         100  jmp_storage_read.o(.bss)
    jmp_config_param_struct                  0x2000f5e0   Data         280  jmp_param_state.o(.bss)
    jmp_config_state_struct                  0x2000f6f8   Data          96  jmp_param_state.o(.bss)
    jmp_gui_uart_rx_buff                     0x2000f758   Data        1024  jmp_gui.o(.bss)
    jmp_gui_uart_tx_buff                     0x2000fb58   Data        1024  jmp_gui.o(.bss)
    jmp_guiuart_rx_str                       0x20010758   Data        1030  jmp_gui.o(.bss)
    jmp_guiuart_tx_str                       0x20010b5e   Data        1030  jmp_gui.o(.bss)
    jmp_gui_gcode_file_name                  0x20010f64   Data       12800  jmp_gui.o(.bss)
    current_position                         0x20014168   Data          16  jmp_motion.o(.bss)
    add_homeing                              0x20014178   Data          12  jmp_motion.o(.bss)
    min_pos                                  0x20014184   Data          12  jmp_motion.o(.bss)
    axis_steps_per_sqr_second                0x20014790   Data          16  planner.o(.bss)
    position                                 0x200147a0   Data          16  planner.o(.bss)
    block_buffer                             0x200147c0   Data        2688  planner.o(.bss)
    endstops_trigsteps                       0x20015240   Data          12  stepper.o(.bss)
    count_position                           0x2001524c   Data          16  stepper.o(.bss)
    __libspace_start                         0x2001525c   Data          96  libspace.o(.bss)
    __stdin                                  0x200152bc   Data          84  stdio_streams.o(.bss)
    __temporary_stack_top$libspace           0x200152bc   Data           0  libspace.o(.bss)
    __stdout                                 0x20015310   Data          84  stdio_streams.o(.bss)
    __stderr                                 0x20015364   Data          84  stdio_streams.o(.bss)



==============================================================================

Memory Map of the image

  Image Entry point : 0x080001c5

  Load Region LR_IROM1 (Base: 0x08000000, Size: 0x00014b04, Max: 0x00080000, ABSOLUTE, COMPRESSED[0x00014908])

    Execution Region ER_IROM1 (Base: 0x08000000, Size: 0x000147e4, Max: 0x00080000, ABSOLUTE)

    Base Addr    Size         Type   Attr      Idx    E Section Name        Object

    0x08000000   0x000001c4   Data   RO         1051    RESET               startup_stm32f446xx.o
    0x080001c4   0x00000008   Code   RO        12299  * !!!main             c_w.l(__main.o)
    0x080001cc   0x00000034   Code   RO        12878    !!!scatter          c_w.l(__scatter.o)
    0x08000200   0x0000005a   Code   RO        12876    !!dczerorl2         c_w.l(__dczerorl2.o)
    0x0800025a   0x00000002   PAD
    0x0800025c   0x0000001c   Code   RO        12880    !!handler_zi        c_w.l(__scatter_zi.o)
    0x08000278   0x00000000   Code   RO        12252    .ARM.Collect$$_printf_percent$$00000000  c_w.l(_printf_percent.o)
    0x08000278   0x00000006   Code   RO        12251    .ARM.Collect$$_printf_percent$$00000003  c_w.l(_printf_f.o)
    0x0800027e   0x00000006   Code   RO        12250    .ARM.Collect$$_printf_percent$$00000014  c_w.l(_printf_s.o)
    0x08000284   0x00000004   Code   RO        12477    .ARM.Collect$$_printf_percent$$00000017  c_w.l(_printf_percent_end.o)
    0x08000288   0x00000002   Code   RO        12779    .ARM.Collect$$libinit$$00000000  c_w.l(libinit.o)
    0x0800028a   0x00000004   Code   RO        12663    .ARM.Collect$$libinit$$00000001  c_w.l(libinit2.o)
    0x0800028e   0x00000000   Code   RO        12666    .ARM.Collect$$libinit$$00000004  c_w.l(libinit2.o)
    0x0800028e   0x00000008   Code   RO        12667    .ARM.Collect$$libinit$$00000005  c_w.l(libinit2.o)
    0x08000296   0x00000000   Code   RO        12669    .ARM.Collect$$libinit$$0000000A  c_w.l(libinit2.o)
    0x08000296   0x00000000   Code   RO        12671    .ARM.Collect$$libinit$$0000000C  c_w.l(libinit2.o)
    0x08000296   0x00000000   Code   RO        12673    .ARM.Collect$$libinit$$0000000E  c_w.l(libinit2.o)
    0x08000296   0x00000006   Code   RO        12674    .ARM.Collect$$libinit$$0000000F  c_w.l(libinit2.o)
    0x0800029c   0x00000000   Code   RO        12676    .ARM.Collect$$libinit$$00000011  c_w.l(libinit2.o)
    0x0800029c   0x0000000c   Code   RO        12677    .ARM.Collect$$libinit$$00000012  c_w.l(libinit2.o)
    0x080002a8   0x00000000   Code   RO        12678    .ARM.Collect$$libinit$$00000013  c_w.l(libinit2.o)
    0x080002a8   0x00000000   Code   RO        12680    .ARM.Collect$$libinit$$00000015  c_w.l(libinit2.o)
    0x080002a8   0x0000000a   Code   RO        12681    .ARM.Collect$$libinit$$00000016  c_w.l(libinit2.o)
    0x080002b2   0x00000000   Code   RO        12682    .ARM.Collect$$libinit$$00000017  c_w.l(libinit2.o)
    0x080002b2   0x00000000   Code   RO        12684    .ARM.Collect$$libinit$$00000019  c_w.l(libinit2.o)
    0x080002b2   0x00000000   Code   RO        12686    .ARM.Collect$$libinit$$0000001B  c_w.l(libinit2.o)
    0x080002b2   0x00000000   Code   RO        12688    .ARM.Collect$$libinit$$0000001D  c_w.l(libinit2.o)
    0x080002b2   0x00000000   Code   RO        12690    .ARM.Collect$$libinit$$0000001F  c_w.l(libinit2.o)
    0x080002b2   0x00000000   Code   RO        12692    .ARM.Collect$$libinit$$00000021  c_w.l(libinit2.o)
    0x080002b2   0x00000000   Code   RO        12694    .ARM.Collect$$libinit$$00000023  c_w.l(libinit2.o)
    0x080002b2   0x00000004   Code   RO        12695    .ARM.Collect$$libinit$$00000024  c_w.l(libinit2.o)
    0x080002b6   0x00000000   Code   RO        12696    .ARM.Collect$$libinit$$00000025  c_w.l(libinit2.o)
    0x080002b6   0x00000000   Code   RO        12700    .ARM.Collect$$libinit$$0000002C  c_w.l(libinit2.o)
    0x080002b6   0x00000000   Code   RO        12702    .ARM.Collect$$libinit$$0000002E  c_w.l(libinit2.o)
    0x080002b6   0x00000000   Code   RO        12704    .ARM.Collect$$libinit$$00000030  c_w.l(libinit2.o)
    0x080002b6   0x00000000   Code   RO        12706    .ARM.Collect$$libinit$$00000032  c_w.l(libinit2.o)
    0x080002b6   0x00000002   Code   RO        12707    .ARM.Collect$$libinit$$00000033  c_w.l(libinit2.o)
    0x080002b8   0x00000002   Code   RO        12858    .ARM.Collect$$libshutdown$$00000000  c_w.l(libshutdown.o)
    0x080002ba   0x00000000   Code   RO        12709    .ARM.Collect$$libshutdown$$00000002  c_w.l(libshutdown2.o)
    0x080002ba   0x00000004   Code   RO        12710    .ARM.Collect$$libshutdown$$00000003  c_w.l(libshutdown2.o)
    0x080002be   0x00000000   Code   RO        12711    .ARM.Collect$$libshutdown$$00000004  c_w.l(libshutdown2.o)
    0x080002be   0x00000000   Code   RO        12714    .ARM.Collect$$libshutdown$$00000007  c_w.l(libshutdown2.o)
    0x080002be   0x00000000   Code   RO        12717    .ARM.Collect$$libshutdown$$0000000A  c_w.l(libshutdown2.o)
    0x080002be   0x00000000   Code   RO        12719    .ARM.Collect$$libshutdown$$0000000C  c_w.l(libshutdown2.o)
    0x080002be   0x00000000   Code   RO        12722    .ARM.Collect$$libshutdown$$0000000F  c_w.l(libshutdown2.o)
    0x080002be   0x00000002   Code   RO        12723    .ARM.Collect$$libshutdown$$00000010  c_w.l(libshutdown2.o)
    0x080002c0   0x00000000   Code   RO        12393    .ARM.Collect$$rtentry$$00000000  c_w.l(__rtentry.o)
    0x080002c0   0x00000000   Code   RO        12541    .ARM.Collect$$rtentry$$00000002  c_w.l(__rtentry2.o)
    0x080002c0   0x00000006   Code   RO        12553    .ARM.Collect$$rtentry$$00000004  c_w.l(__rtentry4.o)
    0x080002c6   0x00000000   Code   RO        12543    .ARM.Collect$$rtentry$$00000009  c_w.l(__rtentry2.o)
    0x080002c6   0x00000004   Code   RO        12544    .ARM.Collect$$rtentry$$0000000A  c_w.l(__rtentry2.o)
    0x080002ca   0x00000000   Code   RO        12546    .ARM.Collect$$rtentry$$0000000C  c_w.l(__rtentry2.o)
    0x080002ca   0x00000008   Code   RO        12547    .ARM.Collect$$rtentry$$0000000D  c_w.l(__rtentry2.o)
    0x080002d2   0x00000002   Code   RO        12784    .ARM.Collect$$rtexit$$00000000  c_w.l(rtexit.o)
    0x080002d4   0x00000000   Code   RO        12820    .ARM.Collect$$rtexit$$00000002  c_w.l(rtexit2.o)
    0x080002d4   0x00000004   Code   RO        12821    .ARM.Collect$$rtexit$$00000003  c_w.l(rtexit2.o)
    0x080002d8   0x00000006   Code   RO        12822    .ARM.Collect$$rtexit$$00000004  c_w.l(rtexit2.o)
    0x080002de   0x00000002   PAD
    0x080002e0   0x0000019c   Code   RO        10350    .emb_text           hal_cm4.o
    0x0800047c   0x00000000   Code   RO        12736    .emb_text           c_w.l(maybetermalloc1.o)
    0x0800047c   0x00000040   Code   RO         1052    .text               startup_stm32f446xx.o
    0x080004bc   0x00000008   Code   RO        12215    .text               c_w.l(libspace.o)
    0x080004c4   0x00000002   Code   RO        12218    .text               c_w.l(use_no_semi.o)
    0x080004c6   0x00000002   PAD
    0x080004c8   0x00000018   Code   RO        12224    .text               c_w.l(noretval__2printf.o)
    0x080004e0   0x00000068   Code   RO        12226    .text               c_w.l(__printf.o)
    0x08000548   0x00000052   Code   RO        12228    .text               c_w.l(_printf_str.o)
    0x0800059a   0x0000001a   Code   RO        12253    .text               c_w.l(atoi.o)
    0x080005b4   0x000000f8   Code   RO        12261    .text               c_w.l(fseek.o)
    0x080006ac   0x0000004c   Code   RO        12266    .text               c_w.l(fclose.o)
    0x080006f8   0x00000020   Code   RO        12268    .text               c_w.l(fgetc_locked.o)
    0x08000718   0x00000034   Code   RO        12270    .text               c_w.l(fclose_locked.o)
    0x0800074c   0x0000002c   Code   RO        12272    .text               c_w.l(fseek_locked.o)
    0x08000778   0x00000144   Code   RO        12274    .text               c_w.l(fopen_locked.o)
    0x080008bc   0x0000000c   Code   RO        12276    .text               c_w.l(strtok.o)
    0x080008c8   0x00000048   Code   RO        12279    .text               c_w.l(strcpy.o)
    0x08000910   0x00000032   Code   RO        12281    .text               c_w.l(strncasecmp.o)
    0x08000942   0x0000003e   Code   RO        12283    .text               c_w.l(strlen.o)
    0x08000980   0x0000008a   Code   RO        12285    .text               c_w.l(rt_memcpy_v6.o)
    0x08000a0a   0x00000064   Code   RO        12287    .text               c_w.l(rt_memcpy_w.o)
    0x08000a6e   0x00000044   Code   RO        12291    .text               c_w.l(rt_memclr.o)
    0x08000ab2   0x0000004e   Code   RO        12293    .text               c_w.l(rt_memclr_w.o)
    0x08000b00   0x00000080   Code   RO        12295    .text               c_w.l(strcmpv7m.o)
    0x08000b80   0x00000006   Code   RO        12297    .text               c_w.l(heapauxi.o)
    0x08000b86   0x00000004   Code   RO        12403    .text               c_w.l(rt_errno_addr_twolibspace.o)
    0x08000b8a   0x0000009e   Code   RO        12413    .text               c_w.l(h1_alloc_mt.o)
    0x08000c28   0x00000076   Code   RO        12415    .text               c_w.l(h1_free_mt.o)
    0x08000c9e   0x00000016   Code   RO        12467    .text               c_w.l(_rserrno.o)
    0x08000cb4   0x0000001a   Code   RO        12469    .text               c_w.l(tolower.o)
    0x08000cce   0x0000041a   Code   RO        12471    .text               c_w.l(_printf_fp_dec.o)
    0x080010e8   0x0000002c   Code   RO        12473    .text               c_w.l(_printf_char.o)
    0x08001114   0x00000024   Code   RO        12475    .text               c_w.l(_printf_char_file.o)
    0x08001138   0x000000a4   Code   RO        12478    .text               c_w.l(strtod.o)
    0x080011dc   0x00000070   Code   RO        12480    .text               c_w.l(strtol.o)
    0x0800124c   0x0000023a   Code   RO        12482    .text               c_w.l(filbuf.o)
    0x08001486   0x00000042   Code   RO        12484    .text               c_w.l(ftell.o)
    0x080014c8   0x000000f0   Code   RO        12486    .text               c_w.l(stdio.o)
    0x080015b8   0x000001c8   Code   RO        12496    .text               c_w.l(initio_locked.o)
    0x08001780   0x00000044   Code   RO        12498    .text               c_w.l(strtok_int.o)
    0x080017c4   0x00000010   Code   RO        12555    .text               c_w.l(rt_ctype_table.o)
    0x080017d4   0x0000000a   Code   RO        12564    .text               c_w.l(rt_heap_descriptor_twolibspace.o)
    0x080017de   0x0000000a   Code   RO        12571    .text               c_w.l(rt_locale_twolibspace.o)
    0x080017e8   0x00000004   Code   RO        12573    .text               c_w.l(hguard.o)
    0x080017ec   0x0000008a   Code   RO        12575    .text               c_w.l(init_alloc.o)
    0x08001876   0x00000012   Code   RO        12581    .text               c_w.l(h1_init_mt.o)
    0x08001888   0x0000008a   Code   RO        12593    .text               c_w.l(lludiv10.o)
    0x08001912   0x00000012   Code   RO        12595    .text               c_w.l(isspace.o)
    0x08001924   0x00000030   Code   RO        12597    .text               c_w.l(_printf_char_common.o)
    0x08001954   0x00000080   Code   RO        12599    .text               c_w.l(_printf_fp_infnan.o)
    0x080019d4   0x00000040   Code   RO        12601    .text               c_w.l(_sgetc.o)
    0x08001a14   0x0000009e   Code   RO        12603    .text               c_w.l(_strtoul.o)
    0x08001ab2   0x00000002   PAD
    0x08001ab4   0x000000dc   Code   RO        12605    .text               c_w.l(bigflt0.o)
    0x08001b90   0x0000001e   Code   RO        12640    .text               c_w.l(ferror_locked.o)
    0x08001bae   0x00000068   Code   RO        12642    .text               c_w.l(setvbuf_locked.o)
    0x08001c16   0x00000132   Code   RO        12644    .text               c_w.l(freadfast_locked.o)
    0x08001d48   0x0000005c   Code   RO        12648    .text               c_w.l(flushlinebuffered_locked.o)
    0x08001da4   0x0000000e   Code   RO        12653    .text               c_w.l(defsig_rtred_outer.o)
    0x08001db2   0x00000020   Code   RO        12657    .text               c_w.l(strcspn.o)
    0x08001dd2   0x0000001c   Code   RO        12659    .text               c_w.l(strspn.o)
    0x08001dee   0x0000004a   Code   RO        12730    .text               c_w.l(sys_stackheap_outer.o)
    0x08001e38   0x0000003e   Code   RO        12740    .text               c_w.l(h1_extend_mt.o)
    0x08001e76   0x0000001c   Code   RO        12744    .text               c_w.l(_chval.o)
    0x08001e92   0x00000002   PAD
    0x08001e94   0x000004a4   Code   RO        12746    .text               c_w.l(scanf_fp.o)
    0x08002338   0x00000090   Code   RO        12750    .text               c_w.l(fflush_locked.o)
    0x080023c8   0x00000012   Code   RO        12755    .text               c_w.l(exit.o)
    0x080023da   0x0000000a   Code   RO        12757    .text               c_w.l(defsig_exit.o)
    0x080023e4   0x00000034   Code   RO        12763    .text               c_w.l(defsig_rtred_inner.o)
    0x08002418   0x0000000e   Code   RO        12765    .text               c_w.l(defsig_rtmem_outer.o)
    0x08002426   0x00000032   Code   RO        12790    .text               c_w.l(defsig_general.o)
    0x08002458   0x00000050   Code   RO        12794    .text               c_w.l(defsig_rtmem_inner.o)
    0x080024a8   0x00000320   Code   RO        12830    .text               c_w.l(scanf_hexfp.o)
    0x080027c8   0x00000134   Code   RO        12832    .text               c_w.l(scanf_infnan.o)
    0x080028fc   0x00000026   Code   RO        12842    .text               c_w.l(llshl.o)
    0x08002922   0x0000003e   Code   RO        12608    CL$$btod_d2e        c_w.l(btod.o)
    0x08002960   0x00000046   Code   RO        12610    CL$$btod_d2e_denorm_low  c_w.l(btod.o)
    0x080029a6   0x00000060   Code   RO        12609    CL$$btod_d2e_norm_op1  c_w.l(btod.o)
    0x08002a06   0x00000338   Code   RO        12618    CL$$btod_div_common  c_w.l(btod.o)
    0x08002d3e   0x00000002   PAD
    0x08002d40   0x00000054   Code   RO        12616    CL$$btod_e2d        c_w.l(btod.o)
    0x08002d94   0x000000c6   Code   RO        12615    CL$$btod_e2e        c_w.l(btod.o)
    0x08002e5a   0x00000028   Code   RO        12612    CL$$btod_ediv       c_w.l(btod.o)
    0x08002e82   0x00000028   Code   RO        12614    CL$$btod_edivd      c_w.l(btod.o)
    0x08002eaa   0x00000028   Code   RO        12611    CL$$btod_emul       c_w.l(btod.o)
    0x08002ed2   0x00000028   Code   RO        12613    CL$$btod_emuld      c_w.l(btod.o)
    0x08002efa   0x00000244   Code   RO        12617    CL$$btod_mult_common  c_w.l(btod.o)
    0x0800313e   0x00000002   PAD
    0x08003140   0x00000004   Code   RO        10391    SVC_TABLE           svc_table.o
    0x08003144   0x00000028   Code   RO            4    i.AppTaskLED        main.o
    0x0800316c   0x0000006c   Code   RO            5    i.AppTaskStart      main.o
    0x080031d8   0x00000008   Code   RO            6    i.AppTaskUSB        main.o
    0x080031e0   0x00000004   Code   RO          460    i.BusFault_Handler  stm32f4xx_it.o
    0x080031e4   0x00000002   Code   RO          461    i.DebugMon_Handler  stm32f4xx_it.o
    0x080031e6   0x00000018   Code   RO        10744    i.Delay             fs_usbh_msc.o
    0x080031fe   0x00000002   PAD
    0x08003200   0x00000034   Code   RO        10745    i.DeviceCtrl        fs_usbh_msc.o
    0x08003234   0x00000012   Code   RO        10746    i.DeviceCtrl0       fs_usbh_msc.o
    0x08003246   0x00000012   Code   RO        10747    i.DeviceCtrl1       fs_usbh_msc.o
    0x08003258   0x000001f0   Code   RO         3219    i.HAL_GPIO_Init     stm32f4xx_hal_gpio.o
    0x08003448   0x00000010   Code   RO         3221    i.HAL_GPIO_ReadPin  stm32f4xx_hal_gpio.o
    0x08003458   0x0000000c   Code   RO         3223    i.HAL_GPIO_WritePin  stm32f4xx_hal_gpio.o
    0x08003464   0x0000000c   Code   RO         1072    i.HAL_GetTick       stm32f4xx_hal.o
    0x08003470   0x0000003c   Code   RO         1074    i.HAL_Init          stm32f4xx_hal.o
    0x080034ac   0x00000024   Code   RO         1075    i.HAL_InitTick      stm32f4xx_hal.o
    0x080034d0   0x00000002   Code   RO          427    i.HAL_MspInit       stm32f4xx_hal_msp.o
    0x080034d2   0x0000001a   Code   RO         1732    i.HAL_NVIC_EnableIRQ  stm32f4xx_hal_cortex.o
    0x080034ec   0x0000007c   Code   RO         1738    i.HAL_NVIC_SetPriority  stm32f4xx_hal_cortex.o
    0x08003568   0x00000028   Code   RO         1739    i.HAL_NVIC_SetPriorityGrouping  stm32f4xx_hal_cortex.o
    0x08003590   0x000000a4   Code   RO         4966    i.HAL_PWREx_EnableOverDrive  stm32f4xx_hal_pwr_ex.o
    0x08003634   0x000001a4   Code   RO         5260    i.HAL_RCC_ClockConfig  stm32f4xx_hal_rcc.o
    0x080037d8   0x00000038   Code   RO         5265    i.HAL_RCC_GetHCLKFreq  stm32f4xx_hal_rcc.o
    0x08003810   0x0000002c   Code   RO         5267    i.HAL_RCC_GetPCLK1Freq  stm32f4xx_hal_rcc.o
    0x0800383c   0x0000002c   Code   RO         5268    i.HAL_RCC_GetPCLK2Freq  stm32f4xx_hal_rcc.o
    0x08003868   0x00000134   Code   RO         5370    i.HAL_RCC_GetSysClockFreq  stm32f4xx_hal_rcc_ex.o
    0x0800399c   0x00000448   Code   RO         5371    i.HAL_RCC_OscConfig  stm32f4xx_hal_rcc_ex.o
    0x08003de4   0x0000008c   Code   RO         6868    i.HAL_SPI_Init      stm32f4xx_hal_spi.o
    0x08003e70   0x000000d4   Code   RO         9477    i.HAL_SPI_MspInit   bsp_spi.o
    0x08003f44   0x00000194   Code   RO         6877    i.HAL_SPI_TransmitReceive  stm32f4xx_hal_spi.o
    0x080040d8   0x00000034   Code   RO         1743    i.HAL_SYSTICK_Config  stm32f4xx_hal_cortex.o
    0x0800410c   0x00000002   Code   RO         7900    i.HAL_TIMEx_BreakCallback  stm32f4xx_hal_tim_ex.o
    0x0800410e   0x00000002   Code   RO         7901    i.HAL_TIMEx_CommutationCallback  stm32f4xx_hal_tim_ex.o
    0x08004110   0x00000034   Code   RO         7261    i.HAL_TIM_Base_Init  stm32f4xx_hal_tim.o
    0x08004144   0x00000058   Code   RO         9725    i.HAL_TIM_Base_MspInit  bsp_timer.o
    0x0800419c   0x0000001e   Code   RO         7264    i.HAL_TIM_Base_Start  stm32f4xx_hal_tim.o
    0x080041ba   0x0000001e   Code   RO         7266    i.HAL_TIM_Base_Start_IT  stm32f4xx_hal_tim.o
    0x080041d8   0x00000038   Code   RO         7269    i.HAL_TIM_Base_Stop_IT  stm32f4xx_hal_tim.o
    0x08004210   0x00000002   Code   RO         7290    i.HAL_TIM_IC_CaptureCallback  stm32f4xx_hal_tim.o
    0x08004212   0x00000196   Code   RO         7303    i.HAL_TIM_IRQHandler  stm32f4xx_hal_tim.o
    0x080043a8   0x00000002   Code   RO         7306    i.HAL_TIM_OC_DelayElapsedCallback  stm32f4xx_hal_tim.o
    0x080043aa   0x00000002   Code   RO         7333    i.HAL_TIM_PWM_PulseFinishedCallback  stm32f4xx_hal_tim.o
    0x080043ac   0x00000030   Code   RO         9726    i.HAL_TIM_PeriodElapsedCallback  bsp_timer.o
    0x080043dc   0x00000002   Code   RO         7344    i.HAL_TIM_TriggerCallback  stm32f4xx_hal_tim.o
    0x080043de   0x00000002   Code   RO         8151    i.HAL_UART_ErrorCallback  stm32f4xx_hal_uart.o
    0x080043e0   0x00000014   Code   RO         8153    i.HAL_UART_GetState  stm32f4xx_hal_uart.o
    0x080043f4   0x00000134   Code   RO         8154    i.HAL_UART_IRQHandler  stm32f4xx_hal_uart.o
    0x08004528   0x00000072   Code   RO         8155    i.HAL_UART_Init     stm32f4xx_hal_uart.o
    0x0800459a   0x00000002   PAD
    0x0800459c   0x00000164   Code   RO         9522    i.HAL_UART_MspInit  bsp_uart.o
    0x08004700   0x00000070   Code   RO         8160    i.HAL_UART_Receive_IT  stm32f4xx_hal_uart.o
    0x08004770   0x00000038   Code   RO         9523    i.HAL_UART_RxCpltCallback  bsp_uart.o
    0x080047a8   0x000000c4   Code   RO         8163    i.HAL_UART_Transmit  stm32f4xx_hal_uart.o
    0x0800486c   0x00000002   Code   RO         8166    i.HAL_UART_TxCpltCallback  stm32f4xx_hal_uart.o
    0x0800486e   0x00000004   Code   RO          462    i.HardFault_Handler  stm32f4xx_it.o
    0x08004872   0x00000002   PAD
    0x08004874   0x00000050   Code   RO        10748    i.Init              fs_usbh_msc.o
    0x080048c4   0x0000000e   Code   RO        10749    i.Init0             fs_usbh_msc.o
    0x080048d2   0x0000000e   Code   RO        10750    i.Init1             fs_usbh_msc.o
    0x080048e0   0x00000004   Code   RO          463    i.MemManage_Handler  stm32f4xx_it.o
    0x080048e4   0x00000002   Code   RO          464    i.NMI_Handler       stm32f4xx_it.o
    0x080048e6   0x00000002   PAD
    0x080048e8   0x00000018   Code   RO        10397    i.NVIC_DisableIRQ   usbh_stm32f40x.o
    0x08004900   0x00000016   Code   RO        10398    i.NVIC_EnableIRQ    usbh_stm32f40x.o
    0x08004916   0x00000002   PAD
    0x08004918   0x00000010   Code   RO         1745    i.NVIC_GetPriorityGrouping  stm32f4xx_hal_cortex.o
    0x08004928   0x00000028   Code   RO         1746    i.NVIC_SetPriority  stm32f4xx_hal_cortex.o
    0x08004950   0x00000028   Code   RO        10399    i.NVIC_SetPriority  usbh_stm32f40x.o
    0x08004978   0x0000000a   Code   RO        10400    i.OTG_FS_IRQHandler  usbh_stm32f40x.o
    0x08004982   0x0000000a   Code   RO        10401    i.OTG_HS_IRQHandler  usbh_stm32f40x.o
    0x0800498c   0x00000914   Code   RO        10402    i.OTG_xS_IRQHandler  usbh_stm32f40x.o
    0x080052a0   0x00000024   Code   RO        10751    i.ReadInfo          fs_usbh_msc.o
    0x080052c4   0x0000000e   Code   RO        10752    i.ReadInfo0         fs_usbh_msc.o
    0x080052d2   0x0000000e   Code   RO        10753    i.ReadInfo1         fs_usbh_msc.o
    0x080052e0   0x0000001c   Code   RO        10754    i.ReadSector        fs_usbh_msc.o
    0x080052fc   0x00000016   Code   RO        10755    i.ReadSector0       fs_usbh_msc.o
    0x08005312   0x00000016   Code   RO        10756    i.ReadSector1       fs_usbh_msc.o
    0x08005328   0x00000028   Code   RO         6890    i.SPI_CheckFlag_BSY  stm32f4xx_hal_spi.o
    0x08005350   0x000000a0   Code   RO         6906    i.SPI_WaitFlagStateUntilTimeout  stm32f4xx_hal_spi.o
    0x080053f0   0x000000b8   Code   RO         9273    i.Stm32_Clock_Init  tmsys.o
    0x080054a8   0x00000064   Code   RO          521    i.SystemInit        system_stm32f4xx.o
    0x0800550c   0x00000010   Code   RO         9727    i.TIM2_IRQHandler   bsp_timer.o
    0x0800551c   0x00000010   Code   RO         9728    i.TIM3_IRQHandler   bsp_timer.o
    0x0800552c   0x00000010   Code   RO         9729    i.TIM4_IRQHandler   bsp_timer.o
    0x0800553c   0x000000e4   Code   RO         7345    i.TIM_Base_SetConfig  stm32f4xx_hal_tim.o
    0x08005620   0x00000020   Code   RO         8173    i.UART_EndTransmit_IT  stm32f4xx_hal_uart.o
    0x08005640   0x000000a6   Code   RO         8174    i.UART_Receive_IT   stm32f4xx_hal_uart.o
    0x080056e6   0x00000002   PAD
    0x080056e8   0x00000368   Code   RO         8175    i.UART_SetConfig    stm32f4xx_hal_uart.o
    0x08005a50   0x00000068   Code   RO         8176    i.UART_Transmit_IT  stm32f4xx_hal_uart.o
    0x08005ab8   0x00000104   Code   RO         8177    i.UART_WaitOnFlagUntilTimeout  stm32f4xx_hal_uart.o
    0x08005bbc   0x00000030   Code   RO         9524    i.USART1_IRQHandler  bsp_uart.o
    0x08005bec   0x00000030   Code   RO         9525    i.USART2_IRQHandler  bsp_uart.o
    0x08005c1c   0x00000016   Code   RO        10403    i.USBH0_STM32_EP_Add  usbh_stm32f40x.o
    0x08005c32   0x0000001a   Code   RO        10404    i.USBH0_STM32_EP_Config  usbh_stm32f40x.o
    0x08005c4c   0x0000000e   Code   RO        10405    i.USBH0_STM32_EP_Remove  usbh_stm32f40x.o
    0x08005c5a   0x0000000a   Code   RO        10406    i.USBH0_STM32_Get_Connect  usbh_stm32f40x.o
    0x08005c64   0x0000000a   Code   RO        10407    i.USBH0_STM32_Get_Speed  usbh_stm32f40x.o
    0x08005c6e   0x0000000e   Code   RO        10408    i.USBH0_STM32_Init  usbh_stm32f40x.o
    0x08005c7c   0x0000000e   Code   RO        10409    i.USBH0_STM32_Pins_Config  usbh_stm32f40x.o
    0x08005c8a   0x0000000e   Code   RO        10410    i.USBH0_STM32_Port_Power  usbh_stm32f40x.o
    0x08005c98   0x0000000e   Code   RO        10411    i.USBH0_STM32_Port_Reset  usbh_stm32f40x.o
    0x08005ca6   0x00000012   Code   RO        10412    i.USBH0_STM32_URB_Cancel  usbh_stm32f40x.o
    0x08005cb8   0x00000012   Code   RO        10413    i.USBH0_STM32_URB_Submit  usbh_stm32f40x.o
    0x08005cca   0x00000016   Code   RO        10414    i.USBH1_STM32_EP_Add  usbh_stm32f40x.o
    0x08005ce0   0x0000001a   Code   RO        10415    i.USBH1_STM32_EP_Config  usbh_stm32f40x.o
    0x08005cfa   0x0000000e   Code   RO        10416    i.USBH1_STM32_EP_Remove  usbh_stm32f40x.o
    0x08005d08   0x0000000a   Code   RO        10417    i.USBH1_STM32_Get_Connect  usbh_stm32f40x.o
    0x08005d12   0x0000000a   Code   RO        10418    i.USBH1_STM32_Get_Speed  usbh_stm32f40x.o
    0x08005d1c   0x0000000e   Code   RO        10419    i.USBH1_STM32_Init  usbh_stm32f40x.o
    0x08005d2a   0x0000000e   Code   RO        10420    i.USBH1_STM32_Pins_Config  usbh_stm32f40x.o
    0x08005d38   0x0000000e   Code   RO        10421    i.USBH1_STM32_Port_Power  usbh_stm32f40x.o
    0x08005d46   0x0000000e   Code   RO        10422    i.USBH1_STM32_Port_Reset  usbh_stm32f40x.o
    0x08005d54   0x00000012   Code   RO        10423    i.USBH1_STM32_URB_Cancel  usbh_stm32f40x.o
    0x08005d66   0x00000012   Code   RO        10424    i.USBH1_STM32_URB_Submit  usbh_stm32f40x.o
    0x08005d78   0x0000004c   Code   RO        11808    i.USBH_EP0_SetAddress  USB_CM3.lib(usbh_core.o)
    0x08005dc4   0x00000050   Code   RO        11809    i.USBH_EP0_SetMaxPacketSize  USB_CM3.lib(usbh_core.o)
    0x08005e14   0x00000068   Code   RO        11810    i.USBH_EP0_Setup    USB_CM3.lib(usbh_core.o)
    0x08005e7c   0x00000200   Code   RO        11811    i.USBH_EnumerateDevice  USB_CM3.lib(usbh_core.o)
    0x0800607c   0x0000002c   Code   RO        11812    i.USBH_GetClassDriverIdx  USB_CM3.lib(usbh_core.o)
    0x080060a8   0x00000074   Code   RO        11814    i.USBH_GetDescriptor  USB_CM3.lib(usbh_core.o)
    0x0800611c   0x00000024   Code   RO        11816    i.USBH_GetLastError  USB_CM3.lib(usbh_core.o)
    0x08006140   0x00000164   Code   RO        11882    i.USBH_MSC_Config   USB_CM3.lib(usbh_msc.o)
    0x080062a4   0x00000034   Code   RO        11883    i.USBH_MSC_GetLastError  USB_CM3.lib(usbh_msc.o)
    0x080062d8   0x00000066   Code   RO        11884    i.USBH_MSC_GetMaxLUN  USB_CM3.lib(usbh_msc.o)
    0x0800633e   0x00000002   PAD
    0x08006340   0x00000130   Code   RO        11885    i.USBH_MSC_Init     USB_CM3.lib(usbh_msc.o)
    0x08006470   0x00000128   Code   RO        11886    i.USBH_MSC_Inquiry  USB_CM3.lib(usbh_msc.o)
    0x08006598   0x000001ac   Code   RO        11887    i.USBH_MSC_Read10   USB_CM3.lib(usbh_msc.o)
    0x08006744   0x00000130   Code   RO        11888    i.USBH_MSC_ReadCapacity  USB_CM3.lib(usbh_msc.o)
    0x08006874   0x000000ec   Code   RO        11889    i.USBH_MSC_Rece_Data  USB_CM3.lib(usbh_msc.o)
    0x08006960   0x00000128   Code   RO        11890    i.USBH_MSC_RequestSense  USB_CM3.lib(usbh_msc.o)
    0x08006a88   0x00000178   Code   RO        11891    i.USBH_MSC_Send_Data  USB_CM3.lib(usbh_msc.o)
    0x08006c00   0x0000001c   Code   RO        11892    i.USBH_MSC_SetLastError  USB_CM3.lib(usbh_msc.o)
    0x08006c1c   0x0000010c   Code   RO        11893    i.USBH_MSC_TestUnitReady  USB_CM3.lib(usbh_msc.o)
    0x08006d28   0x000000a4   Code   RO        11894    i.USBH_MSC_UnConfig  USB_CM3.lib(usbh_msc.o)
    0x08006dcc   0x00000030   Code   RO        11895    i.USBH_MSC_UnInit   USB_CM3.lib(usbh_msc.o)
    0x08006dfc   0x000001a8   Code   RO        11896    i.USBH_MSC_Write10  USB_CM3.lib(usbh_msc.o)
    0x08006fa4   0x000000c8   Code   RO        11818    i.USBH_Rece_Data    USB_CM3.lib(usbh_core.o)
    0x0800706c   0x00000092   Code   RO        10425    i.USBH_STM32_CH_Disable  usbh_stm32f40x.o
    0x080070fe   0x00000002   PAD
    0x08007100   0x00000034   Code   RO        10426    i.USBH_STM32_CH_FindFree  usbh_stm32f40x.o
    0x08007134   0x00000018   Code   RO        10427    i.USBH_STM32_CH_GetCHFromIndex  usbh_stm32f40x.o
    0x0800714c   0x00000018   Code   RO        10428    i.USBH_STM32_CH_GetIndexFromCH  usbh_stm32f40x.o
    0x08007164   0x00000144   Code   RO        10429    i.USBH_STM32_CH_TransferEnqueue  usbh_stm32f40x.o
    0x080072a8   0x00000054   Code   RO        10430    i.USBH_STM32_DMA_Start  usbh_stm32f40x.o
    0x080072fc   0x00000044   Code   RO        10431    i.USBH_STM32_DMA_Stop  usbh_stm32f40x.o
    0x08007340   0x00000050   Code   RO        10432    i.USBH_STM32_DMA_Wait  usbh_stm32f40x.o
    0x08007390   0x00000090   Code   RO        10433    i.USBH_STM32_Delay_ms  usbh_stm32f40x.o
    0x08007420   0x00000098   Code   RO        10434    i.USBH_STM32_EP_Add  usbh_stm32f40x.o
    0x080074b8   0x0000008a   Code   RO        10435    i.USBH_STM32_EP_Config  usbh_stm32f40x.o
    0x08007542   0x00000002   PAD
    0x08007544   0x0000005c   Code   RO        10436    i.USBH_STM32_EP_Remove  usbh_stm32f40x.o
    0x080075a0   0x0000001c   Code   RO        10437    i.USBH_STM32_Get_Capabilities  usbh_stm32f40x.o
    0x080075bc   0x000000c8   Code   RO        10438    i.USBH_STM32_Get_Connect  usbh_stm32f40x.o
    0x08007684   0x00000010   Code   RO        10439    i.USBH_STM32_Get_Speed  usbh_stm32f40x.o
    0x08007694   0x0000025c   Code   RO        10440    i.USBH_STM32_Init   usbh_stm32f40x.o
    0x080078f0   0x0000013c   Code   RO        10441    i.USBH_STM32_Pins_Config  usbh_stm32f40x.o
    0x08007a2c   0x00000030   Code   RO        10442    i.USBH_STM32_Port_Power  usbh_stm32f40x.o
    0x08007a5c   0x000000ec   Code   RO        10443    i.USBH_STM32_Port_Reset  usbh_stm32f40x.o
    0x08007b48   0x00000090   Code   RO        10444    i.USBH_STM32_URB_Cancel  usbh_stm32f40x.o
    0x08007bd8   0x00000158   Code   RO        10445    i.USBH_STM32_URB_Submit  usbh_stm32f40x.o
    0x08007d30   0x000000c8   Code   RO        11819    i.USBH_Send_Data    USB_CM3.lib(usbh_core.o)
    0x08007df8   0x00000080   Code   RO        11820    i.USBH_Send_Setup   USB_CM3.lib(usbh_core.o)
    0x08007e78   0x00000046   Code   RO        11821    i.USBH_SetAddress   USB_CM3.lib(usbh_core.o)
    0x08007ebe   0x00000046   Code   RO        11822    i.USBH_SetConfiguration  USB_CM3.lib(usbh_core.o)
    0x08007f04   0x00000014   Code   RO        11826    i.USBH_SetLastError  USB_CM3.lib(usbh_core.o)
    0x08007f18   0x000001f0   Code   RO        11828    i.USBH_UninitDevices  USB_CM3.lib(usbh_core.o)
    0x08008108   0x0000001c   Code   RO        10757    i.UnInit            fs_usbh_msc.o
    0x08008124   0x0000000e   Code   RO        10758    i.UnInit0           fs_usbh_msc.o
    0x08008132   0x0000000e   Code   RO        10759    i.UnInit1           fs_usbh_msc.o
    0x08008140   0x00000004   Code   RO          465    i.UsageFault_Handler  stm32f4xx_it.o
    0x08008144   0x0000001c   Code   RO        10760    i.WriteSector       fs_usbh_msc.o
    0x08008160   0x00000016   Code   RO        10761    i.WriteSector0      fs_usbh_msc.o
    0x08008176   0x00000016   Code   RO        10762    i.WriteSector1      fs_usbh_msc.o
    0x0800818c   0x00000030   Code   RO        12535    i.__ARM_fpclassify  m_wm.l(fpclassify.o)
    0x080081bc   0x00000004   PAD
    0x080081c0   0x00000038   Code   RO        12339    i.__hardfp_atof     m_wm.l(atof.o)
    0x080081f8   0x00000118   Code   RO        12345    i.__hardfp_ceil     m_wm.l(ceil.o)
    0x08008310   0x00000014   Code   RO        12351    i.__hardfp_fabs     m_wm.l(fabs.o)
    0x08008324   0x00000004   PAD
    0x08008328   0x00000118   Code   RO        12357    i.__hardfp_floor    m_wm.l(floor.o)
    0x08008440   0x000000d0   Code   RO        12859    i.__hardfp_ldexp    m_wm.l(ldexp.o)
    0x08008510   0x00000c50   Code   RO        12363    i.__hardfp_pow      m_wm.l(pow.o)
    0x08009160   0x000000e0   Code   RO        12377    i.__hardfp_round    m_wm.l(round.o)
    0x08009240   0x0000007a   Code   RO        12381    i.__hardfp_sqrt     m_wm.l(sqrt.o)
    0x080092ba   0x000000f8   Code   RO        12537    i.__kernel_poly     m_wm.l(poly.o)
    0x080093b2   0x00000006   PAD
    0x080093b8   0x00000030   Code   RO        12521    i.__mathlib_dbl_divzero  m_wm.l(dunder.o)
    0x080093e8   0x00000014   Code   RO        12523    i.__mathlib_dbl_infnan2  m_wm.l(dunder.o)
    0x080093fc   0x00000004   PAD
    0x08009400   0x00000020   Code   RO        12524    i.__mathlib_dbl_invalid  m_wm.l(dunder.o)
    0x08009420   0x00000020   Code   RO        12525    i.__mathlib_dbl_overflow  m_wm.l(dunder.o)
    0x08009440   0x00000020   Code   RO        12527    i.__mathlib_dbl_underflow  m_wm.l(dunder.o)
    0x08009460   0x000000b8   Code   RO        12812    i.__mathlib_narrow  m_wm.l(narrow.o)
    0x08009518   0x00000014   Code   RO        12861    i.__support_ldexp   m_wm.l(ldexp.o)
    0x0800952c   0x00000054   Code   RO        11932    i.__sys_close       FS_CM3.lib(fs_sys.o)
    0x08009580   0x00000040   Code   RO        11934    i.__sys_flen        FS_CM3.lib(fs_sys.o)
    0x080095c0   0x000000d0   Code   RO        11935    i.__sys_open        FS_CM3.lib(fs_sys.o)
    0x08009690   0x00000060   Code   RO        11936    i.__sys_read        FS_CM3.lib(fs_sys.o)
    0x080096f0   0x0000004c   Code   RO        11937    i.__sys_seek        FS_CM3.lib(fs_sys.o)
    0x0800973c   0x00000058   Code   RO        11938    i.__sys_write       FS_CM3.lib(fs_sys.o)
    0x08009794   0x00000024   Code   RO          748    i.__user_perthread_libspace  rtx_conf_cm.o
    0x080097b8   0x00000058   Code   RO        10008    i._init_box         rt_membox.o
    0x08009810   0x0000000e   Code   RO        12240    i._is_digit         c_w.l(__printf_wp.o)
    0x0800981e   0x00000002   PAD
    0x08009820   0x00000020   Code   RO          749    i._mutex_acquire    rtx_conf_cm.o
    0x08009840   0x0000002c   Code   RO          750    i._mutex_initialize  rtx_conf_cm.o
    0x0800986c   0x0000001c   Code   RO          751    i._mutex_release    rtx_conf_cm.o
    0x08009888   0x00000016   Code   RO          648    i._sys_close        retarget.o
    0x0800989e   0x00000004   Code   RO          651    i._sys_exit         retarget.o
    0x080098a2   0x00000016   Code   RO          652    i._sys_flen         retarget.o
    0x080098b8   0x00000010   Code   RO          653    i._sys_istty        retarget.o
    0x080098c8   0x00000058   Code   RO          654    i._sys_open         retarget.o
    0x08009920   0x00000042   Code   RO          655    i._sys_read         retarget.o
    0x08009962   0x0000001c   Code   RO          656    i._sys_seek         retarget.o
    0x0800997e   0x00000042   Code   RO          658    i._sys_write        retarget.o
    0x080099c0   0x0000000c   Code   RO          659    i._ttywrch          retarget.o
    0x080099cc   0x0000004a   Code   RO        12004    i.alloc_new_clus    FS_CM3.lib(fs_fat.o)
    0x08009a16   0x00000002   PAD
    0x08009a18   0x00000060   Code   RO        10852    i.app_usb_initusb   app_usb.o
    0x08009a78   0x00000098   Code   RO        10853    i.app_usb_task      app_usb.o
    0x08009b10   0x0000001c   Code   RO        11523    i.blocks_queued     planner.o
    0x08009b2c   0x000000b0   Code   RO        12005    i.bs_read           FS_CM3.lib(fs_fat.o)
    0x08009bdc   0x00000028   Code   RO         9298    i.bsp_e1_dir_control  bsp_gpio.o
    0x08009c04   0x00000028   Code   RO         9299    i.bsp_e1_enable_control  bsp_gpio.o
    0x08009c2c   0x00000024   Code   RO         9300    i.bsp_e1_pluse_control  bsp_gpio.o
    0x08009c50   0x00000024   Code   RO         9302    i.bsp_e2_enable_control  bsp_gpio.o
    0x08009c74   0x00000028   Code   RO         9303    i.bsp_e2_pluse_control  bsp_gpio.o
    0x08009c9c   0x000004d8   Code   RO         9304    i.bsp_gpio_init     bsp_gpio.o
    0x0800a174   0x00000024   Code   RO         9305    i.bsp_led_run_control  bsp_gpio.o
    0x0800a198   0x00000058   Code   RO         9478    i.bsp_spi1_init     bsp_spi.o
    0x0800a1f0   0x00000020   Code   RO         9479    i.bsp_spi1_rw_byte  bsp_spi.o
    0x0800a210   0x00000048   Code   RO         9480    i.bsp_spi1_set_speed  bsp_spi.o
    0x0800a258   0x0000004c   Code   RO         9730    i.bsp_timer2_init   bsp_timer.o
    0x0800a2a4   0x0000001c   Code   RO         9731    i.bsp_timer2_int    bsp_timer.o
    0x0800a2c0   0x00000050   Code   RO         9732    i.bsp_timer3_init   bsp_timer.o
    0x0800a310   0x0000001c   Code   RO         9733    i.bsp_timer3_int    bsp_timer.o
    0x0800a32c   0x00000050   Code   RO         9734    i.bsp_timer4_init   bsp_timer.o
    0x0800a37c   0x0000001c   Code   RO         9735    i.bsp_timer4_int    bsp_timer.o
    0x0800a398   0x00000038   Code   RO         9526    i.bsp_uart1_init    bsp_uart.o
    0x0800a3d0   0x00000002   Code   RO         9527    i.bsp_uart1_rx_interrupt  bsp_uart.o
    0x0800a3d2   0x00000002   PAD
    0x0800a3d4   0x00000038   Code   RO         9529    i.bsp_uart2_init    bsp_uart.o
    0x0800a40c   0x0000000c   Code   RO         9530    i.bsp_uart2_rx_interrupt  bsp_uart.o
    0x0800a418   0x00000048   Code   RO         9531    i.bsp_uart2_sendbyte  bsp_uart.o
    0x0800a460   0x00000024   Code   RO         9306    i.bsp_x_dir_control  bsp_gpio.o
    0x0800a484   0x00000024   Code   RO         9307    i.bsp_x_enable_control  bsp_gpio.o
    0x0800a4a8   0x00000014   Code   RO         9308    i.bsp_x_limit_m_read  bsp_gpio.o
    0x0800a4bc   0x00000010   Code   RO         9309    i.bsp_x_limit_p_read  bsp_gpio.o
    0x0800a4cc   0x00000024   Code   RO         9310    i.bsp_x_pluse_control  bsp_gpio.o
    0x0800a4f0   0x00000024   Code   RO         9311    i.bsp_y_dir_control  bsp_gpio.o
    0x0800a514   0x00000024   Code   RO         9312    i.bsp_y_enable_control  bsp_gpio.o
    0x0800a538   0x00000014   Code   RO         9313    i.bsp_y_limit_m_read  bsp_gpio.o
    0x0800a54c   0x00000010   Code   RO         9314    i.bsp_y_limit_p_read  bsp_gpio.o
    0x0800a55c   0x00000028   Code   RO         9315    i.bsp_y_pluse_control  bsp_gpio.o
    0x0800a584   0x00000028   Code   RO         9316    i.bsp_z1_dir_control  bsp_gpio.o
    0x0800a5ac   0x00000024   Code   RO         9317    i.bsp_z1_enable_control  bsp_gpio.o
    0x0800a5d0   0x00000024   Code   RO         9318    i.bsp_z1_pluse_control  bsp_gpio.o
    0x0800a5f4   0x00000014   Code   RO         9322    i.bsp_z_limit_m_read  bsp_gpio.o
    0x0800a608   0x00000014   Code   RO         9323    i.bsp_z_limit_p_read  bsp_gpio.o
    0x0800a61c   0x00000092   Code   RO        12007    i.cache_fat         FS_CM3.lib(fs_fat.o)
    0x0800a6ae   0x00000002   PAD
    0x0800a6b0   0x00000058   Code   RO        11690    i.calc_timer        stepper.o
    0x0800a708   0x000001ce   Code   RO        11524    i.calculate_trapezoid_for_block  planner.o
    0x0800a8d6   0x00000060   Code   RO        12008    i.char_validate     FS_CM3.lib(fs_fat.o)
    0x0800a936   0x00000002   PAD
    0x0800a938   0x00000100   Code   RO        11691    i.checkHitEndstops  stepper.o
    0x0800aa38   0x0000003e   Code   RO        12009    i.clear_clus        FS_CM3.lib(fs_fat.o)
    0x0800aa76   0x00000024   Code   RO        12010    i.clus_to_sect      FS_CM3.lib(fs_fat.o)
    0x0800aa9a   0x0000010a   Code   RO        12011    i.count_free_clus   FS_CM3.lib(fs_fat.o)
    0x0800aba4   0x000000c8   Code   RO        12012    i.create_dot_entries  FS_CM3.lib(fs_fat.o)
    0x0800ac6c   0x000000e4   Code   RO        12013    i.create_lfn_entry  FS_CM3.lib(fs_fat.o)
    0x0800ad50   0x00000080   Code   RO        12014    i.create_sfn_entry  FS_CM3.lib(fs_fat.o)
    0x0800add0   0x00000004   Code   RO          810    i.efs_create        file_config.o
    0x0800add4   0x00000004   Code   RO          812    i.efs_delete        file_config.o
    0x0800add8   0x00000004   Code   RO          814    i.efs_ffind         file_config.o
    0x0800addc   0x00000004   Code   RO          815    i.efs_find          file_config.o
    0x0800ade0   0x00000002   Code   RO          818    i.efs_fsize         file_config.o
    0x0800ade2   0x00000004   Code   RO          819    i.efs_read          file_config.o
    0x0800ade6   0x00000004   Code   RO          821    i.efs_seek          file_config.o
    0x0800adea   0x00000004   Code   RO          822    i.efs_wclose        file_config.o
    0x0800adee   0x00000004   Code   RO          823    i.efs_write         file_config.o
    0x0800adf2   0x00000004   Code   RO          824    i.elink_cmd         file_config.o
    0x0800adf6   0x00000004   Code   RO          826    i.elink_flush       file_config.o
    0x0800adfa   0x00000004   Code   RO          827    i.elink_init        file_config.o
    0x0800adfe   0x00000004   Code   RO          828    i.elink_init_path   file_config.o
    0x0800ae02   0x00000004   Code   RO          829    i.elink_insert      file_config.o
    0x0800ae06   0x00000004   Code   RO          830    i.elink_scan        file_config.o
    0x0800ae0a   0x00000028   Code   RO        12015    i.entry_flush       FS_CM3.lib(fs_fat.o)
    0x0800ae32   0x00000032   Code   RO        12016    i.entry_pos_comp    FS_CM3.lib(fs_fat.o)
    0x0800ae64   0x00000058   Code   RO        12017    i.entry_pos_set     FS_CM3.lib(fs_fat.o)
    0x0800aebc   0x00000036   Code   RO        12018    i.entry_read        FS_CM3.lib(fs_fat.o)
    0x0800aef2   0x0000002e   Code   RO        12019    i.entry_type        FS_CM3.lib(fs_fat.o)
    0x0800af20   0x00000034   Code   RO        11526    i.estimate_acceleration_distance  planner.o
    0x0800af54   0x00000018   Code   RO        12353    i.fabs              m_wm.l(fabs.o)
    0x0800af6c   0x000000d8   Code   RO        12021    i.fat_close         FS_CM3.lib(fs_fat.o)
    0x0800b044   0x00000030   Code   RO        12022    i.fat_crc32         FS_CM3.lib(fs_fat.o)
    0x0800b074   0x000000f2   Code   RO        12024    i.fat_ffind         FS_CM3.lib(fs_fat.o)
    0x0800b166   0x00000152   Code   RO        12027    i.fat_init          FS_CM3.lib(fs_fat.o)
    0x0800b2b8   0x00000004   Code   RO          831    i.fat_jour_init     file_config.o
    0x0800b2bc   0x000001b0   Code   RO        12030    i.fat_open          FS_CM3.lib(fs_fat.o)
    0x0800b46c   0x000000ca   Code   RO        12031    i.fat_read          FS_CM3.lib(fs_fat.o)
    0x0800b536   0x000000b6   Code   RO        12034    i.fat_seek          FS_CM3.lib(fs_fat.o)
    0x0800b5ec   0x00000124   Code   RO        12035    i.fat_write         FS_CM3.lib(fs_fat.o)
    0x0800b710   0x000001c0   Code   RO        11957    i.ffind             FS_CM3.lib(fs_mapi.o)
    0x0800b8d0   0x00000018   Code   RO        12256    i.fgetc             c_w.l(fgetc.o)
    0x0800b8e8   0x0000007c   Code   RO        11961    i.finit             FS_CM3.lib(fs_mapi.o)
    0x0800b964   0x0000001c   Code   RO         9532    i.fputc             bsp_uart.o
    0x0800b980   0x000000ac   Code   RO        12036    i.frec_allocate     FS_CM3.lib(fs_fat.o)
    0x0800ba2c   0x0000022c   Code   RO        12039    i.frec_find         FS_CM3.lib(fs_fat.o)
    0x0800bc58   0x00000058   Code   RO        12040    i.frec_find_elink   FS_CM3.lib(fs_fat.o)
    0x0800bcb0   0x00000110   Code   RO        12041    i.frec_next         FS_CM3.lib(fs_fat.o)
    0x0800bdc0   0x0000008c   Code   RO        12838    i.frexp             m_wm.l(frexp.o)
    0x0800be4c   0x00000070   Code   RO        11963    i.fs_cfg_drv        FS_CM3.lib(fs_mapi.o)
    0x0800bebc   0x0000002e   Code   RO        12178    i.fs_chk_media      FS_CM3.lib(fs_lib.o)
    0x0800beea   0x00000002   PAD
    0x0800beec   0x00000044   Code   RO          833    i.fs_config         file_config.o
    0x0800bf30   0x00000040   Code   RO        12180    i.fs_efs_lock       FS_CM3.lib(fs_lib.o)
    0x0800bf70   0x00000040   Code   RO        12181    i.fs_fat_lock       FS_CM3.lib(fs_lib.o)
    0x0800bfb0   0x0000002c   Code   RO        12182    i.fs_find_drv       FS_CM3.lib(fs_lib.o)
    0x0800bfdc   0x00000038   Code   RO        12183    i.fs_find_iob       FS_CM3.lib(fs_lib.o)
    0x0800c014   0x00000008   Code   RO        12203    i.fs_get_date       FS_CM3.lib(fs_time.o)
    0x0800c01c   0x00000006   Code   RO        12204    i.fs_get_time       FS_CM3.lib(fs_time.o)
    0x0800c022   0x00000002   PAD
    0x0800c024   0x00000078   Code   RO        12184    i.fs_map_drive      FS_CM3.lib(fs_lib.o)
    0x0800c09c   0x00000018   Code   RO        12186    i.fs_strpos         FS_CM3.lib(fs_lib.o)
    0x0800c0b4   0x00000080   Code   RO        12042    i.fsinfo_read       FS_CM3.lib(fs_fat.o)
    0x0800c134   0x00000064   Code   RO        12043    i.fsinfo_write      FS_CM3.lib(fs_fat.o)
    0x0800c198   0x00000004   Code   RO          836    i.fsj_write         file_config.o
    0x0800c19c   0x00000022   Code   RO        12044    i.get_EOC           FS_CM3.lib(fs_fat.o)
    0x0800c1be   0x0000002e   Code   RO        12046    i.get_date          FS_CM3.lib(fs_fat.o)
    0x0800c1ec   0x00000032   Code   RO        12047    i.get_fat_sect      FS_CM3.lib(fs_fat.o)
    0x0800c21e   0x00000002   PAD
    0x0800c220   0x000000dc   Code   RO        12049    i.get_free_clus     FS_CM3.lib(fs_fat.o)
    0x0800c2fc   0x0000002e   Code   RO        12051    i.get_time          FS_CM3.lib(fs_fat.o)
    0x0800c32a   0x0000000a   Code   RO        12052    i.get_u16           FS_CM3.lib(fs_fat.o)
    0x0800c334   0x00000016   Code   RO        12053    i.get_u32           FS_CM3.lib(fs_fat.o)
    0x0800c34a   0x00000004   Code   RO          660    i.getkey            retarget.o
    0x0800c34e   0x000000d2   Code   RO        11966    i.init_drv          FS_CM3.lib(fs_mapi.o)
    0x0800c420   0x00000040   Code   RO        11527    i.intersection_distance  planner.o
    0x0800c460   0x00000034   Code   RO        12054    i.is_EOC            FS_CM3.lib(fs_fat.o)
    0x0800c494   0x00000014   Code   RO        10085    i.isr_sem_send      rt_semaphore.o
    0x0800c4a8   0x0000008c   Code   RO        10918    i.jmp_command_execution  jmp_command_execution.o
    0x0800c534   0x00000028   Code   RO        10919    i.jmp_command_execution_init  jmp_command_execution.o
    0x0800c55c   0x00000034   Code   RO        10920    i.jmp_command_execution_task  jmp_command_execution.o
    0x0800c590   0x00000002   Code   RO        10921    i.jmp_command_g0_exec  jmp_command_execution.o
    0x0800c592   0x00000002   PAD
    0x0800c594   0x000001b8   Code   RO        10922    i.jmp_command_g1_exec  jmp_command_execution.o
    0x0800c74c   0x00000040   Code   RO        10923    i.jmp_command_g28_exec  jmp_command_execution.o
    0x0800c78c   0x00000018   Code   RO        10924    i.jmp_command_g4_exec  jmp_command_execution.o
    0x0800c7a4   0x00000018   Code   RO        10925    i.jmp_command_g90_exec  jmp_command_execution.o
    0x0800c7bc   0x0000017c   Code   RO        10926    i.jmp_command_g92_exec  jmp_command_execution.o
    0x0800c938   0x00000018   Code   RO        10927    i.jmp_command_m82_exec  jmp_command_execution.o
    0x0800c950   0x0000003c   Code   RO        10928    i.jmp_command_struct_clear  jmp_command_execution.o
    0x0800c98c   0x00000002   Code   RO        11225    i.jmp_config_param_init  jmp_param_state.o
    0x0800c98e   0x00000002   PAD
    0x0800c990   0x000000a0   Code   RO        11226    i.jmp_config_state_init  jmp_param_state.o
    0x0800ca30   0x0000000c   Code   RO        11227    i.jmp_configstate_init  jmp_param_state.o
    0x0800ca3c   0x000000e4   Code   RO        11013    i.jmp_gcode_analysis  jmp_gcode_analysis.o
    0x0800cb20   0x0000002c   Code   RO        11015    i.jmp_gcode_buff_clear  jmp_gcode_analysis.o
    0x0800cb4c   0x0000002c   Code   RO        11016    i.jmp_gcode_buff_get  jmp_gcode_analysis.o
    0x0800cb78   0x00000038   Code   RO        11017    i.jmp_gcode_buff_get_remain  jmp_gcode_analysis.o
    0x0800cbb0   0x00000030   Code   RO        11018    i.jmp_gcode_buff_get_sum  jmp_gcode_analysis.o
    0x0800cbe0   0x0000002c   Code   RO        11019    i.jmp_gcode_buff_put  jmp_gcode_analysis.o
    0x0800cc0c   0x00000008   Code   RO        11020    i.jmp_gcode_g0_param  jmp_gcode_analysis.o
    0x0800cc14   0x000000f8   Code   RO        11021    i.jmp_gcode_g1_param  jmp_gcode_analysis.o
    0x0800cd0c   0x00000002   Code   RO        11022    i.jmp_gcode_g28_param  jmp_gcode_analysis.o
    0x0800cd0e   0x00000002   Code   RO        11023    i.jmp_gcode_g4_param  jmp_gcode_analysis.o
    0x0800cd10   0x00000002   Code   RO        11024    i.jmp_gcode_g90_param  jmp_gcode_analysis.o
    0x0800cd12   0x00000008   Code   RO        11025    i.jmp_gcode_g92_param  jmp_gcode_analysis.o
    0x0800cd1a   0x00000002   PAD
    0x0800cd1c   0x00000050   Code   RO        11026    i.jmp_gcode_g_param  jmp_gcode_analysis.o
    0x0800cd6c   0x000000c8   Code   RO        11027    i.jmp_gcode_get_line  jmp_gcode_analysis.o
    0x0800ce34   0x00000020   Code   RO        11028    i.jmp_gcode_line_buff_clear  jmp_gcode_analysis.o
    0x0800ce54   0x00000002   Code   RO        11029    i.jmp_gcode_m82_param  jmp_gcode_analysis.o
    0x0800ce56   0x00000002   PAD
    0x0800ce58   0x0000001c   Code   RO        11030    i.jmp_gcode_m_param  jmp_gcode_analysis.o
    0x0800ce74   0x00000034   Code   RO        11031    i.jmp_gcode_param_buff_clear  jmp_gcode_analysis.o
    0x0800cea8   0x00000008   Code   RO        11032    i.jmp_gcode_s_param  jmp_gcode_analysis.o
    0x0800ceb0   0x00000008   Code   RO        11033    i.jmp_gcode_t_param  jmp_gcode_analysis.o
    0x0800ceb8   0x00000058   Code   RO        11267    i.jmp_gui_find_gcode_file  jmp_gui.o
    0x0800cf10   0x00000048   Code   RO        11268    i.jmp_gui_gcode_file_name_clear  jmp_gui.o
    0x0800cf58   0x00000028   Code   RO        11269    i.jmp_gui_goto_frame  jmp_gui.o
    0x0800cf80   0x000000c0   Code   RO        11270    i.jmp_gui_init      jmp_gui.o
    0x0800d040   0x00000080   Code   RO        11271    i.jmp_gui_print_prepare_file_name_update  jmp_gui.o
    0x0800d0c0   0x00000034   Code   RO        11272    i.jmp_gui_print_set_update  jmp_gui.o
    0x0800d0f4   0x00000054   Code   RO        11273    i.jmp_gui_printing_main_task  jmp_gui.o
    0x0800d148   0x00000198   Code   RO        11274    i.jmp_gui_printing_update  jmp_gui.o
    0x0800d2e0   0x0000005c   Code   RO        11275    i.jmp_gui_start_print  jmp_gui.o
    0x0800d33c   0x00000010   Code   RO        11276    i.jmp_gui_stop_print  jmp_gui.o
    0x0800d34c   0x00000888   Code   RO        11277    i.jmp_gui_task      jmp_gui.o
    0x0800dbd4   0x00000084   Code   RO        11278    i.jmp_gui_uart_command_analysis  jmp_gui.o
    0x0800dc58   0x000000b0   Code   RO        11279    i.jmp_gui_uart_command_get  jmp_gui.o
    0x0800dd08   0x0000000c   Code   RO        11280    i.jmp_gui_uart_send  jmp_gui.o
    0x0800dd14   0x00000018   Code   RO        11281    i.jmp_gui_uart_send_buffx  jmp_gui.o
    0x0800dd2c   0x00000164   Code   RO        11282    i.jmp_gui_uart_send_str  jmp_gui.o
    0x0800de90   0x00000020   Code   RO        11283    i.jmp_gui_uart_timeout  jmp_gui.o
    0x0800deb0   0x0000001c   Code   RO        11284    i.jmp_gui_uart_timeout_disable  jmp_gui.o
    0x0800decc   0x0000001c   Code   RO        11285    i.jmp_gui_uart_timeout_enable  jmp_gui.o
    0x0800dee8   0x00000020   Code   RO        11286    i.jmp_gui_uart_timeout_init  jmp_gui.o
    0x0800df08   0x00000010   Code   RO        11287    i.jmp_gui_uart_timeout_reset  jmp_gui.o
    0x0800df18   0x000000dc   Code   RO        11288    i.jmp_gui_update_gcode_file_name  jmp_gui.o
    0x0800dff4   0x00000064   Code   RO        11289    i.jmp_gui_update_manual_step  jmp_gui.o
    0x0800e058   0x00000024   Code   RO        11290    i.jmp_guiuart_rx_str_clear  jmp_gui.o
    0x0800e07c   0x00000024   Code   RO        11291    i.jmp_guiuart_tx_str_clear  jmp_gui.o
    0x0800e0a0   0x00000158   Code   RO        11446    i.jmp_motion_clamp_to_software_endstops  jmp_motion.o
    0x0800e1f8   0x00000a04   Code   RO        11447    i.jmp_motion_find_home  jmp_motion.o
    0x0800ebfc   0x00000034   Code   RO        11448    i.jmp_motion_init   jmp_motion.o
    0x0800ec30   0x000000c4   Code   RO        11449    i.jmp_motion_manual  jmp_motion.o
    0x0800ecf4   0x00000114   Code   RO        11450    i.jmp_motion_prepare_move  jmp_motion.o
    0x0800ee08   0x00000088   Code   RO        11451    i.jmp_motion_set_postion  jmp_motion.o
    0x0800ee90   0x00000014   Code   RO        11452    i.jmp_motion_task   jmp_motion.o
    0x0800eea4   0x0000005c   Code   RO        11164    i.jmp_storage_get_nextline_sum  jmp_storage_read.o
    0x0800ef00   0x00000020   Code   RO        11165    i.jmp_storage_read_buff_clear  jmp_storage_read.o
    0x0800ef20   0x0000003c   Code   RO        11167    i.jmp_storage_read_init  jmp_storage_read.o
    0x0800ef5c   0x00000154   Code   RO        11168    i.jmp_storage_read_task  jmp_storage_read.o
    0x0800f0b0   0x000000fc   Code   RO        11169    i.jmp_storage_readline  jmp_storage_read.o
    0x0800f1ac   0x00000054   Code   RO            7    i.main              main.o
    0x0800f200   0x00000056   Code   RO        11528    i.max_allowable_speed  planner.o
    0x0800f256   0x00000002   PAD
    0x0800f258   0x0000007a   Code   RO        12065    i.name_analyse      FS_CM3.lib(fs_fat.o)
    0x0800f2d2   0x000000b4   Code   RO        12066    i.name_basis_gen    FS_CM3.lib(fs_fat.o)
    0x0800f386   0x00000008   Code   RO        12067    i.name_hash         FS_CM3.lib(fs_fat.o)
    0x0800f38e   0x00000002   PAD
    0x0800f390   0x00000128   Code   RO        12068    i.name_nt_gen       FS_CM3.lib(fs_fat.o)
    0x0800f4b8   0x00000052   Code   RO        12069    i.name_strip        FS_CM3.lib(fs_fat.o)
    0x0800f50a   0x0000000c   Code   RO        11530    i.next_block_index  planner.o
    0x0800f516   0x00000004   Code   RO          752    i.os_error          rtx_conf_cm.o
    0x0800f51a   0x00000004   Code   RO          753    i.os_idle_demon     rtx_conf_cm.o
    0x0800f51e   0x00000002   PAD
    0x0800f520   0x00000030   Code   RO        10122    i.os_tick_init      rt_system.o
    0x0800f550   0x00000002   Code   RO        10123    i.os_tick_irqack    rt_system.o
    0x0800f552   0x00000002   Code   RO          754    i.os_tmr_call       rtx_conf_cm.o
    0x0800f554   0x0000021c   Code   RO        12070    i.path_create       FS_CM3.lib(fs_fat.o)
    0x0800f770   0x000000ac   Code   RO        12071    i.path_open         FS_CM3.lib(fs_fat.o)
    0x0800f81c   0x00000032   Code   RO        12072    i.path_validate     FS_CM3.lib(fs_fat.o)
    0x0800f84e   0x00000002   PAD
    0x0800f850   0x00000f5c   Code   RO        11531    i.plan_buffer_line  planner.o
    0x080107ac   0x00000012   Code   RO        11532    i.plan_convert_corexy_to_x_axis_steps  planner.o
    0x080107be   0x00000012   Code   RO        11533    i.plan_convert_corexy_to_y_axis_steps  planner.o
    0x080107d0   0x00000024   Code   RO        11534    i.plan_discard_current_block  planner.o
    0x080107f4   0x00000038   Code   RO        11535    i.plan_get_current_block  planner.o
    0x0801082c   0x0000005c   Code   RO        11536    i.plan_init         planner.o
    0x08010888   0x00000164   Code   RO        11538    i.plan_set_position  planner.o
    0x080109ec   0x00000058   Code   RO        11539    i.planner_forward_pass  planner.o
    0x08010a44   0x000000c8   Code   RO        11540    i.planner_forward_pass_kernel  planner.o
    0x08010b0c   0x00000010   Code   RO        11541    i.planner_recalculate  planner.o
    0x08010b1c   0x000000c0   Code   RO        11542    i.planner_recalculate_trapezoids  planner.o
    0x08010bdc   0x00000068   Code   RO        11543    i.planner_reverse_pass  planner.o
    0x08010c44   0x000000aa   Code   RO        11544    i.planner_reverse_pass_kernel  planner.o
    0x08010cee   0x0000000a   Code   RO        11545    i.prev_block_index  planner.o
    0x08010cf8   0x0000007a   Code   RO        12073    i.read_cache        FS_CM3.lib(fs_fat.o)
    0x08010d72   0x00000052   Code   RO        12074    i.read_sector       FS_CM3.lib(fs_fat.o)
    0x08010dc4   0x00000044   Code   RO        11546    i.reset_acceleration_rates  planner.o
    0x08010e08   0x0000001e   Code   RO        10009    i.rt_alloc_box      rt_membox.o
    0x08010e26   0x00000002   PAD
    0x08010e28   0x00000038   Code   RO        10206    i.rt_block          rt_task.o
    0x08010e60   0x00000058   Code   RO        10064    i.rt_chk_robin      rt_robin.o
    0x08010eb8   0x00000094   Code   RO         9874    i.rt_dec_dly        rt_list.o
    0x08010f4c   0x00000050   Code   RO        10207    i.rt_dispatch       rt_task.o
    0x08010f9c   0x0000000e   Code   RO        10290    i.rt_dly_wait       rt_time.o
    0x08010faa   0x00000002   PAD
    0x08010fac   0x00000058   Code   RO         9816    i.rt_evt_psh        rt_event.o
    0x08011004   0x00000024   Code   RO        10010    i.rt_free_box       rt_membox.o
    0x08011028   0x00000028   Code   RO        10208    i.rt_get_TID        rt_task.o
    0x08011050   0x00000032   Code   RO         9875    i.rt_get_first      rt_list.o
    0x08011082   0x00000002   PAD
    0x08011084   0x0000004c   Code   RO        10209    i.rt_init_context   rt_task.o
    0x080110d0   0x00000018   Code   RO        10065    i.rt_init_robin     rt_robin.o
    0x080110e8   0x00000054   Code   RO        10354    i.rt_init_stack     hal_cm4.o
    0x0801113c   0x000000d8   Code   RO         9959    i.rt_mbx_psh        rt_mailbox.o
    0x08011214   0x00000012   Code   RO        10040    i.rt_mut_init       rt_mutex.o
    0x08011226   0x00000002   PAD
    0x08011228   0x00000130   Code   RO        10041    i.rt_mut_release    rt_mutex.o
    0x08011358   0x00000090   Code   RO        10042    i.rt_mut_wait       rt_mutex.o
    0x080113e8   0x000000a8   Code   RO        10124    i.rt_pop_req        rt_system.o
    0x08011490   0x00000024   Code   RO        10125    i.rt_psh_req        rt_system.o
    0x080114b4   0x0000007c   Code   RO         9877    i.rt_psq_enq        rt_list.o
    0x08011530   0x0000005c   Code   RO         9878    i.rt_put_dly        rt_list.o
    0x0801158c   0x00000040   Code   RO         9879    i.rt_put_prio       rt_list.o
    0x080115cc   0x00000014   Code   RO         9880    i.rt_put_rdy_first  rt_list.o
    0x080115e0   0x00000034   Code   RO         9881    i.rt_resort_prio    rt_list.o
    0x08011614   0x00000028   Code   RO         9882    i.rt_rmv_dly        rt_list.o
    0x0801163c   0x00000034   Code   RO         9883    i.rt_rmv_list       rt_list.o
    0x08011670   0x00000010   Code   RO        10086    i.rt_sem_init       rt_semaphore.o
    0x08011680   0x00000038   Code   RO        10087    i.rt_sem_psh        rt_semaphore.o
    0x080116b8   0x00000040   Code   RO        10088    i.rt_sem_send       rt_semaphore.o
    0x080116f8   0x00000050   Code   RO        10089    i.rt_sem_wait       rt_semaphore.o
    0x08011748   0x00000030   Code   RO        10127    i.rt_stk_check      rt_system.o
    0x08011778   0x00000010   Code   RO        10210    i.rt_switch_req     rt_task.o
    0x08011788   0x00000184   Code   RO        10211    i.rt_sys_init       rt_task.o
    0x0801190c   0x00000044   Code   RO        10129    i.rt_systick        rt_system.o
    0x08011950   0x0000004c   Code   RO        10325    i.rt_tmr_tick       rt_timer.o
    0x0801199c   0x00000068   Code   RO        10212    i.rt_tsk_create     rt_task.o
    0x08011a04   0x00000074   Code   RO        10130    i.rt_tsk_lock       rt_system.o
    0x08011a78   0x00000018   Code   RO        10216    i.rt_tsk_self       rt_task.o
    0x08011a90   0x00000080   Code   RO        10131    i.rt_tsk_unlock     rt_system.o
    0x08011b10   0x00000002   Code   RO          661    i.sendchar          retarget.o
    0x08011b12   0x00000094   Code   RO        12075    i.set_next_clus     FS_CM3.lib(fs_fat.o)
    0x08011ba6   0x0000000e   Code   RO        12076    i.set_root_clus     FS_CM3.lib(fs_fat.o)
    0x08011bb4   0x00000008   Code   RO        12077    i.set_u16           FS_CM3.lib(fs_fat.o)
    0x08011bbc   0x00000010   Code   RO        12078    i.set_u32           FS_CM3.lib(fs_fat.o)
    0x08011bcc   0x00000048   Code   RO        12079    i.sfn_extract       FS_CM3.lib(fs_fat.o)
    0x08011c14   0x0000001a   Code   RO        12080    i.short_ent_hash    FS_CM3.lib(fs_fat.o)
    0x08011c2e   0x0000001e   Code   RO        12081    i.sn_chksum         FS_CM3.lib(fs_fat.o)
    0x08011c4c   0x0000006e   Code   RO        12383    i.sqrt              m_wm.l(sqrt.o)
    0x08011cba   0x00000002   PAD
    0x08011cbc   0x00000060   Code   RO        11697    i.st_init           stepper.o
    0x08011d1c   0x0000002c   Code   RO        11698    i.st_pin_idle       stepper.o
    0x08011d48   0x00000014   Code   RO        11700    i.st_set_position   stepper.o
    0x08011d5c   0x000005e4   Code   RO        11702    i.st_timer_interrupt  stepper.o
    0x08012340   0x00000054   Code   RO         9234    i.tmdelay_init      tmdelay.o
    0x08012394   0x00000094   Code   RO        11705    i.trapezoid_generator_reset  stepper.o
    0x08012428   0x00000138   Code   RO        12083    i.unlink_clus_chain  FS_CM3.lib(fs_fat.o)
    0x08012560   0x00000150   Code   RO        11829    i.usbh_engine       USB_CM3.lib(usbh_core.o)
    0x080126b0   0x00000068   Code   RO        11833    i.usbh_init         USB_CM3.lib(usbh_core.o)
    0x08012718   0x00000020   Code   RO        11835    i.usbh_mem_alloc    USB_CM3.lib(usbh_core.o)
    0x08012738   0x00000044   Code   RO        11991    i.usbh_mem_alloc_lib  USB_CM3.lib(usbh_mem.o)
    0x0801277c   0x0000001a   Code   RO        11836    i.usbh_mem_free     USB_CM3.lib(usbh_core.o)
    0x08012796   0x00000002   PAD
    0x08012798   0x0000003c   Code   RO        11992    i.usbh_mem_free_lib  USB_CM3.lib(usbh_mem.o)
    0x080127d4   0x0000001a   Code   RO        11837    i.usbh_mem_init     USB_CM3.lib(usbh_core.o)
    0x080127ee   0x00000002   PAD
    0x080127f0   0x00000040   Code   RO        11993    i.usbh_mem_init_lib  USB_CM3.lib(usbh_mem.o)
    0x08012830   0x0000003c   Code   RO        11898    i.usbh_msc_read     USB_CM3.lib(usbh_msc.o)
    0x0801286c   0x00000094   Code   RO        11899    i.usbh_msc_read_config  USB_CM3.lib(usbh_msc.o)
    0x08012900   0x00000050   Code   RO        11900    i.usbh_msc_status   USB_CM3.lib(usbh_msc.o)
    0x08012950   0x0000003c   Code   RO        11901    i.usbh_msc_write    USB_CM3.lib(usbh_msc.o)
    0x0801298c   0x00000110   Code   RO        10446    i.usbh_stm32_cfg_pin  usbh_stm32f40x.o
    0x08012a9c   0x0000007c   Code   RO        10447    i.usbh_stm32_uncfg_pin  usbh_stm32f40x.o
    0x08012b18   0x000000bc   Code   RO        11838    i.usbh_transfer     USB_CM3.lib(usbh_core.o)
    0x08012bd4   0x0000006c   Code   RO        11839    i.usbh_uninit       USB_CM3.lib(usbh_core.o)
    0x08012c40   0x0000009c   Code   RO         9612    i.w25qxx_init       w25qxx.o
    0x08012cdc   0x00000048   Code   RO         9615    i.w25qxx_readID     w25qxx.o
    0x08012d24   0x00000050   Code   RO         9616    i.w25qxx_readSR     w25qxx.o
    0x08012d74   0x000000ae   Code   RO        12084    i.write_cache       FS_CM3.lib(fs_fat.o)
    0x08012e22   0x000000e8   Code   RO        12085    i.write_fat_link    FS_CM3.lib(fs_fat.o)
    0x08012f0a   0x00000030   Code   RO        12086    i.write_sector      FS_CM3.lib(fs_fat.o)
    0x08012f3a   0x00000002   PAD
    0x08012f3c   0x0000002c   Code   RO        12651    locale$$code        c_w.l(lc_numeric_c.o)
    0x08012f68   0x0000002c   Code   RO        12753    locale$$code        c_w.l(lc_ctype_c.o)
    0x08012f94   0x00000018   Code   RO        12502    x$fpl$basic         fz_wm.l(basic.o)
    0x08012fac   0x00000062   Code   RO        12301    x$fpl$d2f           fz_wm.l(d2f.o)
    0x0801300e   0x00000002   PAD
    0x08013010   0x00000150   Code   RO        12303    x$fpl$dadd          fz_wm.l(daddsub_clz.o)
    0x08013160   0x00000010   Code   RO        12724    x$fpl$dcheck1       fz_wm.l(dcheck1.o)
    0x08013170   0x00000018   Code   RO        12504    x$fpl$dcmpinf       fz_wm.l(dcmpi.o)
    0x08013188   0x000002b0   Code   RO        12310    x$fpl$ddiv          fz_wm.l(ddiv.o)
    0x08013438   0x00000078   Code   RO        12313    x$fpl$deqf          fz_wm.l(deqf.o)
    0x080134b0   0x0000005e   Code   RO        12315    x$fpl$dfix          fz_wm.l(dfix.o)
    0x0801350e   0x00000002   PAD
    0x08013510   0x0000005a   Code   RO        12319    x$fpl$dfixu         fz_wm.l(dfixu.o)
    0x0801356a   0x0000002e   Code   RO        12324    x$fpl$dflt          fz_wm.l(dflt_clz.o)
    0x08013598   0x00000026   Code   RO        12323    x$fpl$dfltu         fz_wm.l(dflt_clz.o)
    0x080135be   0x00000002   PAD
    0x080135c0   0x00000078   Code   RO        12329    x$fpl$dleqf         fz_wm.l(dleqf.o)
    0x08013638   0x00000154   Code   RO        12331    x$fpl$dmul          fz_wm.l(dmul.o)
    0x0801378c   0x0000009c   Code   RO        12506    x$fpl$dnaninf       fz_wm.l(dnaninf.o)
    0x08013828   0x0000000c   Code   RO        12508    x$fpl$dretinf       fz_wm.l(dretinf.o)
    0x08013834   0x0000006c   Code   RO        12333    x$fpl$drleqf        fz_wm.l(drleqf.o)
    0x080138a0   0x000000b4   Code   RO        12510    x$fpl$drnd          fz_wm.l(drnd.o)
    0x08013954   0x00000016   Code   RO        12304    x$fpl$drsb          fz_wm.l(daddsub_clz.o)
    0x0801396a   0x00000002   PAD
    0x0801396c   0x00000198   Code   RO        12512    x$fpl$dsqrt         fz_wm.l(dsqrt_umaal.o)
    0x08013b04   0x000001d4   Code   RO        12305    x$fpl$dsub          fz_wm.l(daddsub_clz.o)
    0x08013cd8   0x00000056   Code   RO        12335    x$fpl$f2d           fz_wm.l(f2d.o)
    0x08013d2e   0x0000008c   Code   RO        12514    x$fpl$fnaninf       fz_wm.l(fnaninf.o)
    0x08013dba   0x0000000a   Code   RO        12780    x$fpl$fpinit        fz_wm.l(fpinit.o)
    0x08013dc4   0x0000000a   Code   RO        12516    x$fpl$fretinf       fz_wm.l(fretinf.o)
    0x08013dce   0x00000004   Code   RO        12337    x$fpl$printf1       fz_wm.l(printf1.o)
    0x08013dd2   0x00000064   Code   RO        12782    x$fpl$retnan        fz_wm.l(retnan.o)
    0x08013e36   0x0000005c   Code   RO        12518    x$fpl$scalbn        fz_wm.l(scalbn.o)
    0x08013e92   0x00000004   Code   RO        12728    x$fpl$scanf1        fz_wm.l(scanf1.o)
    0x08013e96   0x00000008   Code   RO        12803    x$fpl$scanf2        fz_wm.l(scanf2.o)
    0x08013e9e   0x00000030   Code   RO        12809    x$fpl$trapveneer    fz_wm.l(trapv.o)
    0x08013ece   0x00000000   Code   RO        12520    x$fpl$usenofp       fz_wm.l(usenofp.o)
    0x08013ece   0x00000014   Data   RO          662    .constdata          retarget.o
    0x08013ee2   0x00000002   PAD
    0x08013ee4   0x00000028   Data   RO          756    .constdata          rtx_conf_cm.o
    0x08013f0c   0x00000020   Data   RO          838    .constdata          file_config.o
    0x08013f2c   0x00000008   Data   RO         1003    .constdata          usb_config.o
    0x08013f34   0x00000010   Data   RO         5273    .constdata          stm32f4xx_hal_rcc.o
    0x08013f44   0x00000004   Data   RO        10132    .constdata          rt_system.o
    0x08013f48   0x00000030   Data   RO        10763    .constdata          fs_usbh_msc.o
    0x08013f78   0x00000027   Data   RO        11455    .constdata          jmp_motion.o
    0x08013f9f   0x00000001   PAD
    0x08013fa0   0x000004ac   Data   RO        12087    .constdata          FS_CM3.lib(fs_fat.o)
    0x0801444c   0x00000004   PAD
    0x08014450   0x00000088   Data   RO        12366    .constdata          m_wm.l(pow.o)
    0x080144d8   0x00000008   Data   RO        12539    .constdata          m_wm.l(qnan.o)
    0x080144e0   0x00000094   Data   RO        12606    .constdata          c_w.l(bigflt0.o)
    0x08014574   0x0000011a   Data   RO        10855    .conststring        app_usb.o
    0x0801468e   0x00000002   PAD
    0x08014690   0x00000020   Data   RO        12875    Region$$Table       anon$$obj.o
    0x080146b0   0x00000008   Data   RO        12800    c$$dinf             fz_wm.l(fpconst.o)
    0x080146b8   0x0000001c   Data   RO        12650    locale$$data        c_w.l(lc_numeric_c.o)
    0x080146d4   0x00000110   Data   RO        12752    locale$$data        c_w.l(lc_ctype_c.o)


    Execution Region RW_IRAM1 (Base: 0x20000000, Size: 0x0001d5b8, Max: 0x00020000, ABSOLUTE, COMPRESSED[0x00000124])

    Base Addr    Size         Type   Attr      Idx    E Section Name        Object

    0x20000000   0x00000008   Data   RW            9    .data               main.o
    0x20000008   0x00000004   Data   RW          523    .data               system_stm32f4xx.o
    0x2000000c   0x00000008   Data   RW          757    .data               rtx_conf_cm.o
    0x20000014   0x00000018   Data   RW         1004    .data               usb_config.o
    0x2000002c   0x00000004   Data   RW         1080    .data               stm32f4xx_hal.o
    0x20000030   0x00000002   Data   RW         9534    .data               bsp_uart.o
    0x20000032   0x00000002   Data   RW         9626    .data               w25qxx.o
    0x20000034   0x00000003   Data   RW         9737    .data               bsp_timer.o
    0x20000037   0x00000001   PAD
    0x20000038   0x00000008   Data   RW        10066    .data               rt_robin.o
    0x20000040   0x00000007   Data   RW        10133    .data               rt_system.o
    0x20000047   0x00000001   PAD
    0x20000048   0x00000008   Data   RW        10218    .data               rt_task.o
    0x20000050   0x00000004   Data   RW        10294    .data               rt_time.o
    0x20000054   0x00000008   Data   RW        10326    .data               rt_timer.o
    0x2000005c   0x00000118   Data   RW        10449    .data               usbh_stm32f40x.o
    0x20000174   0x00000002   Data   RW        10764    .data               fs_usbh_msc.o
    0x20000176   0x00000002   PAD
    0x20000178   0x00000010   Data   RW        10856    .data               app_usb.o
    0x20000188   0x00000004   Data   RW        10930    .data               jmp_command_execution.o
    0x2000018c   0x00000010   Data   RW        11035    .data               jmp_gcode_analysis.o
    0x2000019c   0x00000014   Data   RW        11171    .data               jmp_storage_read.o
    0x200001b0   0x0000003c   Data   RW        11293    .data               jmp_gui.o
    0x200001ec   0x00000054   Data   RW        11456    .data               jmp_motion.o
    0x20000240   0x0000005c   Data   RW        11548    .data               planner.o
    0x2000029c   0x00000042   Data   RW        11707    .data               stepper.o
    0x200002de   0x00000002   PAD
    0x200002e0   0x00000018   Data   RW        11902    .data               USB_CM3.lib(usbh_msc.o)
    0x200002f8   0x00000001   Data   RW        11968    .data               FS_CM3.lib(fs_mapi.o)
    0x200002f9   0x00000003   PAD
    0x200002fc   0x00000010   Data   RW        11994    .data               USB_CM3.lib(usbh_mem.o)
    0x2000030c   0x00000004   Data   RW        12263    .data               c_w.l(streamlock.o)
    0x20000310   0x00000004   Data   RW        12277    .data               c_w.l(strtok.o)
    0x20000314   0x00000004   Data   RW        12493    .data               c_w.l(stdio_streams.o)
    0x20000318   0x00000004   Data   RW        12494    .data               c_w.l(stdio_streams.o)
    0x2000031c   0x00000004   Data   RW        12495    .data               c_w.l(stdio_streams.o)
    0x20000320   0x00000700   Zero   RW            8    .bss                main.o
    0x20000a20   0x00006d64   Zero   RW          755    .bss                rtx_conf_cm.o
    0x20007784   0x00005b28   Zero   RW          837    .bss                file_config.o
    0x2000d2ac   0x000000b8   Zero   RW         1002    .bss                usb_config.o
    0x2000d364   0x0000003c   Zero   RW         9237    .bss                tmdelay.o
    0x2000d3a0   0x00000058   Zero   RW         9481    .bss                bsp_spi.o
    0x2000d3f8   0x00000080   Zero   RW         9533    .bss                bsp_uart.o
    0x2000d478   0x000000b4   Zero   RW         9736    .bss                bsp_timer.o
    0x2000d52c   0x00000030   Zero   RW         9884    .bss                rt_list.o
    0x2000d55c   0x00000038   Zero   RW        10217    .bss                rt_task.o
    0x2000d594   0x00000548   Zero   RW        10448    .bss                usbh_stm32f40x.o
    0x2000dadc   0x00000004   PAD
    0x2000dae0   0x00000890   Zero   RW        10929    .bss                jmp_command_execution.o
    0x2000e370   0x000009a4   Zero   RW        11034    .bss                jmp_gcode_analysis.o
    0x2000ed14   0x00000004   PAD
    0x2000ed18   0x000008c8   Zero   RW        11170    .bss                jmp_storage_read.o
    0x2000f5e0   0x00000178   Zero   RW        11228    .bss                jmp_param_state.o
    0x2000f758   0x00004a0c   Zero   RW        11292    .bss                jmp_gui.o
    0x20014164   0x00000004   PAD
    0x20014168   0x00000628   Zero   RW        11454    .bss                jmp_motion.o
    0x20014790   0x00000ab0   Zero   RW        11547    .bss                planner.o
    0x20015240   0x0000001c   Zero   RW        11706    .bss                stepper.o
    0x2001525c   0x00000060   Zero   RW        12216    .bss                c_w.l(libspace.o)
    0x200152bc   0x00000054   Zero   RW        12490    .bss                c_w.l(stdio_streams.o)
    0x20015310   0x00000054   Zero   RW        12491    .bss                c_w.l(stdio_streams.o)
    0x20015364   0x00000054   Zero   RW        12492    .bss                c_w.l(stdio_streams.o)
    0x200153b8   0x00000200   Zero   RW         1050    HEAP                startup_stm32f446xx.o
    0x200155b8   0x00008000   Zero   RW         1049    STACK               startup_stm32f446xx.o


==============================================================================

Image component sizes


      Code (inc. data)   RO Data    RW Data    ZI Data      Debug   Object Name

       248         82        282         16          0       1793   app_usb.o
      1912        154          0          0          0      13525   bsp_gpio.o
       404         34          0          0         88       2885   bsp_spi.o
       504         90          0          3        180       6711   bsp_timer.o
       734         94          0          2        128       6392   bsp_uart.o
       134         20         32          0      23336      18277   file_config.o
       484          8         48          2          0      12220   fs_usbh_msc.o
       496         36          0          0          0       1572   hal_cm4.o
      1250        182          0          4       2192       9509   jmp_command_execution.o
      1144        134          0         16       2468      12043   jmp_gcode_analysis.o
      4584        460          0         60      18956      19661   jmp_gui.o
      3588        170         39         84       1576       6768   jmp_motion.o
       174         54          0          0        376       3129   jmp_param_state.o
       776        108          0         20       2248       4946   jmp_storage_read.o
       240         56          0          8       1792     405194   main.o
      6060        302          0         92       2736      18260   planner.o
       330         24         20          0          0       7521   retarget.o
        88          4          0          0          0       2601   rt_event.o
       642         34          0          0         48       8833   rt_list.o
       216          4          0          0          0        761   rt_mailbox.o
       154          0          0          0          0       2173   rt_membox.o
       466         14          0          0          0       2289   rt_mutex.o
       112         22          0          8          0       1290   rt_robin.o
       236         16          0          0          0       3242   rt_semaphore.o
       614         96          4          7          0       5552   rt_system.o
       784        126          0          8         56       5988   rt_task.o
        14          0          0          4          0        784   rt_time.o
        76         10          0          8          0        807   rt_timer.o
       150         32         40          8      28004      12645   rtx_conf_cm.o
        64         26        452          0      33280        832   startup_stm32f446xx.o
      2160        232          0         66         28       7412   stepper.o
       108         12          0          4          0       2945   stm32f4xx_hal.o
       298         22          0          0          0      30623   stm32f4xx_hal_cortex.o
       524         40          0          0          0       2911   stm32f4xx_hal_gpio.o
         2          0          0          0          0       1678   stm32f4xx_hal_msp.o
       164         12          0          0          0       1192   stm32f4xx_hal_pwr_ex.o
       564         38         16          0          0       3481   stm32f4xx_hal_rcc.o
      1404         36          0          0          0       2466   stm32f4xx_hal_rcc_ex.o
       744          0          0          0          0       3821   stm32f4xx_hal_spi.o
       810         44          0          0          0       6547   stm32f4xx_hal_tim.o
         4          0          0          0          0       1450   stm32f4xx_hal_tim_ex.o
      2188          8          0          0          0       8947   stm32f4xx_hal_uart.o
        20          0          0          0          0       2721   stm32f4xx_it.o
         4          4          0          0          0        220   svc_table.o
       100         18          0          4          0       1053   system_stm32f4xx.o
        84         12          0          0         60       1066   tmdelay.o
       184          8          0          0          0       1227   tmsys.o
         0          0          8         24        184      14091   usb_config.o
      6438        270          0        280       1352     354966   usbh_stm32f40x.o
       308         38          0          2          0       2374   w25qxx.o

    ----------------------------------------------------------------------
     42824       3186        978        736     119100    1049394   Object Totals
         0          0         32          0          0          0   (incl. Generated)
        38          0          5          6         12          0   (incl. Padding)

    ----------------------------------------------------------------------

      Code (inc. data)   RO Data    RW Data    ZI Data      Debug   Library Member Name

      8172         86       1196          0          0       4720   fs_fat.o
       418         44          0          0          0        548   fs_lib.o
       894         48          0          1          0        360   fs_mapi.o
       616         50          0          0          0        488   fs_sys.o
        14          4          0          0          0        136   fs_time.o
      2972        152          0          0          0       1748   usbh_core.o
       192         18          0         16          0        232   usbh_mem.o
      4030        246          0         24          0       1696   usbh_msc.o
        90          0          0          0          0          0   __dczerorl2.o
         8          0          0          0          0         68   __main.o
       104          0          0          0          0         84   __printf.o
        14          0          0          0          0         68   __printf_wp.o
         0          0          0          0          0          0   __rtentry.o
        12          0          0          0          0          0   __rtentry2.o
         6          0          0          0          0          0   __rtentry4.o
        52          8          0          0          0          0   __scatter.o
        28          0          0          0          0          0   __scatter_zi.o
        28          0          0          0          0         68   _chval.o
        44          0          0          0          0        108   _printf_char.o
        48          6          0          0          0         96   _printf_char_common.o
        36          4          0          0          0         80   _printf_char_file.o
         6          0          0          0          0          0   _printf_f.o
      1050          0          0          0          0        216   _printf_fp_dec.o
       128         16          0          0          0         84   _printf_fp_infnan.o
         0          0          0          0          0          0   _printf_percent.o
         4          0          0          0          0          0   _printf_percent_end.o
         6          0          0          0          0          0   _printf_s.o
        82          0          0          0          0         80   _printf_str.o
        22          0          0          0          0        100   _rserrno.o
        64          0          0          0          0         84   _sgetc.o
       158          0          0          0          0         92   _strtoul.o
        26          0          0          0          0         80   atoi.o
       220          4        148          0          0         96   bigflt0.o
      2074        132          0          0          0        940   btod.o
        10          0          0          0          0         68   defsig_exit.o
        50          0          0          0          0         88   defsig_general.o
        80         58          0          0          0         76   defsig_rtmem_inner.o
        14          0          0          0          0         80   defsig_rtmem_outer.o
        52         38          0          0          0         76   defsig_rtred_inner.o
        14          0          0          0          0         80   defsig_rtred_outer.o
        18          0          0          0          0         80   exit.o
        76          0          0          0          0         88   fclose.o
        52          6          0          0          0         80   fclose_locked.o
        30          0          0          0          0         80   ferror_locked.o
       144         10          0          0          0        128   fflush_locked.o
        24          0          0          0          0         68   fgetc.o
        32          0          0          0          0         80   fgetc_locked.o
       570          0          0          0          0        132   filbuf.o
        92          8          0          0          0         88   flushlinebuffered_locked.o
       324          8          0          0          0        152   fopen_locked.o
       306          0          0          0          0         96   freadfast_locked.o
       248          6          0          0          0         84   fseek.o
        44          0          0          0          0         84   fseek_locked.o
        66          0          0          0          0         76   ftell.o
       158          0          0          0          0        128   h1_alloc_mt.o
        62          0          0          0          0         80   h1_extend_mt.o
       118          0          0          0          0        108   h1_free_mt.o
        18          0          0          0          0         84   h1_init_mt.o
         6          0          0          0          0        152   heapauxi.o
         4          0          0          0          0        136   hguard.o
       138          0          0          0          0        168   init_alloc.o
       456         48          0          0          0        116   initio_locked.o
        18          0          0          0          0         76   isspace.o
        44         10        272          0          0         76   lc_ctype_c.o
        44         10         28          0          0         76   lc_numeric_c.o
         2          0          0          0          0          0   libinit.o
        46          0          0          0          0          0   libinit2.o
         2          0          0          0          0          0   libshutdown.o
         6          0          0          0          0          0   libshutdown2.o
         8          4          0          0         96         68   libspace.o
        38          0          0          0          0         68   llshl.o
       138          0          0          0          0         80   lludiv10.o
         0          0          0          0          0          0   maybetermalloc1.o
        24          4          0          0          0         84   noretval__2printf.o
        16          4          0          0          0         76   rt_ctype_table.o
         4          0          0          0          0         68   rt_errno_addr_twolibspace.o
        10          0          0          0          0         76   rt_heap_descriptor_twolibspace.o
        10          0          0          0          0         76   rt_locale_twolibspace.o
        68          0          0          0          0         68   rt_memclr.o
        78          0          0          0          0         80   rt_memclr_w.o
       138          0          0          0          0         68   rt_memcpy_v6.o
       100          0          0          0          0         80   rt_memcpy_w.o
         2          0          0          0          0          0   rtexit.o
        10          0          0          0          0          0   rtexit2.o
      1188         12          0          0          0        148   scanf_fp.o
       800         14          0          0          0        100   scanf_hexfp.o
       308         16          0          0          0        100   scanf_infnan.o
       104          0          0          0          0         88   setvbuf_locked.o
       240          6          0          0          0        156   stdio.o
         0          0          0         12        252          0   stdio_streams.o
       128          0          0          0          0         68   strcmpv7m.o
        72          0          0          0          0         80   strcpy.o
        32          0          0          0          0         80   strcspn.o
         0          0          0          4          0          0   streamlock.o
        62          0          0          0          0         76   strlen.o
        50          0          0          0          0         84   strncasecmp.o
        28          0          0          0          0         80   strspn.o
       164         14          0          0          0        120   strtod.o
        12          6          0          4          0         68   strtok.o
        68          4          0          0          0         84   strtok_int.o
       112          0          0          0          0         88   strtol.o
        74          0          0          0          0         80   sys_stackheap_outer.o
        26          0          0          0          0         76   tolower.o
         2          0          0          0          0         68   use_no_semi.o
        24          0          0          0          0        164   basic.o
        98          4          0          0          0        140   d2f.o
       826         16          0          0          0        492   daddsub_clz.o
        16          4          0          0          0        116   dcheck1.o
        24          0          0          0          0        116   dcmpi.o
       688        140          0          0          0        256   ddiv.o
       120          4          0          0          0        140   deqf.o
        94          4          0          0          0        140   dfix.o
        90          4          0          0          0        140   dfixu.o
        84          0          0          0          0        232   dflt_clz.o
       120          4          0          0          0        140   dleqf.o
       340         12          0          0          0        152   dmul.o
       156          4          0          0          0        140   dnaninf.o
        12          0          0          0          0        116   dretinf.o
       108          0          0          0          0        128   drleqf.o
       180          4          0          0          0        128   drnd.o
       408         56          0          0          0        168   dsqrt_umaal.o
        86          4          0          0          0        132   f2d.o
       140          4          0          0          0        132   fnaninf.o
         0          0          8          0          0          0   fpconst.o
        10          0          0          0          0        116   fpinit.o
        10          0          0          0          0        116   fretinf.o
         4          0          0          0          0        116   printf1.o
       100          0          0          0          0        116   retnan.o
        92          0          0          0          0        116   scalbn.o
         4          0          0          0          0        116   scanf1.o
         8          0          0          0          0        132   scanf2.o
        48          0          0          0          0        116   trapv.o
         0          0          0          0          0          0   usenofp.o
        56         12          0          0          0        132   atof.o
       280         28          0          0          0        156   ceil.o
       164         44          0          0          0        620   dunder.o
        44          0          0          0          0        248   fabs.o
       280         28          0          0          0        156   floor.o
        48          0          0          0          0        124   fpclassify.o
       140         22          0          0          0        132   frexp.o
       228          8          0          0          0        308   ldexp.o
       184         18          0          0          0        152   narrow.o
       248          0          0          0          0        152   poly.o
      3152        296        136          0          0        352   pow.o
         0          0          8          0          0          0   qnan.o
       224         30          0          0          0        172   round.o
       232          0          0          0          0        296   sqrt.o

    ----------------------------------------------------------------------
     38338       1856       1800         64        348      24908   Library Totals
        68          2          4          3          0          0   (incl. Padding)

    ----------------------------------------------------------------------

      Code (inc. data)   RO Data    RW Data    ZI Data      Debug   Library Name

     10114        232       1196          1          0       6252   FS_CM3.lib
      7194        416          0         40          0       3676   USB_CM3.lib
     11792        456        448         20        348       7864   c_w.l
      3890        264          8          0          0       4116   fz_wm.l
      5280        486        144          0          0       3000   m_wm.l

    ----------------------------------------------------------------------
     38338       1856       1800         64        348      24908   Library Totals

    ----------------------------------------------------------------------

==============================================================================


      Code (inc. data)   RO Data    RW Data    ZI Data      Debug   

     81162       5042       2778        800     119448    1024046   Grand Totals
     81162       5042       2778        292     119448    1024046   ELF Image Totals (compressed)
     81162       5042       2778        292          0          0   ROM Totals

==============================================================================

    Total RO  Size (Code + RO Data)                83940 (  81.97kB)
    Total RW  Size (RW Data + ZI Data)            120248 ( 117.43kB)
    Total ROM Size (Code + RO Data + RW Data)      84232 (  82.26kB)

==============================================================================

